Archive member included to satisfy reference by file (symbol)

d:/ac6/systemworkbench/plugins/fr.ac6.mcu.externaltools.arm-none.win32_1.17.0.201812190825/tools/compiler/bin/../lib/gcc/arm-none-eabi/7.3.1/thumb/v7e-m/fpv4-sp/hard\libgcc.a(_arm_addsubdf3.o)
                              src/tm_stm32f4_timer_properties.o (__aeabi_ui2d)
d:/ac6/systemworkbench/plugins/fr.ac6.mcu.externaltools.arm-none.win32_1.17.0.201812190825/tools/compiler/bin/../lib/gcc/arm-none-eabi/7.3.1/thumb/v7e-m/fpv4-sp/hard\libgcc.a(_arm_muldivdf3.o)
                              src/tm_stm32f4_timer_properties.o (__aeabi_ddiv)
d:/ac6/systemworkbench/plugins/fr.ac6.mcu.externaltools.arm-none.win32_1.17.0.201812190825/tools/compiler/bin/../lib/gcc/arm-none-eabi/7.3.1/thumb/v7e-m/fpv4-sp/hard\libgcc.a(_arm_cmpdf2.o)
                              src/tm_stm32f4_timer_properties.o (__aeabi_dcmpeq)
d:/ac6/systemworkbench/plugins/fr.ac6.mcu.externaltools.arm-none.win32_1.17.0.201812190825/tools/compiler/bin/../lib/gcc/arm-none-eabi/7.3.1/thumb/v7e-m/fpv4-sp/hard\libgcc.a(_arm_fixunsdfsi.o)
                              src/tm_stm32f4_timer_properties.o (__aeabi_d2uiz)
d:/ac6/systemworkbench/plugins/fr.ac6.mcu.externaltools.arm-none.win32_1.17.0.201812190825/tools/compiler/bin/../lib/gcc/arm-none-eabi/7.3.1/../../../../arm-none-eabi/lib/thumb/v7e-m/fpv4-sp/hard\libc.a(lib_a-errno.o)
                              src/syscalls.o (__errno)
d:/ac6/systemworkbench/plugins/fr.ac6.mcu.externaltools.arm-none.win32_1.17.0.201812190825/tools/compiler/bin/../lib/gcc/arm-none-eabi/7.3.1/../../../../arm-none-eabi/lib/thumb/v7e-m/fpv4-sp/hard\libc.a(lib_a-exit.o)
                              d:/ac6/systemworkbench/plugins/fr.ac6.mcu.externaltools.arm-none.win32_1.17.0.201812190825/tools/compiler/bin/../lib/gcc/arm-none-eabi/7.3.1/../../../../arm-none-eabi/lib/thumb/v7e-m/fpv4-sp/hard/crt0.o (exit)
d:/ac6/systemworkbench/plugins/fr.ac6.mcu.externaltools.arm-none.win32_1.17.0.201812190825/tools/compiler/bin/../lib/gcc/arm-none-eabi/7.3.1/../../../../arm-none-eabi/lib/thumb/v7e-m/fpv4-sp/hard\libc.a(lib_a-impure.o)
                              d:/ac6/systemworkbench/plugins/fr.ac6.mcu.externaltools.arm-none.win32_1.17.0.201812190825/tools/compiler/bin/../lib/gcc/arm-none-eabi/7.3.1/../../../../arm-none-eabi/lib/thumb/v7e-m/fpv4-sp/hard\libc.a(lib_a-exit.o) (_global_impure_ptr)
d:/ac6/systemworkbench/plugins/fr.ac6.mcu.externaltools.arm-none.win32_1.17.0.201812190825/tools/compiler/bin/../lib/gcc/arm-none-eabi/7.3.1/../../../../arm-none-eabi/lib/thumb/v7e-m/fpv4-sp/hard\libc.a(lib_a-init.o)
                              d:/ac6/systemworkbench/plugins/fr.ac6.mcu.externaltools.arm-none.win32_1.17.0.201812190825/tools/compiler/bin/../lib/gcc/arm-none-eabi/7.3.1/../../../../arm-none-eabi/lib/thumb/v7e-m/fpv4-sp/hard/crt0.o (__libc_init_array)
d:/ac6/systemworkbench/plugins/fr.ac6.mcu.externaltools.arm-none.win32_1.17.0.201812190825/tools/compiler/bin/../lib/gcc/arm-none-eabi/7.3.1/../../../../arm-none-eabi/lib/thumb/v7e-m/fpv4-sp/hard\libc.a(lib_a-malloc.o)
                              src/tm_stm32f4_delay.o (malloc)
d:/ac6/systemworkbench/plugins/fr.ac6.mcu.externaltools.arm-none.win32_1.17.0.201812190825/tools/compiler/bin/../lib/gcc/arm-none-eabi/7.3.1/../../../../arm-none-eabi/lib/thumb/v7e-m/fpv4-sp/hard\libc.a(lib_a-mallocr.o)
                              d:/ac6/systemworkbench/plugins/fr.ac6.mcu.externaltools.arm-none.win32_1.17.0.201812190825/tools/compiler/bin/../lib/gcc/arm-none-eabi/7.3.1/../../../../arm-none-eabi/lib/thumb/v7e-m/fpv4-sp/hard\libc.a(lib_a-malloc.o) (_malloc_r)
d:/ac6/systemworkbench/plugins/fr.ac6.mcu.externaltools.arm-none.win32_1.17.0.201812190825/tools/compiler/bin/../lib/gcc/arm-none-eabi/7.3.1/../../../../arm-none-eabi/lib/thumb/v7e-m/fpv4-sp/hard\libc.a(lib_a-memset.o)
                              d:/ac6/systemworkbench/plugins/fr.ac6.mcu.externaltools.arm-none.win32_1.17.0.201812190825/tools/compiler/bin/../lib/gcc/arm-none-eabi/7.3.1/../../../../arm-none-eabi/lib/thumb/v7e-m/fpv4-sp/hard/crt0.o (memset)
d:/ac6/systemworkbench/plugins/fr.ac6.mcu.externaltools.arm-none.win32_1.17.0.201812190825/tools/compiler/bin/../lib/gcc/arm-none-eabi/7.3.1/../../../../arm-none-eabi/lib/thumb/v7e-m/fpv4-sp/hard\libc.a(lib_a-mlock.o)
                              d:/ac6/systemworkbench/plugins/fr.ac6.mcu.externaltools.arm-none.win32_1.17.0.201812190825/tools/compiler/bin/../lib/gcc/arm-none-eabi/7.3.1/../../../../arm-none-eabi/lib/thumb/v7e-m/fpv4-sp/hard\libc.a(lib_a-mallocr.o) (__malloc_lock)
d:/ac6/systemworkbench/plugins/fr.ac6.mcu.externaltools.arm-none.win32_1.17.0.201812190825/tools/compiler/bin/../lib/gcc/arm-none-eabi/7.3.1/../../../../arm-none-eabi/lib/thumb/v7e-m/fpv4-sp/hard\libc.a(lib_a-rand.o)
                              src/main.o (rand)
[...]
Memory Configuration

Name             Origin             Length             Attributes
RAM              0x20000000         0x00020000         xrw
ROM              0x08000000         0x00080000         xr
*default*        0x00000000         0xffffffff

Linker script and memory map

LOAD d:/ac6/systemworkbench/plugins/fr.ac6.mcu.externaltools.arm-none.win32_1.17.0.201812190825/tools/compiler/bin/../lib/gcc/arm-none-eabi/7.3.1/thumb/v7e-m/fpv4-sp/hard/crti.o
LOAD d:/ac6/systemworkbench/plugins/fr.ac6.mcu.externaltools.arm-none.win32_1.17.0.201812190825/tools/compiler/bin/../lib/gcc/arm-none-eabi/7.3.1/thumb/v7e-m/fpv4-sp/hard/crtbegin.o
LOAD d:/ac6/systemworkbench/plugins/fr.ac6.mcu.externaltools.arm-none.win32_1.17.0.201812190825/tools/compiler/bin/../lib/gcc/arm-none-eabi/7.3.1/../../../../arm-none-eabi/lib/thumb/v7e-m/fpv4-sp/hard/crt0.o
LOAD StdPeriph_Driver/src/misc.o
LOAD StdPeriph_Driver/src/stm32f4xx_adc.o
LOAD StdPeriph_Driver/src/stm32f4xx_can.o
LOAD StdPeriph_Driver/src/stm32f4xx_cec.o
LOAD StdPeriph_Driver/src/stm32f4xx_crc.o
LOAD StdPeriph_Driver/src/stm32f4xx_cryp.o
LOAD StdPeriph_Driver/src/stm32f4xx_cryp_aes.o
LOAD StdPeriph_Driver/src/stm32f4xx_cryp_des.o
LOAD StdPeriph_Driver/src/stm32f4xx_cryp_tdes.o
LOAD StdPeriph_Driver/src/stm32f4xx_dac.o
LOAD StdPeriph_Driver/src/stm32f4xx_dbgmcu.o
LOAD StdPeriph_Driver/src/stm32f4xx_dcmi.o
LOAD StdPeriph_Driver/src/stm32f4xx_dfsdm.o
LOAD StdPeriph_Driver/src/stm32f4xx_dma.o
LOAD StdPeriph_Driver/src/stm32f4xx_dma2d.o
LOAD StdPeriph_Driver/src/stm32f4xx_dsi.o
LOAD StdPeriph_Driver/src/stm32f4xx_exti.o
LOAD StdPeriph_Driver/src/stm32f4xx_flash.o
LOAD StdPeriph_Driver/src/stm32f4xx_flash_ramfunc.o
LOAD StdPeriph_Driver/src/stm32f4xx_fmc.o
LOAD StdPeriph_Driver/src/stm32f4xx_fmip2c.o
LOAD StdPeriph_Driver/src/stm32f4xx_fsmc.o
LOAD StdPeriph_Driver/src/stm32f4xx_gpio.o
LOAD StdPeriph_Driver/src/stm32f4xx_hash.o
LOAD StdPeriph_Driver/src/stm32f4xx_hash_md5.o
LOAD StdPeriph_Driver/src/stm32f4xx_hash_sha1.o
LOAD StdPeriph_Driver/src/stm32f4xx_i2c.o
LOAD StdPeriph_Driver/src/stm32f4xx_iwdg.o
LOAD StdPeriph_Driver/src/stm32f4xx_lptim.o
LOAD StdPeriph_Driver/src/stm32f4xx_ltdc.o
LOAD StdPeriph_Driver/src/stm32f4xx_pwr.o
LOAD StdPeriph_Driver/src/stm32f4xx_qspi.o
LOAD StdPeriph_Driver/src/stm32f4xx_rcc.o
LOAD StdPeriph_Driver/src/stm32f4xx_rng.o
LOAD StdPeriph_Driver/src/stm32f4xx_rtc.o
LOAD StdPeriph_Driver/src/stm32f4xx_sai.o
LOAD StdPeriph_Driver/src/stm32f4xx_sdio.o
LOAD StdPeriph_Driver/src/stm32f4xx_spdifrx.o
LOAD StdPeriph_Driver/src/stm32f4xx_spi.o
LOAD StdPeriph_Driver/src/stm32f4xx_syscfg.o
LOAD StdPeriph_Driver/src/stm32f4xx_tim.o
LOAD StdPeriph_Driver/src/stm32f4xx_usart.o
LOAD StdPeriph_Driver/src/stm32f4xx_wwdg.o
LOAD src/main.o
LOAD src/syscalls.o
LOAD src/system_stm32f4xx.o
LOAD src/tm_stm32f4_delay.o
LOAD src/tm_stm32f4_gpio.o
LOAD src/tm_stm32f4_hd44780.o
LOAD src/tm_stm32f4_timer_properties.o
LOAD startup/startup_stm32.o
LOAD d:/ac6/systemworkbench/plugins/fr.ac6.mcu.externaltools.arm-none.win32_1.17.0.201812190825/tools/compiler/bin/../lib/gcc/arm-none-eabi/7.3.1/../../../../arm-none-eabi/lib/thumb/v7e-m/fpv4-sp/hard\libm.a
START GROUP
LOAD d:/ac6/systemworkbench/plugins/fr.ac6.mcu.externaltools.arm-none.win32_1.17.0.201812190825/tools/compiler/bin/../lib/gcc/arm-none-eabi/7.3.1/thumb/v7e-m/fpv4-sp/hard\libgcc.a
LOAD d:/ac6/systemworkbench/plugins/fr.ac6.mcu.externaltools.arm-none.win32_1.17.0.201812190825/tools/compiler/bin/../lib/gcc/arm-none-eabi/7.3.1/../../../../arm-none-eabi/lib/thumb/v7e-m/fpv4-sp/hard\libc.a
END GROUP
LOAD d:/ac6/systemworkbench/plugins/fr.ac6.mcu.externaltools.arm-none.win32_1.17.0.201812190825/tools/compiler/bin/../lib/gcc/arm-none-eabi/7.3.1/thumb/v7e-m/fpv4-sp/hard/crtend.o
LOAD d:/ac6/systemworkbench/plugins/fr.ac6.mcu.externaltools.arm-none.win32_1.17.0.201812190825/tools/compiler/bin/../lib/gcc/arm-none-eabi/7.3.1/thumb/v7e-m/fpv4-sp/hard/crtn.o
                0x20020000                _estack = 0x20020000
                0x00000000                _Min_Heap_Size = 0x0
                0x00000400                _Min_Stack_Size = 0x400

.isr_vector     0x08000000      0x198
                0x08000000                . = ALIGN (0x4)
 *(.isr_vector)
 .isr_vector    0x08000000      0x198 startup/startup_stm32.o
                0x08000000                g_pfnVectors
                0x08000198                . = ALIGN (0x4)

.text           0x08000198     0x15d4
                0x08000198                . = ALIGN (0x4)
 *(.text)
 .text          0x08000198       0x40 d:/ac6/systemworkbench/plugins/fr.ac6.mcu.externaltools.arm-none.win32_1.17.0.201812190825/tools/compiler/bin/../lib/gcc/arm-none-eabi/7.3.1/thumb/v7e-m/fpv4-sp/hard/crtbegin.o
 *(.text*)
 .text.Delayms  0x080001d8       0x58 src/main.o
 .text.preencher_vetor
                0x08000230       0x90 src/main.o
                0x08000230                preencher_vetor
 .text.step     0x080002c0       0x7c src/main.o
                0x080002c0                step
 .text.print_vetor
                0x0800033c       0x60 src/main.o
                0x0800033c                print_vetor
 .text.main     0x0800039c       0x8c src/main.o
                0x0800039c                main
 .text._sbrk    0x08000428       0x58 src/syscalls.o
                0x08000428                _sbrk
 .text.SystemInit
                0x08000480       0x6c src/system_stm32f4xx.o
                0x08000480                SystemInit
 .text.SetSysClock
                0x080004ec       0xa0 src/system_stm32f4xx.o
 .text.NVIC_SetPriority
                0x0800058c       0x54 src/tm_stm32f4_delay.o
 .text.SysTick_Config
                0x080005e0       0x44 src/tm_stm32f4_delay.o
 .text.SysTick_Handler
                0x08000624       0xf0 src/tm_stm32f4_delay.o
                0x08000624                SysTick_Handler
 .text.TM_DELAY_Init
                0x08000714       0x50 src/tm_stm32f4_delay.o
                0x08000714                TM_DELAY_Init
 .text.TM_GPIO_Init
                0x08000764       0x46 src/tm_stm32f4_gpio.o
                0x08000764                TM_GPIO_Init
 .text.TM_GPIO_GetPortSource
                0x080007aa       0x22 src/tm_stm32f4_gpio.o
                0x080007aa                TM_GPIO_GetPortSource
 .text.TM_GPIO_INT_EnableClock
                0x080007cc       0x30 src/tm_stm32f4_gpio.o
                0x080007cc                TM_GPIO_INT_EnableClock
 .text.TM_GPIO_INT_Init
                0x080007fc      0x10c src/tm_stm32f4_gpio.o
                0x080007fc                TM_GPIO_INT_Init
 .text.Delay    0x08000908       0x64 src/tm_stm32f4_hd44780.o
 .text.TM_HD44780_Init
                0x0800096c       0xd0 src/tm_stm32f4_hd44780.o
                0x0800096c                TM_HD44780_Init
 .text.TM_HD44780_Clear
                0x08000a3c       0x16 src/tm_stm32f4_hd44780.o
                0x08000a3c                TM_HD44780_Clear
 *fill*         0x08000a52        0x2 
 .text.TM_HD44780_DisplayOn
                0x08000a54       0x2c src/tm_stm32f4_hd44780.o
                0x08000a54                TM_HD44780_DisplayOn
 .text.TM_HD44780_CreateChar
                0x08000a80       0x50 src/tm_stm32f4_hd44780.o
                0x08000a80                TM_HD44780_CreateChar
 .text.TM_HD44780_PutCustom
                0x08000ad0       0x2e src/tm_stm32f4_hd44780.o
                0x08000ad0                TM_HD44780_PutCustom
 *fill*         0x08000afe        0x2 
 .text.TM_HD44780_Cmd
                0x08000b00       0x38 src/tm_stm32f4_hd44780.o
 .text.TM_HD44780_Data
                0x08000b38       0x38 src/tm_stm32f4_hd44780.o
 .text.TM_HD44780_Cmd4bit
                0x08000b70       0xa4 src/tm_stm32f4_hd44780.o
 .text.TM_HD44780_CursorSet
                0x08000c14       0x64 src/tm_stm32f4_hd44780.o
 .text.TM_HD44780_InitPins
                0x08000c78       0xc0 src/tm_stm32f4_hd44780.o
 .text.Reset_Handler
                0x08000d38       0x50 startup/startup_stm32.o
                0x08000d38                Reset_Handler
 .text.Default_Handler
                0x08000d88        0x2 startup/startup_stm32.o
                0x08000d88                RTC_Alarm_IRQHandler
                0x08000d88                EXTI2_IRQHandler
                0x08000d88                DebugMon_Handler
                0x08000d88                SPI4_IRQHandler
                0x08000d88                TIM1_CC_IRQHandler
                0x08000d88                DMA2_Stream5_IRQHandler
                0x08000d88                HardFault_Handler
                0x08000d88                DMA1_Stream5_IRQHandler
                0x08000d88                PVD_IRQHandler
                0x08000d88                SDIO_IRQHandler
                0x08000d88                TAMP_STAMP_IRQHandler
                0x08000d88                PendSV_Handler
                0x08000d88                NMI_Handler
                0x08000d88                EXTI3_IRQHandler
                0x08000d88                TIM1_UP_TIM10_IRQHandler
                0x08000d88                I2C3_ER_IRQHandler
                0x08000d88                EXTI0_IRQHandler
                0x08000d88                I2C2_EV_IRQHandler
                0x08000d88                DMA1_Stream2_IRQHandler
                0x08000d88                FPU_IRQHandler
                0x08000d88                UsageFault_Handler
                0x08000d88                DMA2_Stream2_IRQHandler
                0x08000d88                SPI1_IRQHandler
                0x08000d88                TIM1_BRK_TIM9_IRQHandler
                0x08000d88                DMA2_Stream3_IRQHandler
                0x08000d88                USART6_IRQHandler
                0x08000d88                DMA2_Stream0_IRQHandler
                0x08000d88                TIM4_IRQHandler
                0x08000d88                I2C1_EV_IRQHandler
                0x08000d88                DMA1_Stream6_IRQHandler
                0x08000d88                DMA1_Stream1_IRQHandler
                0x08000d88                TIM3_IRQHandler
                0x08000d88                RCC_IRQHandler
                0x08000d88                Default_Handler
                0x08000d88                EXTI15_10_IRQHandler
                0x08000d88                ADC_IRQHandler
                0x08000d88                DMA1_Stream7_IRQHandler
                0x08000d88                SPI5_IRQHandler
                0x08000d88                TIM5_IRQHandler
                0x08000d88                DMA2_Stream7_IRQHandler
                0x08000d88                I2C3_EV_IRQHandler
                0x08000d88                EXTI9_5_IRQHandler
                0x08000d88                RTC_WKUP_IRQHandler
                0x08000d88                SPI2_IRQHandler
                0x08000d88                MemManage_Handler
                0x08000d88                DMA1_Stream0_IRQHandler
                0x08000d88                SVC_Handler
                0x08000d88                EXTI4_IRQHandler
                0x08000d88                WWDG_IRQHandler
                0x08000d88                TIM2_IRQHandler
                0x08000d88                OTG_FS_WKUP_IRQHandler
                0x08000d88                TIM1_TRG_COM_TIM11_IRQHandler
                0x08000d88                EXTI1_IRQHandler
                0x08000d88                USART2_IRQHandler
                0x08000d88                I2C2_ER_IRQHandler
                0x08000d88                DMA2_Stream1_IRQHandler
                0x08000d88                FLASH_IRQHandler
                0x08000d88                DMA2_Stream4_IRQHandler
                0x08000d88                BusFault_Handler
                0x08000d88                USART1_IRQHandler
                0x08000d88                OTG_FS_IRQHandler
                0x08000d88                SPI3_IRQHandler
                0x08000d88                DMA1_Stream4_IRQHandler
                0x08000d88                I2C1_ER_IRQHandler
                0x08000d88                DMA2_Stream6_IRQHandler
                0x08000d88                DMA1_Stream3_IRQHandler
 *fill*         0x08000d8a        0x2 
 .text.__errno  0x08000d8c        0xc d:/ac6/systemworkbench/plugins/fr.ac6.mcu.externaltools.arm-none.win32_1.17.0.201812190825/tools/compiler/bin/../lib/gcc/arm-none-eabi/7.3.1/../../../../arm-none-eabi/lib/thumb/v7e-m/fpv4-sp/hard\libc.a(lib_a-errno.o)
                0x08000d8c                __errno
 .text.__libc_init_array
                0x08000d98       0x48 d:/ac6/systemworkbench/plugins/fr.ac6.mcu.externaltools.arm-none.win32_1.17.0.201812190825/tools/compiler/bin/../lib/gcc/arm-none-eabi/7.3.1/../../../../arm-none-eabi/lib/thumb/v7e-m/fpv4-sp/hard\libc.a(lib_a-init.o)
                0x08000d98                __libc_init_array
 .text.malloc   0x08000de0       0x10 d:/ac6/systemworkbench/plugins/fr.ac6.mcu.externaltools.arm-none.win32_1.17.0.201812190825/tools/compiler/bin/../lib/gcc/arm-none-eabi/7.3.1/../../../../arm-none-eabi/lib/thumb/v7e-m/fpv4-sp/hard\libc.a(lib_a-malloc.o)
                0x08000de0                malloc
 .text._malloc_r
                0x08000df0      0x548 d:/ac6/systemworkbench/plugins/fr.ac6.mcu.externaltools.arm-none.win32_1.17.0.201812190825/tools/compiler/bin/../lib/gcc/arm-none-eabi/7.3.1/../../../../arm-none-eabi/lib/thumb/v7e-m/fpv4-sp/hard\libc.a(lib_a-mallocr.o)
                0x08000df0                _malloc_r
 .text.__malloc_lock
                0x08001338        0xc d:/ac6/systemworkbench/plugins/fr.ac6.mcu.externaltools.arm-none.win32_1.17.0.201812190825/tools/compiler/bin/../lib/gcc/arm-none-eabi/7.3.1/../../../../arm-none-eabi/lib/thumb/v7e-m/fpv4-sp/hard\libc.a(lib_a-mlock.o)
                0x08001338                __malloc_lock
 .text.__malloc_unlock
                0x08001344        0xc d:/ac6/systemworkbench/plugins/fr.ac6.mcu.externaltools.arm-none.win32_1.17.0.201812190825/tools/compiler/bin/../lib/gcc/arm-none-eabi/7.3.1/../../../../arm-none-eabi/lib/thumb/v7e-m/fpv4-sp/hard\libc.a(lib_a-mlock.o)
                0x08001344                __malloc_unlock
 .text.rand     0x08001350       0x3c d:/ac6/systemworkbench/plugins/fr.ac6.mcu.externaltools.arm-none.win32_1.17.0.201812190825/tools/compiler/bin/../lib/gcc/arm-none-eabi/7.3.1/../../../../arm-none-eabi/lib/thumb/v7e-m/fpv4-sp/hard\libc.a(lib_a-rand.o)
                0x08001350                rand
 .text._sbrk_r  0x0800138c       0x24 d:/ac6/systemworkbench/plugins/fr.ac6.mcu.externaltools.arm-none.win32_1.17.0.201812190825/tools/compiler/bin/../lib/gcc/arm-none-eabi/7.3.1/../../../../arm-none-eabi/lib/thumb/v7e-m/fpv4-sp/hard\libc.a(lib_a-sbrkr.o)
                0x0800138c                _sbrk_r
 .text.startup.register_fini
                0x080013b0       0x14 d:/ac6/systemworkbench/plugins/fr.ac6.mcu.externaltools.arm-none.win32_1.17.0.201812190825/tools/compiler/bin/../lib/gcc/arm-none-eabi/7.3.1/../../../../arm-none-eabi/lib/thumb/v7e-m/fpv4-sp/hard\libc.a(lib_a-__call_atexit.o)
 .text.atexit   0x080013c4        0xc d:/ac6/systemworkbench/plugins/fr.ac6.mcu.externaltools.arm-none.win32_1.17.0.201812190825/tools/compiler/bin/../lib/gcc/arm-none-eabi/7.3.1/../../../../arm-none-eabi/lib/thumb/v7e-m/fpv4-sp/hard\libc.a(lib_a-atexit.o)
                0x080013c4                atexit
 .text.__libc_fini_array
                0x080013d0       0x34 d:/ac6/systemworkbench/plugins/fr.ac6.mcu.externaltools.arm-none.win32_1.17.0.201812190825/tools/compiler/bin/../lib/gcc/arm-none-eabi/7.3.1/../../../../arm-none-eabi/lib/thumb/v7e-m/fpv4-sp/hard\libc.a(lib_a-fini.o)
                0x080013d0                __libc_fini_array
 .text._malloc_trim_r
                0x08001404       0xa0 d:/ac6/systemworkbench/plugins/fr.ac6.mcu.externaltools.arm-none.win32_1.17.0.201812190825/tools/compiler/bin/../lib/gcc/arm-none-eabi/7.3.1/../../../../arm-none-eabi/lib/thumb/v7e-m/fpv4-sp/hard\libc.a(lib_a-freer.o)
                0x08001404                _malloc_trim_r
 .text._free_r  0x080014a4      0x1e8 d:/ac6/systemworkbench/plugins/fr.ac6.mcu.externaltools.arm-none.win32_1.17.0.201812190825/tools/compiler/bin/../lib/gcc/arm-none-eabi/7.3.1/../../../../arm-none-eabi/lib/thumb/v7e-m/fpv4-sp/hard\libc.a(lib_a-freer.o)
                0x080014a4                _free_r
 .text.__retarget_lock_acquire_recursive
                0x0800168c        0x4 d:/ac6/systemworkbench/plugins/fr.ac6.mcu.externaltools.arm-none.win32_1.17.0.201812190825/tools/compiler/bin/../lib/gcc/arm-none-eabi/7.3.1/../../../../arm-none-eabi/lib/thumb/v7e-m/fpv4-sp/hard\libc.a(lib_a-lock.o)
                0x0800168c                __retarget_lock_acquire_recursive
 .text.__retarget_lock_release_recursive
                0x08001690        0x4 d:/ac6/systemworkbench/plugins/fr.ac6.mcu.externaltools.arm-none.win32_1.17.0.201812190825/tools/compiler/bin/../lib/gcc/arm-none-eabi/7.3.1/../../../../arm-none-eabi/lib/thumb/v7e-m/fpv4-sp/hard\libc.a(lib_a-lock.o)
                0x08001690                __retarget_lock_release_recursive
 .text.__register_exitproc
                0x08001694       0xc0 d:/ac6/systemworkbench/plugins/fr.ac6.mcu.externaltools.arm-none.win32_1.17.0.201812190825/tools/compiler/bin/../lib/gcc/arm-none-eabi/7.3.1/../../../../arm-none-eabi/lib/thumb/v7e-m/fpv4-sp/hard\libc.a(lib_a-__atexit.o)
                0x08001694                __register_exitproc
 *(.glue_7)
 .glue_7        0x08001754        0x0 linker stubs
 *(.glue_7t)
 .glue_7t       0x08001754        0x0 linker stubs
 *(.eh_frame)
 .eh_frame      0x08001754        0x0 d:/ac6/systemworkbench/plugins/fr.ac6.mcu.externaltools.arm-none.win32_1.17.0.201812190825/tools/compiler/bin/../lib/gcc/arm-none-eabi/7.3.1/thumb/v7e-m/fpv4-sp/hard/crtbegin.o
 *(.init)
 .init          0x08001754        0x4 d:/ac6/systemworkbench/plugins/fr.ac6.mcu.externaltools.arm-none.win32_1.17.0.201812190825/tools/compiler/bin/../lib/gcc/arm-none-eabi/7.3.1/thumb/v7e-m/fpv4-sp/hard/crti.o
                0x08001754                _init
 .init          0x08001758        0x8 d:/ac6/systemworkbench/plugins/fr.ac6.mcu.externaltools.arm-none.win32_1.17.0.201812190825/tools/compiler/bin/../lib/gcc/arm-none-eabi/7.3.1/thumb/v7e-m/fpv4-sp/hard/crtn.o
 *(.fini)
 .fini          0x08001760        0x4 d:/ac6/systemworkbench/plugins/fr.ac6.mcu.externaltools.arm-none.win32_1.17.0.201812190825/tools/compiler/bin/../lib/gcc/arm-none-eabi/7.3.1/thumb/v7e-m/fpv4-sp/hard/crti.o
                0x08001760                _fini
 .fini          0x08001764        0x8 d:/ac6/systemworkbench/plugins/fr.ac6.mcu.externaltools.arm-none.win32_1.17.0.201812190825/tools/compiler/bin/../lib/gcc/arm-none-eabi/7.3.1/thumb/v7e-m/fpv4-sp/hard/crtn.o
                0x0800176c                . = ALIGN (0x4)
                0x0800176c                _etext = .

.vfp11_veneer   0x0800176c        0x0
 .vfp11_veneer  0x0800176c        0x0 linker stubs

.v4_bx          0x0800176c        0x0
 .v4_bx         0x0800176c        0x0 linker stubs

.iplt           0x0800176c        0x0
 .iplt          0x0800176c        0x0 d:/ac6/systemworkbench/plugins/fr.ac6.mcu.externaltools.arm-none.win32_1.17.0.201812190825/tools/compiler/bin/../lib/gcc/arm-none-eabi/7.3.1/thumb/v7e-m/fpv4-sp/hard/crtbegin.o

.rodata         0x0800176c       0x18
                0x0800176c                . = ALIGN (0x4)
 *(.rodata)
 .rodata        0x0800176c       0x10 src/main.o
 .rodata        0x0800177c        0x4 src/tm_stm32f4_hd44780.o
 *(.rodata*)
 .rodata._global_impure_ptr
                0x08001780        0x4 d:/ac6/systemworkbench/plugins/fr.ac6.mcu.externaltools.arm-none.win32_1.17.0.201812190825/tools/compiler/bin/../lib/gcc/arm-none-eabi/7.3.1/../../../../arm-none-eabi/lib/thumb/v7e-m/fpv4-sp/hard\libc.a(lib_a-impure.o)
                0x08001780                _global_impure_ptr
                0x08001784                . = ALIGN (0x4)

.rel.dyn        0x08001784        0x0
 .rel.iplt      0x08001784        0x0 d:/ac6/systemworkbench/plugins/fr.ac6.mcu.externaltools.arm-none.win32_1.17.0.201812190825/tools/compiler/bin/../lib/gcc/arm-none-eabi/7.3.1/thumb/v7e-m/fpv4-sp/hard/crtbegin.o

.ARM.extab      0x08001784        0x0
                0x08001784                . = ALIGN (0x4)
 *(.ARM.extab* .gnu.linkonce.armextab.*)
                0x08001784                . = ALIGN (0x4)

.ARM            0x08001784        0x0
                0x08001784                . = ALIGN (0x4)
                0x08001784                __exidx_start = .
 *(.ARM.exidx*)
                0x08001784                __exidx_end = .
                0x08001784                . = ALIGN (0x4)

.preinit_array  0x08001784        0x0
                0x08001784                . = ALIGN (0x4)
                0x08001784                PROVIDE (__preinit_array_start = .)
 *(.preinit_array*)
                0x08001784                PROVIDE (__preinit_array_end = .)
                0x08001784                . = ALIGN (0x4)

.init_array     0x08001784        0x8
                0x08001784                . = ALIGN (0x4)
                0x08001784                PROVIDE (__init_array_start = .)
 *(SORT_BY_NAME(.init_array.*))
 .init_array.00000
                0x08001784        0x4 d:/ac6/systemworkbench/plugins/fr.ac6.mcu.externaltools.arm-none.win32_1.17.0.201812190825/tools/compiler/bin/../lib/gcc/arm-none-eabi/7.3.1/../../../../arm-none-eabi/lib/thumb/v7e-m/fpv4-sp/hard\libc.a(lib_a-__call_atexit.o)
 *(.init_array*)
 .init_array    0x08001788        0x4 d:/ac6/systemworkbench/plugins/fr.ac6.mcu.externaltools.arm-none.win32_1.17.0.201812190825/tools/compiler/bin/../lib/gcc/arm-none-eabi/7.3.1/thumb/v7e-m/fpv4-sp/hard/crtbegin.o
                0x0800178c                PROVIDE (__init_array_end = .)
                0x0800178c                . = ALIGN (0x4)

.fini_array     0x0800178c        0x4
                0x0800178c                . = ALIGN (0x4)
                0x0800178c                PROVIDE (__fini_array_start = .)
 *(SORT_BY_NAME(.fini_array.*))
 *(.fini_array*)
 .fini_array    0x0800178c        0x4 d:/ac6/systemworkbench/plugins/fr.ac6.mcu.externaltools.arm-none.win32_1.17.0.201812190825/tools/compiler/bin/../lib/gcc/arm-none-eabi/7.3.1/thumb/v7e-m/fpv4-sp/hard/crtbegin.o
                0x08001790                PROVIDE (__fini_array_end = .)
                0x08001790                . = ALIGN (0x4)
                0x08001790                _sidata = LOADADDR (.data)

.data           0x20000000      0x854 load address 0x08001790
                0x20000000                . = ALIGN (0x4)
                0x20000000                _sdata = .
 *(.data)
 .data          0x20000000       0x14 src/system_stm32f4xx.o
                0x20000000                SystemCoreClock
                0x20000004                AHBPrescTable
 *(.data*)
 .data._impure_ptr
                0x20000014        0x4 d:/ac6/systemworkbench/plugins/fr.ac6.mcu.externaltools.arm-none.win32_1.17.0.201812190825/tools/compiler/bin/../lib/gcc/arm-none-eabi/7.3.1/../../../../arm-none-eabi/lib/thumb/v7e-m/fpv4-sp/hard\libc.a(lib_a-impure.o)
                0x20000014                _impure_ptr
 .data.impure_data
                0x20000018      0x428 d:/ac6/systemworkbench/plugins/fr.ac6.mcu.externaltools.arm-none.win32_1.17.0.201812190825/tools/compiler/bin/../lib/gcc/arm-none-eabi/7.3.1/../../../../arm-none-eabi/lib/thumb/v7e-m/fpv4-sp/hard\libc.a(lib_a-impure.o)
 .data.__malloc_av_
                0x20000440      0x408 d:/ac6/systemworkbench/plugins/fr.ac6.mcu.externaltools.arm-none.win32_1.17.0.201812190825/tools/compiler/bin/../lib/gcc/arm-none-eabi/7.3.1/../../../../arm-none-eabi/lib/thumb/v7e-m/fpv4-sp/hard\libc.a(lib_a-mallocr.o)
                0x20000440                __malloc_av_
 .data.__malloc_sbrk_base
                0x20000848        0x4 d:/ac6/systemworkbench/plugins/fr.ac6.mcu.externaltools.arm-none.win32_1.17.0.201812190825/tools/compiler/bin/../lib/gcc/arm-none-eabi/7.3.1/../../../../arm-none-eabi/lib/thumb/v7e-m/fpv4-sp/hard\libc.a(lib_a-mallocr.o)
                0x20000848                __malloc_sbrk_base
 .data.__malloc_trim_threshold
                0x2000084c        0x4 d:/ac6/systemworkbench/plugins/fr.ac6.mcu.externaltools.arm-none.win32_1.17.0.201812190825/tools/compiler/bin/../lib/gcc/arm-none-eabi/7.3.1/../../../../arm-none-eabi/lib/thumb/v7e-m/fpv4-sp/hard\libc.a(lib_a-mallocr.o)
                0x2000084c                __malloc_trim_threshold
 .data.__atexit_recursive_mutex
                0x20000850        0x4 d:/ac6/systemworkbench/plugins/fr.ac6.mcu.externaltools.arm-none.win32_1.17.0.201812190825/tools/compiler/bin/../lib/gcc/arm-none-eabi/7.3.1/../../../../arm-none-eabi/lib/thumb/v7e-m/fpv4-sp/hard\libc.a(lib_a-__call_atexit.o)
                0x20000850                __atexit_recursive_mutex
                0x20000854                . = ALIGN (0x4)
                0x20000854                _edata = .

.igot.plt       0x20000854        0x0 load address 0x08001fe4
 .igot.plt      0x20000854        0x0 d:/ac6/systemworkbench/plugins/fr.ac6.mcu.externaltools.arm-none.win32_1.17.0.201812190825/tools/compiler/bin/../lib/gcc/arm-none-eabi/7.3.1/thumb/v7e-m/fpv4-sp/hard/crtbegin.o
                0x20000854                . = ALIGN (0x4)

.bss            0x20000854      0x20c load address 0x08001fe4
                0x20000854                _sbss = .
                0x20000854                __bss_start__ = _sbss
 *(.bss)
 .bss           0x20000854       0x1c d:/ac6/systemworkbench/plugins/fr.ac6.mcu.externaltools.arm-none.win32_1.17.0.201812190825/tools/compiler/bin/../lib/gcc/arm-none-eabi/7.3.1/thumb/v7e-m/fpv4-sp/hard/crtbegin.o
 .bss           0x20000870      0x140 src/main.o
                0x20000870                display
 .bss           0x200009b0        0x8 src/syscalls.o
                0x200009b0                __env
 .bss           0x200009b8       0x28 src/tm_stm32f4_delay.o
                0x200009b8                TM_TimingDelay
                0x200009bc                TM_Time
                0x200009c0                TM_Time2
                0x200009c4                TM_DELAY_Initialized
 .bss           0x200009e0       0x16 src/tm_stm32f4_gpio.o
 *fill*         0x200009f6        0x2 
 .bss           0x200009f8        0x7 src/tm_stm32f4_hd44780.o
 *(.bss*)
 *fill*         0x200009ff        0x1 
 .bss.__malloc_current_mallinfo
                0x20000a00       0x28 d:/ac6/systemworkbench/plugins/fr.ac6.mcu.externaltools.arm-none.win32_1.17.0.201812190825/tools/compiler/bin/../lib/gcc/arm-none-eabi/7.3.1/../../../../arm-none-eabi/lib/thumb/v7e-m/fpv4-sp/hard\libc.a(lib_a-mallocr.o)
                0x20000a00                __malloc_current_mallinfo
 .bss.__malloc_max_sbrked_mem
                0x20000a28        0x4 d:/ac6/systemworkbench/plugins/fr.ac6.mcu.externaltools.arm-none.win32_1.17.0.201812190825/tools/compiler/bin/../lib/gcc/arm-none-eabi/7.3.1/../../../../arm-none-eabi/lib/thumb/v7e-m/fpv4-sp/hard\libc.a(lib_a-mallocr.o)
                0x20000a28                __malloc_max_sbrked_mem
 .bss.__malloc_max_total_mem
                0x20000a2c        0x4 d:/ac6/systemworkbench/plugins/fr.ac6.mcu.externaltools.arm-none.win32_1.17.0.201812190825/tools/compiler/bin/../lib/gcc/arm-none-eabi/7.3.1/../../../../arm-none-eabi/lib/thumb/v7e-m/fpv4-sp/hard\libc.a(lib_a-mallocr.o)
                0x20000a2c                __malloc_max_total_mem
 .bss.__malloc_top_pad
                0x20000a30        0x4 d:/ac6/systemworkbench/plugins/fr.ac6.mcu.externaltools.arm-none.win32_1.17.0.201812190825/tools/compiler/bin/../lib/gcc/arm-none-eabi/7.3.1/../../../../arm-none-eabi/lib/thumb/v7e-m/fpv4-sp/hard\libc.a(lib_a-mallocr.o)
                0x20000a30                __malloc_top_pad
 *(COMMON)
 COMMON         0x20000a34        0x4 src/tm_stm32f4_delay.o
                0x20000a34                mult
 COMMON         0x20000a38       0x21 d:/ac6/systemworkbench/plugins/fr.ac6.mcu.externaltools.arm-none.win32_1.17.0.201812190825/tools/compiler/bin/../lib/gcc/arm-none-eabi/7.3.1/../../../../arm-none-eabi/lib/thumb/v7e-m/fpv4-sp/hard\libc.a(lib_a-lock.o)
                0x20000a38                __lock___atexit_recursive_mutex
                0x20000a3c                __lock___arc4random_mutex
                0x20000a40                __lock___env_recursive_mutex
                0x20000a44                __lock___sinit_recursive_mutex
                0x20000a48                __lock___malloc_recursive_mutex
                0x20000a4c                __lock___at_quick_exit_mutex
                0x20000a50                __lock___dd_hash_mutex
                0x20000a54                __lock___tz_mutex
                0x20000a58                __lock___sfp_recursive_mutex
 *fill*         0x20000a59        0x3 
 COMMON         0x20000a5c        0x4 d:/ac6/systemworkbench/plugins/fr.ac6.mcu.externaltools.arm-none.win32_1.17.0.201812190825/tools/compiler/bin/../lib/gcc/arm-none-eabi/7.3.1/../../../../arm-none-eabi/lib/thumb/v7e-m/fpv4-sp/hard\libc.a(lib_a-reent.o)
                0x20000a5c                errno
                0x20000a60                . = ALIGN (0x4)
                0x20000a60                _ebss = .
                0x20000a60                __bss_end__ = _ebss

._user_heap_stack
                0x20000a60      0x400 load address 0x08001fe4
                0x20000a60                . = ALIGN (0x8)
                0x20000a60                PROVIDE (end = .)
                [!provide]                PROVIDE (_end = .)
                0x20000a60                . = (. + _Min_Heap_Size)
                0x20000e60                . = (. + _Min_Stack_Size)
 *fill*         0x20000a60      0x400 
                0x20000e60                . = ALIGN (0x8)

/DISCARD/
 libc.a(*)
 libm.a(*)
 libgcc.a(*)

.ARM.attributes
                0x00000000       0x30
 *(.ARM.attributes)
 .ARM.attributes
                0x00000000       0x22 d:/ac6/systemworkbench/plugins/fr.ac6.mcu.externaltools.arm-none.win32_1.17.0.201812190825/tools/compiler/bin/../lib/gcc/arm-none-eabi/7.3.1/thumb/v7e-m/fpv4-sp/hard/crti.o
 .ARM.attributes
                0x00000022       0x34 d:/ac6/systemworkbench/plugins/fr.ac6.mcu.externaltools.arm-none.win32_1.17.0.201812190825/tools/compiler/bin/../lib/gcc/arm-none-eabi/7.3.1/thumb/v7e-m/fpv4-sp/hard/crtbegin.o
 .ARM.attributes
                0x00000056       0x39 src/main.o
 .ARM.attributes
                0x0000008f       0x39 src/syscalls.o
 .ARM.attributes
                0x000000c8       0x39 src/system_stm32f4xx.o
 .ARM.attributes
                0x00000101       0x39 src/tm_stm32f4_delay.o
 .ARM.attributes
                0x0000013a       0x39 src/tm_stm32f4_gpio.o
 .ARM.attributes
                0x00000173       0x39 src/tm_stm32f4_hd44780.o
 .ARM.attributes
                0x000001ac       0x21 startup/startup_stm32.o
 .ARM.attributes
                0x000001cd       0x34 d:/ac6/systemworkbench/plugins/fr.ac6.mcu.externaltools.arm-none.win32_1.17.0.201812190825/tools/compiler/bin/../lib/gcc/arm-none-eabi/7.3.1/../../../../arm-none-eabi/lib/thumb/v7e-m/fpv4-sp/hard\libc.a(lib_a-errno.o)
 .ARM.attributes
                0x00000201       0x34 d:/ac6/systemworkbench/plugins/fr.ac6.mcu.externaltools.arm-none.win32_1.17.0.201812190825/tools/compiler/bin/../lib/gcc/arm-none-eabi/7.3.1/../../../../arm-none-eabi/lib/thumb/v7e-m/fpv4-sp/hard\libc.a(lib_a-impure.o)
 .ARM.attributes
                0x00000235       0x34 d:/ac6/systemworkbench/plugins/fr.ac6.mcu.externaltools.arm-none.win32_1.17.0.201812190825/tools/compiler/bin/../lib/gcc/arm-none-eabi/7.3.1/../../../../arm-none-eabi/lib/thumb/v7e-m/fpv4-sp/hard\libc.a(lib_a-init.o)
 .ARM.attributes
                0x00000269       0x34 d:/ac6/systemworkbench/plugins/fr.ac6.mcu.externaltools.arm-none.win32_1.17.0.201812190825/tools/compiler/bin/../lib/gcc/arm-none-eabi/7.3.1/../../../../arm-none-eabi/lib/thumb/v7e-m/fpv4-sp/hard\libc.a(lib_a-malloc.o)
 .ARM.attributes
                0x0000029d       0x34 d:/ac6/systemworkbench/plugins/fr.ac6.mcu.externaltools.arm-none.win32_1.17.0.201812190825/tools/compiler/bin/../lib/gcc/arm-none-eabi/7.3.1/../../../../arm-none-eabi/lib/thumb/v7e-m/fpv4-sp/hard\libc.a(lib_a-mallocr.o)
 .ARM.attributes
                0x000002d1       0x34 d:/ac6/systemworkbench/plugins/fr.ac6.mcu.externaltools.arm-none.win32_1.17.0.201812190825/tools/compiler/bin/../lib/gcc/arm-none-eabi/7.3.1/../../../../arm-none-eabi/lib/thumb/v7e-m/fpv4-sp/hard\libc.a(lib_a-mlock.o)
 .ARM.attributes
                0x00000305       0x34 d:/ac6/systemworkbench/plugins/fr.ac6.mcu.externaltools.arm-none.win32_1.17.0.201812190825/tools/compiler/bin/../lib/gcc/arm-none-eabi/7.3.1/../../../../arm-none-eabi/lib/thumb/v7e-m/fpv4-sp/hard\libc.a(lib_a-rand.o)
 .ARM.attributes
                0x00000339       0x34 d:/ac6/systemworkbench/plugins/fr.ac6.mcu.externaltools.arm-none.win32_1.17.0.201812190825/tools/compiler/bin/../lib/gcc/arm-none-eabi/7.3.1/../../../../arm-none-eabi/lib/thumb/v7e-m/fpv4-sp/hard\libc.a(lib_a-sbrkr.o)
 .ARM.attributes
                0x0000036d       0x34 d:/ac6/systemworkbench/plugins/fr.ac6.mcu.externaltools.arm-none.win32_1.17.0.201812190825/tools/compiler/bin/../lib/gcc/arm-none-eabi/7.3.1/../../../../arm-none-eabi/lib/thumb/v7e-m/fpv4-sp/hard\libc.a(lib_a-__call_atexit.o)
 .ARM.attributes
                0x000003a1       0x34 d:/ac6/systemworkbench/plugins/fr.ac6.mcu.externaltools.arm-none.win32_1.17.0.201812190825/tools/compiler/bin/../lib/gcc/arm-none-eabi/7.3.1/../../../../arm-none-eabi/lib/thumb/v7e-m/fpv4-sp/hard\libc.a(lib_a-atexit.o)
 .ARM.attributes
                0x000003d5       0x34 d:/ac6/systemworkbench/plugins/fr.ac6.mcu.externaltools.arm-none.win32_1.17.0.201812190825/tools/compiler/bin/../lib/gcc/arm-none-eabi/7.3.1/../../../../arm-none-eabi/lib/thumb/v7e-m/fpv4-sp/hard\libc.a(lib_a-fini.o)
 .ARM.attributes
                0x00000409       0x34 d:/ac6/systemworkbench/plugins/fr.ac6.mcu.externaltools.arm-none.win32_1.17.0.201812190825/tools/compiler/bin/../lib/gcc/arm-none-eabi/7.3.1/../../../../arm-none-eabi/lib/thumb/v7e-m/fpv4-sp/hard\libc.a(lib_a-freer.o)
 .ARM.attributes
                0x0000043d       0x34 d:/ac6/systemworkbench/plugins/fr.ac6.mcu.externaltools.arm-none.win32_1.17.0.201812190825/tools/compiler/bin/../lib/gcc/arm-none-eabi/7.3.1/../../../../arm-none-eabi/lib/thumb/v7e-m/fpv4-sp/hard\libc.a(lib_a-lock.o)
 .ARM.attributes
                0x00000471       0x34 d:/ac6/systemworkbench/plugins/fr.ac6.mcu.externaltools.arm-none.win32_1.17.0.201812190825/tools/compiler/bin/../lib/gcc/arm-none-eabi/7.3.1/../../../../arm-none-eabi/lib/thumb/v7e-m/fpv4-sp/hard\libc.a(lib_a-reent.o)
 .ARM.attributes
                0x000004a5       0x34 d:/ac6/systemworkbench/plugins/fr.ac6.mcu.externaltools.arm-none.win32_1.17.0.201812190825/tools/compiler/bin/../lib/gcc/arm-none-eabi/7.3.1/../../../../arm-none-eabi/lib/thumb/v7e-m/fpv4-sp/hard\libc.a(lib_a-__atexit.o)
 .ARM.attributes
                0x000004d9       0x22 d:/ac6/systemworkbench/plugins/fr.ac6.mcu.externaltools.arm-none.win32_1.17.0.201812190825/tools/compiler/bin/../lib/gcc/arm-none-eabi/7.3.1/thumb/v7e-m/fpv4-sp/hard/crtn.o
OUTPUT(lcd.elf elf32-littlearm)

.debug_info     0x00000000     0x482a
 .debug_info    0x00000000      0xb77 src/main.o
 .debug_info    0x00000b77      0xf2e src/syscalls.o
 .debug_info    0x00001aa5      0x5be src/system_stm32f4xx.o
 .debug_info    0x00002063     0x11b6 src/tm_stm32f4_delay.o
 .debug_info    0x00003219      0x87d src/tm_stm32f4_gpio.o
 .debug_info    0x00003a96      0xd72 src/tm_stm32f4_hd44780.o
 .debug_info    0x00004808       0x22 startup/startup_stm32.o

.debug_abbrev   0x00000000      0xe09
 .debug_abbrev  0x00000000      0x2a3 src/main.o
 .debug_abbrev  0x000002a3      0x2aa src/syscalls.o
 .debug_abbrev  0x0000054d      0x138 src/system_stm32f4xx.o
 .debug_abbrev  0x00000685      0x37d src/tm_stm32f4_delay.o
 .debug_abbrev  0x00000a02      0x181 src/tm_stm32f4_gpio.o
 .debug_abbrev  0x00000b83      0x274 src/tm_stm32f4_hd44780.o
 .debug_abbrev  0x00000df7       0x12 startup/startup_stm32.o

.debug_aranges  0x00000000      0x310
 .debug_aranges
                0x00000000       0x40 src/main.o
 .debug_aranges
                0x00000040       0xb0 src/syscalls.o
 .debug_aranges
                0x000000f0       0x30 src/system_stm32f4xx.o
 .debug_aranges
                0x00000120       0x80 src/tm_stm32f4_delay.o
 .debug_aranges
                0x000001a0       0x98 src/tm_stm32f4_gpio.o
 .debug_aranges
                0x00000238       0xb0 src/tm_stm32f4_hd44780.o
 .debug_aranges
                0x000002e8       0x28 startup/startup_stm32.o

.debug_ranges   0x00000000      0x2a8
 .debug_ranges  0x00000000       0x30 src/main.o
 .debug_ranges  0x00000030       0xa0 src/syscalls.o
 .debug_ranges  0x000000d0       0x20 src/system_stm32f4xx.o
 .debug_ranges  0x000000f0       0x70 src/tm_stm32f4_delay.o
 .debug_ranges  0x00000160       0x88 src/tm_stm32f4_gpio.o
 .debug_ranges  0x000001e8       0xa0 src/tm_stm32f4_hd44780.o
 .debug_ranges  0x00000288       0x20 startup/startup_stm32.o

.debug_macro    0x00000000     0x25de
 .debug_macro   0x00000000      0x343 src/main.o
 .debug_macro   0x00000343       0x16 src/main.o
 .debug_macro   0x00000359       0x18 src/main.o
 .debug_macro   0x00000371       0x5e src/main.o
 .debug_macro   0x000003cf       0x35 src/main.o
 .debug_macro   0x00000404       0x34 src/main.o
 .debug_macro   0x00000438       0x16 src/main.o
 .debug_macro   0x0000044e      0x10e src/main.o
 .debug_macro   0x0000055c       0x8d src/main.o
 .debug_macro   0x000005e9       0x58 src/main.o
 .debug_macro   0x00000641       0x1f src/main.o
 .debug_macro   0x00000660       0x43 src/main.o
 .debug_macro   0x000006a3       0x20 src/main.o
 .debug_macro   0x000006c3      0x18e src/main.o
 .debug_macro   0x00000851      0x330 src/main.o
 .debug_macro   0x00000b81       0x16 src/main.o
 .debug_macro   0x00000b97       0x29 src/main.o
 .debug_macro   0x00000bc0       0x35 src/main.o
 .debug_macro   0x00000bf5       0xaf src/main.o
 .debug_macro   0x00000ca4       0x58 src/main.o
 .debug_macro   0x00000cfc       0x16 src/main.o
 .debug_macro   0x00000d12       0x35 src/main.o
 .debug_macro   0x00000d47       0x10 src/main.o
 .debug_macro   0x00000d57       0x10 src/main.o
 .debug_macro   0x00000d67       0x10 src/main.o
 .debug_macro   0x00000d77       0x1c src/main.o
 .debug_macro   0x00000d93       0x52 src/main.o
 .debug_macro   0x00000de5       0x40 src/main.o
 .debug_macro   0x00000e25       0x10 src/main.o
 .debug_macro   0x00000e35       0x40 src/main.o
 .debug_macro   0x00000e75       0xd7 src/main.o
 .debug_macro   0x00000f4c       0x1c src/main.o
 .debug_macro   0x00000f68       0x3d src/main.o
 .debug_macro   0x00000fa5       0x35 src/main.o
 .debug_macro   0x00000fda      0x243 src/syscalls.o
 .debug_macro   0x0000121d       0x58 src/syscalls.o
 .debug_macro   0x00001275       0x94 src/syscalls.o
 .debug_macro   0x00001309       0x57 src/syscalls.o
 .debug_macro   0x00001360      0x174 src/syscalls.o
 .debug_macro   0x000014d4       0x10 src/syscalls.o
 .debug_macro   0x000014e4      0x122 src/syscalls.o
 .debug_macro   0x00001606       0x10 src/syscalls.o
 .debug_macro   0x00001616      0x241 src/syscalls.o
 .debug_macro   0x00001857       0x1c src/syscalls.o
 .debug_macro   0x00001873       0x10 src/syscalls.o
 .debug_macro   0x00001883       0x10 src/syscalls.o
 .debug_macro   0x00001893       0x16 src/syscalls.o
 .debug_macro   0x000018a9      0x16f src/syscalls.o
 .debug_macro   0x00001a18      0x189 src/syscalls.o
 .debug_macro   0x00001ba1       0x16 src/syscalls.o
 .debug_macro   0x00001bb7       0x88 src/syscalls.o
 .debug_macro   0x00001c3f      0x1a5 src/system_stm32f4xx.o
 .debug_macro   0x00001de4      0x270 src/tm_stm32f4_delay.o
 .debug_macro   0x00002054      0x19e src/tm_stm32f4_gpio.o
 .debug_macro   0x000021f2       0xa9 src/tm_stm32f4_gpio.o
 .debug_macro   0x0000229b      0x343 src/tm_stm32f4_hd44780.o

.debug_line     0x00000000     0x2b58
 .debug_line    0x00000000      0x804 src/main.o
 .debug_line    0x00000804      0x5df src/syscalls.o
 .debug_line    0x00000de3      0x5b7 src/system_stm32f4xx.o
 .debug_line    0x0000139a      0x7ad src/tm_stm32f4_delay.o
 .debug_line    0x00001b47      0x738 src/tm_stm32f4_gpio.o
 .debug_line    0x0000227f      0x85d src/tm_stm32f4_hd44780.o
 .debug_line    0x00002adc       0x7c startup/startup_stm32.o

.debug_str      0x00000000    0x5989e
 .debug_str     0x00000000    0x57081 src/main.o
                              0x5731e (size before relaxing)
 .debug_str     0x00057081     0x16e7 src/syscalls.o
                               0x859c (size before relaxing)
 .debug_str     0x00058768      0x247 src/system_stm32f4xx.o
                              0x531af (size before relaxing)
 .debug_str     0x000589af      0x5cb src/tm_stm32f4_delay.o
                              0x566b6 (size before relaxing)
 .debug_str     0x00058f7a      0x323 src/tm_stm32f4_gpio.o
                              0x5385c (size before relaxing)
 .debug_str     0x0005929d      0x5d8 src/tm_stm32f4_hd44780.o
                              0x56ce8 (size before relaxing)
 .debug_str     0x00059875       0x29 startup/startup_stm32.o
                                 0x4c (size before relaxing)

.comment        0x00000000       0x7f
 .comment       0x00000000       0x7f src/main.o
                                 0x80 (size before relaxing)
 .comment       0x0000007f       0x80 src/syscalls.o
 .comment       0x0000007f       0x80 src/system_stm32f4xx.o
 .comment       0x0000007f       0x80 src/tm_stm32f4_delay.o
 .comment       0x0000007f       0x80 src/tm_stm32f4_gpio.o
 .comment       0x0000007f       0x80 src/tm_stm32f4_hd44780.o

.debug_frame    0x00000000      0xec8
 .debug_frame   0x00000000       0xc8 src/main.o
 .debug_frame   0x000000c8      0x2d0 src/syscalls.o
 .debug_frame   0x00000398       0x74 src/system_stm32f4xx.o
 .debug_frame   0x0000040c      0x1ec src/tm_stm32f4_delay.o
 .debug_frame   0x000005f8      0x274 src/tm_stm32f4_gpio.o
 .debug_frame   0x0000086c      0x278 src/tm_stm32f4_hd44780.o
 .debug_frame   0x00000ae4       0x20 d:/ac6/systemworkbench/plugins/fr.ac6.mcu.externaltools.arm-none.win32_1.17.0.201812190825/tools/compiler/bin/../lib/gcc/arm-none-eabi/7.3.1/../../../../arm-none-eabi/lib/thumb/v7e-m/fpv4-sp/hard\libc.a(lib_a-errno.o)
 .debug_frame   0x00000b04       0x2c d:/ac6/systemworkbench/plugins/fr.ac6.mcu.externaltools.arm-none.win32_1.17.0.201812190825/tools/compiler/bin/../lib/gcc/arm-none-eabi/7.3.1/../../../../arm-none-eabi/lib/thumb/v7e-m/fpv4-sp/hard\libc.a(lib_a-init.o)
 .debug_frame   0x00000b30       0x30 d:/ac6/systemworkbench/plugins/fr.ac6.mcu.externaltools.arm-none.win32_1.17.0.201812190825/tools/compiler/bin/../lib/gcc/arm-none-eabi/7.3.1/../../../../arm-none-eabi/lib/thumb/v7e-m/fpv4-sp/hard\libc.a(lib_a-malloc.o)
 .debug_frame   0x00000b60       0x54 d:/ac6/systemworkbench/plugins/fr.ac6.mcu.externaltools.arm-none.win32_1.17.0.201812190825/tools/compiler/bin/../lib/gcc/arm-none-eabi/7.3.1/../../../../arm-none-eabi/lib/thumb/v7e-m/fpv4-sp/hard\libc.a(lib_a-mallocr.o)
 .debug_frame   0x00000bb4       0x30 d:/ac6/systemworkbench/plugins/fr.ac6.mcu.externaltools.arm-none.win32_1.17.0.201812190825/tools/compiler/bin/../lib/gcc/arm-none-eabi/7.3.1/../../../../arm-none-eabi/lib/thumb/v7e-m/fpv4-sp/hard\libc.a(lib_a-mlock.o)
 .debug_frame   0x00000be4       0x3c d:/ac6/systemworkbench/plugins/fr.ac6.mcu.externaltools.arm-none.win32_1.17.0.201812190825/tools/compiler/bin/../lib/gcc/arm-none-eabi/7.3.1/../../../../arm-none-eabi/lib/thumb/v7e-m/fpv4-sp/hard\libc.a(lib_a-rand.o)
 .debug_frame   0x00000c20       0x2c d:/ac6/systemworkbench/plugins/fr.ac6.mcu.externaltools.arm-none.win32_1.17.0.201812190825/tools/compiler/bin/../lib/gcc/arm-none-eabi/7.3.1/../../../../arm-none-eabi/lib/thumb/v7e-m/fpv4-sp/hard\libc.a(lib_a-sbrkr.o)
 .debug_frame   0x00000c4c       0x5c d:/ac6/systemworkbench/plugins/fr.ac6.mcu.externaltools.arm-none.win32_1.17.0.201812190825/tools/compiler/bin/../lib/gcc/arm-none-eabi/7.3.1/../../../../arm-none-eabi/lib/thumb/v7e-m/fpv4-sp/hard\libc.a(lib_a-__call_atexit.o)
 .debug_frame   0x00000ca8       0x20 d:/ac6/systemworkbench/plugins/fr.ac6.mcu.externaltools.arm-none.win32_1.17.0.201812190825/tools/compiler/bin/../lib/gcc/arm-none-eabi/7.3.1/../../../../arm-none-eabi/lib/thumb/v7e-m/fpv4-sp/hard\libc.a(lib_a-atexit.o)
 .debug_frame   0x00000cc8       0x34 d:/ac6/systemworkbench/plugins/fr.ac6.mcu.externaltools.arm-none.win32_1.17.0.201812190825/tools/compiler/bin/../lib/gcc/arm-none-eabi/7.3.1/../../../../arm-none-eabi/lib/thumb/v7e-m/fpv4-sp/hard\libc.a(lib_a-fini.o)
 .debug_frame   0x00000cfc       0x80 d:/ac6/systemworkbench/plugins/fr.ac6.mcu.externaltools.arm-none.win32_1.17.0.201812190825/tools/compiler/bin/../lib/gcc/arm-none-eabi/7.3.1/../../../../arm-none-eabi/lib/thumb/v7e-m/fpv4-sp/hard\libc.a(lib_a-freer.o)
 .debug_frame   0x00000d7c       0xb0 d:/ac6/systemworkbench/plugins/fr.ac6.mcu.externaltools.arm-none.win32_1.17.0.201812190825/tools/compiler/bin/../lib/gcc/arm-none-eabi/7.3.1/../../../../arm-none-eabi/lib/thumb/v7e-m/fpv4-sp/hard\libc.a(lib_a-lock.o)
 .debug_frame   0x00000e2c       0x68 d:/ac6/systemworkbench/plugins/fr.ac6.mcu.externaltools.arm-none.win32_1.17.0.201812190825/tools/compiler/bin/../lib/gcc/arm-none-eabi/7.3.1/../../../../arm-none-eabi/lib/thumb/v7e-m/fpv4-sp/hard\libc.a(lib_a-reent.o)
 .debug_frame   0x00000e94       0x34 d:/ac6/systemworkbench/plugins/fr.ac6.mcu.externaltools.arm-none.win32_1.17.0.201812190825/tools/compiler/bin/../lib/gcc/arm-none-eabi/7.3.1/../../../../arm-none-eabi/lib/thumb/v7e-m/fpv4-sp/hard\libc.a(lib_a-__atexit.o)
