Archive member included to satisfy reference by file (symbol)

d:/ac6/systemworkbench/plugins/fr.ac6.mcu.externaltools.arm-none.win32_1.17.0.201812190825/tools/compiler/bin/../lib/gcc/arm-none-eabi/7.3.1/../../../../arm-none-eabi/lib/thumb/v7e-m/fpv4-sp/hard\libm.a(lib_a-w_pow.o)
                              src/main.o (pow)
d:/ac6/systemworkbench/plugins/fr.ac6.mcu.externaltools.arm-none.win32_1.17.0.201812190825/tools/compiler/bin/../lib/gcc/arm-none-eabi/7.3.1/../../../../arm-none-eabi/lib/thumb/v7e-m/fpv4-sp/hard\libm.a(lib_a-e_pow.o)
                              d:/ac6/systemworkbench/plugins/fr.ac6.mcu.externaltools.arm-none.win32_1.17.0.201812190825/tools/compiler/bin/../lib/gcc/arm-none-eabi/7.3.1/../../../../arm-none-eabi/lib/thumb/v7e-m/fpv4-sp/hard\libm.a(lib_a-w_pow.o) (__ieee754_pow)
d:/ac6/systemworkbench/plugins/fr.ac6.mcu.externaltools.arm-none.win32_1.17.0.201812190825/tools/compiler/bin/../lib/gcc/arm-none-eabi/7.3.1/../../../../arm-none-eabi/lib/thumb/v7e-m/fpv4-sp/hard\libm.a(lib_a-e_sqrt.o)
                              d:/ac6/systemworkbench/plugins/fr.ac6.mcu.externaltools.arm-none.win32_1.17.0.201812190825/tools/compiler/bin/../lib/gcc/arm-none-eabi/7.3.1/../../../../arm-none-eabi/lib/thumb/v7e-m/fpv4-sp/hard\libm.a(lib_a-e_pow.o) (__ieee754_sqrt)
d:/ac6/systemworkbench/plugins/fr.ac6.mcu.externaltools.arm-none.win32_1.17.0.201812190825/tools/compiler/bin/../lib/gcc/arm-none-eabi/7.3.1/../../../../arm-none-eabi/lib/thumb/v7e-m/fpv4-sp/hard\libm.a(lib_a-s_fabs.o)
                              d:/ac6/systemworkbench/plugins/fr.ac6.mcu.externaltools.arm-none.win32_1.17.0.201812190825/tools/compiler/bin/../lib/gcc/arm-none-eabi/7.3.1/../../../../arm-none-eabi/lib/thumb/v7e-m/fpv4-sp/hard\libm.a(lib_a-e_pow.o) (fabs)
d:/ac6/systemworkbench/plugins/fr.ac6.mcu.externaltools.arm-none.win32_1.17.0.201812190825/tools/compiler/bin/../lib/gcc/arm-none-eabi/7.3.1/../../../../arm-none-eabi/lib/thumb/v7e-m/fpv4-sp/hard\libm.a(lib_a-s_finite.o)
                              d:/ac6/systemworkbench/plugins/fr.ac6.mcu.externaltools.arm-none.win32_1.17.0.201812190825/tools/compiler/bin/../lib/gcc/arm-none-eabi/7.3.1/../../../../arm-none-eabi/lib/thumb/v7e-m/fpv4-sp/hard\libm.a(lib_a-w_pow.o) (finite)
d:/ac6/systemworkbench/plugins/fr.ac6.mcu.externaltools.arm-none.win32_1.17.0.201812190825/tools/compiler/bin/../lib/gcc/arm-none-eabi/7.3.1/../../../../arm-none-eabi/lib/thumb/v7e-m/fpv4-sp/hard\libm.a(lib_a-s_lib_ver.o)
                              d:/ac6/systemworkbench/plugins/fr.ac6.mcu.externaltools.arm-none.win32_1.17.0.201812190825/tools/compiler/bin/../lib/gcc/arm-none-eabi/7.3.1/../../../../arm-none-eabi/lib/thumb/v7e-m/fpv4-sp/hard\libm.a(lib_a-w_pow.o) (__fdlib_version)
d:/ac6/systemworkbench/plugins/fr.ac6.mcu.externaltools.arm-none.win32_1.17.0.201812190825/tools/compiler/bin/../lib/gcc/arm-none-eabi/7.3.1/../../../../arm-none-eabi/lib/thumb/v7e-m/fpv4-sp/hard\libm.a(lib_a-s_matherr.o)
                              d:/ac6/systemworkbench/plugins/fr.ac6.mcu.externaltools.arm-none.win32_1.17.0.201812190825/tools/compiler/bin/../lib/gcc/arm-none-eabi/7.3.1/../../../../arm-none-eabi/lib/thumb/v7e-m/fpv4-sp/hard\libm.a(lib_a-w_pow.o) (matherr)
d:/ac6/systemworkbench/plugins/fr.ac6.mcu.externaltools.arm-none.win32_1.17.0.201812190825/tools/compiler/bin/../lib/gcc/arm-none-eabi/7.3.1/../../../../arm-none-eabi/lib/thumb/v7e-m/fpv4-sp/hard\libm.a(lib_a-s_nan.o)
                              d:/ac6/systemworkbench/plugins/fr.ac6.mcu.externaltools.arm-none.win32_1.17.0.201812190825/tools/compiler/bin/../lib/gcc/arm-none-eabi/7.3.1/../../../../arm-none-eabi/lib/thumb/v7e-m/fpv4-sp/hard\libm.a(lib_a-e_pow.o) (nan)
d:/ac6/systemworkbench/plugins/fr.ac6.mcu.externaltools.arm-none.win32_1.17.0.201812190825/tools/compiler/bin/../lib/gcc/arm-none-eabi/7.3.1/../../../../arm-none-eabi/lib/thumb/v7e-m/fpv4-sp/hard\libm.a(lib_a-s_rint.o)
                              d:/ac6/systemworkbench/plugins/fr.ac6.mcu.externaltools.arm-none.win32_1.17.0.201812190825/tools/compiler/bin/../lib/gcc/arm-none-eabi/7.3.1/../../../../arm-none-eabi/lib/thumb/v7e-m/fpv4-sp/hard\libm.a(lib_a-w_pow.o) (rint)
d:/ac6/systemworkbench/plugins/fr.ac6.mcu.externaltools.arm-none.win32_1.17.0.201812190825/tools/compiler/bin/../lib/gcc/arm-none-eabi/7.3.1/../../../../arm-none-eabi/lib/thumb/v7e-m/fpv4-sp/hard\libm.a(lib_a-s_scalbn.o)
                              d:/ac6/systemworkbench/plugins/fr.ac6.mcu.externaltools.arm-none.win32_1.17.0.201812190825/tools/compiler/bin/../lib/gcc/arm-none-eabi/7.3.1/../../../../arm-none-eabi/lib/thumb/v7e-m/fpv4-sp/hard\libm.a(lib_a-e_pow.o) (scalbn)
d:/ac6/systemworkbench/plugins/fr.ac6.mcu.externaltools.arm-none.win32_1.17.0.201812190825/tools/compiler/bin/../lib/gcc/arm-none-eabi/7.3.1/../../../../arm-none-eabi/lib/thumb/v7e-m/fpv4-sp/hard\libm.a(lib_a-s_copysign.o)
[...]
Memory Configuration

Name             Origin             Length             Attributes
RAM              0x20000000         0x00020000         xrw
ROM              0x08000000         0x00080000         xr
*default*        0x00000000         0xffffffff

Linker script and memory map

LOAD d:/ac6/systemworkbench/plugins/fr.ac6.mcu.externaltools.arm-none.win32_1.17.0.201812190825/tools/compiler/bin/../lib/gcc/arm-none-eabi/7.3.1/thumb/v7e-m/fpv4-sp/hard/crti.o
LOAD d:/ac6/systemworkbench/plugins/fr.ac6.mcu.externaltools.arm-none.win32_1.17.0.201812190825/tools/compiler/bin/../lib/gcc/arm-none-eabi/7.3.1/thumb/v7e-m/fpv4-sp/hard/crtbegin.o
LOAD d:/ac6/systemworkbench/plugins/fr.ac6.mcu.externaltools.arm-none.win32_1.17.0.201812190825/tools/compiler/bin/../lib/gcc/arm-none-eabi/7.3.1/../../../../arm-none-eabi/lib/thumb/v7e-m/fpv4-sp/hard/crt0.o
LOAD StdPeriph_Driver/src/misc.o
LOAD StdPeriph_Driver/src/stm32f4xx_adc.o
LOAD StdPeriph_Driver/src/stm32f4xx_can.o
LOAD StdPeriph_Driver/src/stm32f4xx_cec.o
LOAD StdPeriph_Driver/src/stm32f4xx_crc.o
LOAD StdPeriph_Driver/src/stm32f4xx_cryp.o
LOAD StdPeriph_Driver/src/stm32f4xx_cryp_aes.o
LOAD StdPeriph_Driver/src/stm32f4xx_cryp_des.o
LOAD StdPeriph_Driver/src/stm32f4xx_cryp_tdes.o
LOAD StdPeriph_Driver/src/stm32f4xx_dac.o
LOAD StdPeriph_Driver/src/stm32f4xx_dbgmcu.o
LOAD StdPeriph_Driver/src/stm32f4xx_dcmi.o
LOAD StdPeriph_Driver/src/stm32f4xx_dfsdm.o
LOAD StdPeriph_Driver/src/stm32f4xx_dma.o
LOAD StdPeriph_Driver/src/stm32f4xx_dma2d.o
LOAD StdPeriph_Driver/src/stm32f4xx_dsi.o
LOAD StdPeriph_Driver/src/stm32f4xx_exti.o
LOAD StdPeriph_Driver/src/stm32f4xx_flash.o
LOAD StdPeriph_Driver/src/stm32f4xx_flash_ramfunc.o
LOAD StdPeriph_Driver/src/stm32f4xx_fmc.o
LOAD StdPeriph_Driver/src/stm32f4xx_fmip2c.o
LOAD StdPeriph_Driver/src/stm32f4xx_fsmc.o
LOAD StdPeriph_Driver/src/stm32f4xx_gpio.o
LOAD StdPeriph_Driver/src/stm32f4xx_hash.o
LOAD StdPeriph_Driver/src/stm32f4xx_hash_md5.o
LOAD StdPeriph_Driver/src/stm32f4xx_hash_sha1.o
LOAD StdPeriph_Driver/src/stm32f4xx_i2c.o
LOAD StdPeriph_Driver/src/stm32f4xx_iwdg.o
LOAD StdPeriph_Driver/src/stm32f4xx_lptim.o
LOAD StdPeriph_Driver/src/stm32f4xx_ltdc.o
LOAD StdPeriph_Driver/src/stm32f4xx_pwr.o
LOAD StdPeriph_Driver/src/stm32f4xx_qspi.o
LOAD StdPeriph_Driver/src/stm32f4xx_rcc.o
LOAD StdPeriph_Driver/src/stm32f4xx_rng.o
LOAD StdPeriph_Driver/src/stm32f4xx_rtc.o
LOAD StdPeriph_Driver/src/stm32f4xx_sai.o
LOAD StdPeriph_Driver/src/stm32f4xx_sdio.o
LOAD StdPeriph_Driver/src/stm32f4xx_spdifrx.o
LOAD StdPeriph_Driver/src/stm32f4xx_spi.o
LOAD StdPeriph_Driver/src/stm32f4xx_syscfg.o
LOAD StdPeriph_Driver/src/stm32f4xx_tim.o
LOAD StdPeriph_Driver/src/stm32f4xx_usart.o
LOAD StdPeriph_Driver/src/stm32f4xx_wwdg.o
LOAD src/irq.o
LOAD src/main.o
LOAD src/syscalls.o
LOAD src/system_stm32f4xx.o
LOAD src/tm_stm32f4_delay.o
LOAD src/tm_stm32f4_gpio.o
LOAD src/tm_stm32f4_hd44780.o
LOAD src/tm_stm32f4_timer_properties.o
LOAD startup/startup_stm32.o
LOAD d:/ac6/systemworkbench/plugins/fr.ac6.mcu.externaltools.arm-none.win32_1.17.0.201812190825/tools/compiler/bin/../lib/gcc/arm-none-eabi/7.3.1/../../../../arm-none-eabi/lib/thumb/v7e-m/fpv4-sp/hard\libm.a
START GROUP
LOAD d:/ac6/systemworkbench/plugins/fr.ac6.mcu.externaltools.arm-none.win32_1.17.0.201812190825/tools/compiler/bin/../lib/gcc/arm-none-eabi/7.3.1/thumb/v7e-m/fpv4-sp/hard\libgcc.a
LOAD d:/ac6/systemworkbench/plugins/fr.ac6.mcu.externaltools.arm-none.win32_1.17.0.201812190825/tools/compiler/bin/../lib/gcc/arm-none-eabi/7.3.1/../../../../arm-none-eabi/lib/thumb/v7e-m/fpv4-sp/hard\libc.a
END GROUP
LOAD d:/ac6/systemworkbench/plugins/fr.ac6.mcu.externaltools.arm-none.win32_1.17.0.201812190825/tools/compiler/bin/../lib/gcc/arm-none-eabi/7.3.1/thumb/v7e-m/fpv4-sp/hard/crtend.o
LOAD d:/ac6/systemworkbench/plugins/fr.ac6.mcu.externaltools.arm-none.win32_1.17.0.201812190825/tools/compiler/bin/../lib/gcc/arm-none-eabi/7.3.1/thumb/v7e-m/fpv4-sp/hard/crtn.o
                0x20020000                _estack = 0x20020000
                0x00000000                _Min_Heap_Size = 0x0
                0x00000400                _Min_Stack_Size = 0x400

.isr_vector     0x08000000      0x198
                0x08000000                . = ALIGN (0x4)
 *(.isr_vector)
 .isr_vector    0x08000000      0x198 startup/startup_stm32.o
                0x08000000                g_pfnVectors
                0x08000198                . = ALIGN (0x4)

.text           0x08000198     0x3c64
                0x08000198                . = ALIGN (0x4)
 *(.text)
 .text          0x08000198       0x40 d:/ac6/systemworkbench/plugins/fr.ac6.mcu.externaltools.arm-none.win32_1.17.0.201812190825/tools/compiler/bin/../lib/gcc/arm-none-eabi/7.3.1/thumb/v7e-m/fpv4-sp/hard/crtbegin.o
 .text          0x080001d8      0x378 d:/ac6/systemworkbench/plugins/fr.ac6.mcu.externaltools.arm-none.win32_1.17.0.201812190825/tools/compiler/bin/../lib/gcc/arm-none-eabi/7.3.1/thumb/v7e-m/fpv4-sp/hard\libgcc.a(_arm_addsubdf3.o)
                0x080001d8                __aeabi_drsub
                0x080001e0                __aeabi_dsub
                0x080001e0                __subdf3
                0x080001e4                __aeabi_dadd
                0x080001e4                __adddf3
                0x0800045c                __floatunsidf
                0x0800045c                __aeabi_ui2d
                0x0800047c                __floatsidf
                0x0800047c                __aeabi_i2d
                0x080004a0                __aeabi_f2d
                0x080004a0                __extendsfdf2
                0x080004e4                __floatundidf
                0x080004e4                __aeabi_ul2d
                0x080004f4                __floatdidf
                0x080004f4                __aeabi_l2d
 .text          0x08000550      0x424 d:/ac6/systemworkbench/plugins/fr.ac6.mcu.externaltools.arm-none.win32_1.17.0.201812190825/tools/compiler/bin/../lib/gcc/arm-none-eabi/7.3.1/thumb/v7e-m/fpv4-sp/hard\libgcc.a(_arm_muldivdf3.o)
                0x08000550                __aeabi_dmul
                0x08000550                __muldf3
                0x080007a4                __divdf3
                0x080007a4                __aeabi_ddiv
 .text          0x08000974      0x110 d:/ac6/systemworkbench/plugins/fr.ac6.mcu.externaltools.arm-none.win32_1.17.0.201812190825/tools/compiler/bin/../lib/gcc/arm-none-eabi/7.3.1/thumb/v7e-m/fpv4-sp/hard\libgcc.a(_arm_cmpdf2.o)
                0x08000974                __gtdf2
                0x08000974                __gedf2
                0x0800097c                __ltdf2
                0x0800097c                __ledf2
                0x08000984                __nedf2
                0x08000984                __eqdf2
                0x08000984                __cmpdf2
                0x08000a00                __aeabi_cdrcmple
                0x08000a10                __aeabi_cdcmpeq
                0x08000a10                __aeabi_cdcmple
                0x08000a20                __aeabi_dcmpeq
                0x08000a34                __aeabi_dcmplt
                0x08000a48                __aeabi_dcmple
                0x08000a5c                __aeabi_dcmpge
                0x08000a70                __aeabi_dcmpgt
 .text          0x08000a84       0x2c d:/ac6/systemworkbench/plugins/fr.ac6.mcu.externaltools.arm-none.win32_1.17.0.201812190825/tools/compiler/bin/../lib/gcc/arm-none-eabi/7.3.1/thumb/v7e-m/fpv4-sp/hard\libgcc.a(_arm_unorddf2.o)
                0x08000a84                __unorddf2
                0x08000a84                __aeabi_dcmpun
 .text          0x08000ab0       0x50 d:/ac6/systemworkbench/plugins/fr.ac6.mcu.externaltools.arm-none.win32_1.17.0.201812190825/tools/compiler/bin/../lib/gcc/arm-none-eabi/7.3.1/thumb/v7e-m/fpv4-sp/hard\libgcc.a(_arm_fixdfsi.o)
                0x08000ab0                __aeabi_d2iz
                0x08000ab0                __fixdfsi
 *(.text*)
 .text.NVIC_Init
                0x08000b00       0xc4 StdPeriph_Driver/src/misc.o
                0x08000b00                NVIC_Init
 .text.EXTI_Init
                0x08000bc4       0xe4 StdPeriph_Driver/src/stm32f4xx_exti.o
                0x08000bc4                EXTI_Init
 .text.EXTI_GetITStatus
                0x08000ca8       0x34 StdPeriph_Driver/src/stm32f4xx_exti.o
                0x08000ca8                EXTI_GetITStatus
 .text.EXTI_ClearITPendingBit
                0x08000cdc       0x20 StdPeriph_Driver/src/stm32f4xx_exti.o
                0x08000cdc                EXTI_ClearITPendingBit
 .text.GPIO_Init
                0x08000cfc      0x11c StdPeriph_Driver/src/stm32f4xx_gpio.o
                0x08000cfc                GPIO_Init
 .text.GPIO_WriteBit
                0x08000e18       0x30 StdPeriph_Driver/src/stm32f4xx_gpio.o
                0x08000e18                GPIO_WriteBit
 .text.RCC_AHB1PeriphClockCmd
                0x08000e48       0x40 StdPeriph_Driver/src/stm32f4xx_rcc.o
                0x08000e48                RCC_AHB1PeriphClockCmd
 .text.RCC_APB2PeriphClockCmd
                0x08000e88       0x40 StdPeriph_Driver/src/stm32f4xx_rcc.o
                0x08000e88                RCC_APB2PeriphClockCmd
 .text.SYSCFG_EXTILineConfig
                0x08000ec8       0x84 StdPeriph_Driver/src/stm32f4xx_syscfg.o
                0x08000ec8                SYSCFG_EXTILineConfig
 .text.configLEDPins
                0x08000f4c       0x34 src/irq.o
                0x08000f4c                configLEDPins
 .text.Configure_PC0
                0x08000f80       0x80 src/irq.o
                0x08000f80                Configure_PC0
 .text.Configure_PC1
                0x08001000       0x80 src/irq.o
                0x08001000                Configure_PC1
 .text.Configure_PA4
                0x08001080       0x80 src/irq.o
                0x08001080                Configure_PA4
 .text.Configure_PA3
                0x08001100       0x80 src/irq.o
                0x08001100                Configure_PA3
 .text.EXTI0_IRQHandler
                0x08001180       0x3c src/irq.o
                0x08001180                EXTI0_IRQHandler
 .text.EXTI1_IRQHandler
                0x080011bc       0x3c src/irq.o
                0x080011bc                EXTI1_IRQHandler
 .text.EXTI4_IRQHandler
                0x080011f8       0x3c src/irq.o
                0x080011f8                EXTI4_IRQHandler
 .text.EXTI3_IRQHandler
                0x08001234       0x38 src/irq.o
                0x08001234                EXTI3_IRQHandler
 .text.NVIC_SystemReset
                0x0800126c       0x28 src/main.o
 .text.Delayms  0x08001294       0x58 src/main.o
 .text.preencher_vetor
                0x080012ec       0x90 src/main.o
                0x080012ec                preencher_vetor
 .text.gameover
                0x0800137c       0x28 src/main.o
                0x0800137c                gameover
 .text.verificaBotao
                0x080013a4       0x3c src/main.o
                0x080013a4                verificaBotao
 .text.step     0x080013e0      0x150 src/main.o
                0x080013e0                step
 .text.header   0x08001530       0xe8 src/main.o
                0x08001530                header
 .text.print_vetor
                0x08001618       0x60 src/main.o
                0x08001618                print_vetor
 .text.main     0x08001678       0xcc src/main.o
                0x08001678                main
 .text._sbrk    0x08001744       0x58 src/syscalls.o
                0x08001744                _sbrk
 .text.SystemInit
                0x0800179c       0x6c src/system_stm32f4xx.o
                0x0800179c                SystemInit
 .text.SetSysClock
                0x08001808       0xa0 src/system_stm32f4xx.o
 .text.NVIC_SetPriority
                0x080018a8       0x54 src/tm_stm32f4_delay.o
 .text.SysTick_Config
                0x080018fc       0x44 src/tm_stm32f4_delay.o
 .text.SysTick_Handler
                0x08001940       0xf0 src/tm_stm32f4_delay.o
                0x08001940                SysTick_Handler
 .text.TM_DELAY_Init
                0x08001a30       0x50 src/tm_stm32f4_delay.o
                0x08001a30                TM_DELAY_Init
 .text.TM_GPIO_Init
                0x08001a80       0x46 src/tm_stm32f4_gpio.o
                0x08001a80                TM_GPIO_Init
 .text.TM_GPIO_GetPortSource
                0x08001ac6       0x22 src/tm_stm32f4_gpio.o
                0x08001ac6                TM_GPIO_GetPortSource
 .text.TM_GPIO_INT_EnableClock
                0x08001ae8       0x30 src/tm_stm32f4_gpio.o
                0x08001ae8                TM_GPIO_INT_EnableClock
 .text.TM_GPIO_INT_Init
                0x08001b18      0x10c src/tm_stm32f4_gpio.o
                0x08001b18                TM_GPIO_INT_Init
 .text.Delay    0x08001c24       0x64 src/tm_stm32f4_hd44780.o
 .text.TM_HD44780_Init
                0x08001c88       0xd0 src/tm_stm32f4_hd44780.o
                0x08001c88                TM_HD44780_Init
 .text.TM_HD44780_Clear
                0x08001d58       0x16 src/tm_stm32f4_hd44780.o
                0x08001d58                TM_HD44780_Clear
 *fill*         0x08001d6e        0x2 
 .text.TM_HD44780_Puts
                0x08001d70       0xb8 src/tm_stm32f4_hd44780.o
                0x08001d70                TM_HD44780_Puts
 .text.TM_HD44780_DisplayOn
                0x08001e28       0x2c src/tm_stm32f4_hd44780.o
                0x08001e28                TM_HD44780_DisplayOn
 .text.TM_HD44780_CreateChar
                0x08001e54       0x50 src/tm_stm32f4_hd44780.o
                0x08001e54                TM_HD44780_CreateChar
 .text.TM_HD44780_PutCustom
                0x08001ea4       0x2e src/tm_stm32f4_hd44780.o
                0x08001ea4                TM_HD44780_PutCustom
 *fill*         0x08001ed2        0x2 
 .text.TM_HD44780_Cmd
                0x08001ed4       0x38 src/tm_stm32f4_hd44780.o
 .text.TM_HD44780_Data
                0x08001f0c       0x38 src/tm_stm32f4_hd44780.o
 .text.TM_HD44780_Cmd4bit
                0x08001f44       0xa4 src/tm_stm32f4_hd44780.o
 .text.TM_HD44780_CursorSet
                0x08001fe8       0x64 src/tm_stm32f4_hd44780.o
 .text.TM_HD44780_InitPins
                0x0800204c       0xc0 src/tm_stm32f4_hd44780.o
 .text.Reset_Handler
                0x0800210c       0x50 startup/startup_stm32.o
                0x0800210c                Reset_Handler
 .text.Default_Handler
                0x0800215c        0x2 startup/startup_stm32.o
                0x0800215c                RTC_Alarm_IRQHandler
                0x0800215c                EXTI2_IRQHandler
                0x0800215c                DebugMon_Handler
                0x0800215c                SPI4_IRQHandler
                0x0800215c                TIM1_CC_IRQHandler
                0x0800215c                DMA2_Stream5_IRQHandler
                0x0800215c                HardFault_Handler
                0x0800215c                DMA1_Stream5_IRQHandler
                0x0800215c                PVD_IRQHandler
                0x0800215c                SDIO_IRQHandler
                0x0800215c                TAMP_STAMP_IRQHandler
                0x0800215c                PendSV_Handler
                0x0800215c                NMI_Handler
                0x0800215c                TIM1_UP_TIM10_IRQHandler
                0x0800215c                I2C3_ER_IRQHandler
                0x0800215c                I2C2_EV_IRQHandler
                0x0800215c                DMA1_Stream2_IRQHandler
                0x0800215c                FPU_IRQHandler
                0x0800215c                UsageFault_Handler
                0x0800215c                DMA2_Stream2_IRQHandler
                0x0800215c                SPI1_IRQHandler
                0x0800215c                TIM1_BRK_TIM9_IRQHandler
                0x0800215c                DMA2_Stream3_IRQHandler
                0x0800215c                USART6_IRQHandler
                0x0800215c                DMA2_Stream0_IRQHandler
                0x0800215c                TIM4_IRQHandler
                0x0800215c                I2C1_EV_IRQHandler
                0x0800215c                DMA1_Stream6_IRQHandler
                0x0800215c                DMA1_Stream1_IRQHandler
                0x0800215c                TIM3_IRQHandler
                0x0800215c                RCC_IRQHandler
                0x0800215c                Default_Handler
                0x0800215c                EXTI15_10_IRQHandler
                0x0800215c                ADC_IRQHandler
                0x0800215c                DMA1_Stream7_IRQHandler
                0x0800215c                SPI5_IRQHandler
                0x0800215c                TIM5_IRQHandler
                0x0800215c                DMA2_Stream7_IRQHandler
                0x0800215c                I2C3_EV_IRQHandler
                0x0800215c                EXTI9_5_IRQHandler
                0x0800215c                RTC_WKUP_IRQHandler
                0x0800215c                SPI2_IRQHandler
                0x0800215c                MemManage_Handler
                0x0800215c                DMA1_Stream0_IRQHandler
                0x0800215c                SVC_Handler
                0x0800215c                WWDG_IRQHandler
                0x0800215c                TIM2_IRQHandler
                0x0800215c                OTG_FS_WKUP_IRQHandler
                0x0800215c                TIM1_TRG_COM_TIM11_IRQHandler
                0x0800215c                USART2_IRQHandler
                0x0800215c                I2C2_ER_IRQHandler
                0x0800215c                DMA2_Stream1_IRQHandler
                0x0800215c                FLASH_IRQHandler
                0x0800215c                DMA2_Stream4_IRQHandler
                0x0800215c                BusFault_Handler
                0x0800215c                USART1_IRQHandler
                0x0800215c                OTG_FS_IRQHandler
                0x0800215c                SPI3_IRQHandler
                0x0800215c                DMA1_Stream4_IRQHandler
                0x0800215c                I2C1_ER_IRQHandler
                0x0800215c                DMA2_Stream6_IRQHandler
                0x0800215c                DMA1_Stream3_IRQHandler
 *fill*         0x0800215e        0x2 
 .text.pow      0x08002160      0x338 d:/ac6/systemworkbench/plugins/fr.ac6.mcu.externaltools.arm-none.win32_1.17.0.201812190825/tools/compiler/bin/../lib/gcc/arm-none-eabi/7.3.1/../../../../arm-none-eabi/lib/thumb/v7e-m/fpv4-sp/hard\libm.a(lib_a-w_pow.o)
                0x08002160                pow
 .text.__ieee754_pow
                0x08002498      0xab8 d:/ac6/systemworkbench/plugins/fr.ac6.mcu.externaltools.arm-none.win32_1.17.0.201812190825/tools/compiler/bin/../lib/gcc/arm-none-eabi/7.3.1/../../../../arm-none-eabi/lib/thumb/v7e-m/fpv4-sp/hard\libm.a(lib_a-e_pow.o)
                0x08002498                __ieee754_pow
 .text.__ieee754_sqrt
                0x08002f50      0x194 d:/ac6/systemworkbench/plugins/fr.ac6.mcu.externaltools.arm-none.win32_1.17.0.201812190825/tools/compiler/bin/../lib/gcc/arm-none-eabi/7.3.1/../../../../arm-none-eabi/lib/thumb/v7e-m/fpv4-sp/hard\libm.a(lib_a-e_sqrt.o)
                0x08002f50                __ieee754_sqrt
 .text.fabs     0x080030e4       0x14 d:/ac6/systemworkbench/plugins/fr.ac6.mcu.externaltools.arm-none.win32_1.17.0.201812190825/tools/compiler/bin/../lib/gcc/arm-none-eabi/7.3.1/../../../../arm-none-eabi/lib/thumb/v7e-m/fpv4-sp/hard\libm.a(lib_a-s_fabs.o)
                0x080030e4                fabs
 .text.finite   0x080030f8       0x10 d:/ac6/systemworkbench/plugins/fr.ac6.mcu.externaltools.arm-none.win32_1.17.0.201812190825/tools/compiler/bin/../lib/gcc/arm-none-eabi/7.3.1/../../../../arm-none-eabi/lib/thumb/v7e-m/fpv4-sp/hard\libm.a(lib_a-s_finite.o)
                0x080030f8                finite
 .text.matherr  0x08003108        0x4 d:/ac6/systemworkbench/plugins/fr.ac6.mcu.externaltools.arm-none.win32_1.17.0.201812190825/tools/compiler/bin/../lib/gcc/arm-none-eabi/7.3.1/../../../../arm-none-eabi/lib/thumb/v7e-m/fpv4-sp/hard\libm.a(lib_a-s_matherr.o)
                0x08003108                matherr
 *fill*         0x0800310c        0x4 
 .text.nan      0x08003110       0x10 d:/ac6/systemworkbench/plugins/fr.ac6.mcu.externaltools.arm-none.win32_1.17.0.201812190825/tools/compiler/bin/../lib/gcc/arm-none-eabi/7.3.1/../../../../arm-none-eabi/lib/thumb/v7e-m/fpv4-sp/hard\libm.a(lib_a-s_nan.o)
                0x08003110                nan
 .text.rint     0x08003120      0x110 d:/ac6/systemworkbench/plugins/fr.ac6.mcu.externaltools.arm-none.win32_1.17.0.201812190825/tools/compiler/bin/../lib/gcc/arm-none-eabi/7.3.1/../../../../arm-none-eabi/lib/thumb/v7e-m/fpv4-sp/hard\libm.a(lib_a-s_rint.o)
                0x08003120                rint
 .text.scalbn   0x08003230      0x114 d:/ac6/systemworkbench/plugins/fr.ac6.mcu.externaltools.arm-none.win32_1.17.0.201812190825/tools/compiler/bin/../lib/gcc/arm-none-eabi/7.3.1/../../../../arm-none-eabi/lib/thumb/v7e-m/fpv4-sp/hard\libm.a(lib_a-s_scalbn.o)
                0x08003230                scalbn
 .text.copysign
                0x08003344       0x1c d:/ac6/systemworkbench/plugins/fr.ac6.mcu.externaltools.arm-none.win32_1.17.0.201812190825/tools/compiler/bin/../lib/gcc/arm-none-eabi/7.3.1/../../../../arm-none-eabi/lib/thumb/v7e-m/fpv4-sp/hard\libm.a(lib_a-s_copysign.o)
                0x08003344                copysign
 .text.__errno  0x08003360        0xc d:/ac6/systemworkbench/plugins/fr.ac6.mcu.externaltools.arm-none.win32_1.17.0.201812190825/tools/compiler/bin/../lib/gcc/arm-none-eabi/7.3.1/../../../../arm-none-eabi/lib/thumb/v7e-m/fpv4-sp/hard\libc.a(lib_a-errno.o)
                0x08003360                __errno
 .text.__libc_init_array
                0x0800336c       0x48 d:/ac6/systemworkbench/plugins/fr.ac6.mcu.externaltools.arm-none.win32_1.17.0.201812190825/tools/compiler/bin/../lib/gcc/arm-none-eabi/7.3.1/../../../../arm-none-eabi/lib/thumb/v7e-m/fpv4-sp/hard\libc.a(lib_a-init.o)
                0x0800336c                __libc_init_array
 .text.__itoa   0x080033b4       0x38 d:/ac6/systemworkbench/plugins/fr.ac6.mcu.externaltools.arm-none.win32_1.17.0.201812190825/tools/compiler/bin/../lib/gcc/arm-none-eabi/7.3.1/../../../../arm-none-eabi/lib/thumb/v7e-m/fpv4-sp/hard\libc.a(lib_a-itoa.o)
                0x080033b4                __itoa
 .text.itoa     0x080033ec        0x4 d:/ac6/systemworkbench/plugins/fr.ac6.mcu.externaltools.arm-none.win32_1.17.0.201812190825/tools/compiler/bin/../lib/gcc/arm-none-eabi/7.3.1/../../../../arm-none-eabi/lib/thumb/v7e-m/fpv4-sp/hard\libc.a(lib_a-itoa.o)
                0x080033ec                itoa
 .text.malloc   0x080033f0       0x10 d:/ac6/systemworkbench/plugins/fr.ac6.mcu.externaltools.arm-none.win32_1.17.0.201812190825/tools/compiler/bin/../lib/gcc/arm-none-eabi/7.3.1/../../../../arm-none-eabi/lib/thumb/v7e-m/fpv4-sp/hard\libc.a(lib_a-malloc.o)
                0x080033f0                malloc
 .text._malloc_r
                0x08003400      0x548 d:/ac6/systemworkbench/plugins/fr.ac6.mcu.externaltools.arm-none.win32_1.17.0.201812190825/tools/compiler/bin/../lib/gcc/arm-none-eabi/7.3.1/../../../../arm-none-eabi/lib/thumb/v7e-m/fpv4-sp/hard\libc.a(lib_a-mallocr.o)
                0x08003400                _malloc_r
 .text.__malloc_lock
                0x08003948        0xc d:/ac6/systemworkbench/plugins/fr.ac6.mcu.externaltools.arm-none.win32_1.17.0.201812190825/tools/compiler/bin/../lib/gcc/arm-none-eabi/7.3.1/../../../../arm-none-eabi/lib/thumb/v7e-m/fpv4-sp/hard\libc.a(lib_a-mlock.o)
                0x08003948                __malloc_lock
 .text.__malloc_unlock
                0x08003954        0xc d:/ac6/systemworkbench/plugins/fr.ac6.mcu.externaltools.arm-none.win32_1.17.0.201812190825/tools/compiler/bin/../lib/gcc/arm-none-eabi/7.3.1/../../../../arm-none-eabi/lib/thumb/v7e-m/fpv4-sp/hard\libc.a(lib_a-mlock.o)
                0x08003954                __malloc_unlock
 .text.rand     0x08003960       0x3c d:/ac6/systemworkbench/plugins/fr.ac6.mcu.externaltools.arm-none.win32_1.17.0.201812190825/tools/compiler/bin/../lib/gcc/arm-none-eabi/7.3.1/../../../../arm-none-eabi/lib/thumb/v7e-m/fpv4-sp/hard\libc.a(lib_a-rand.o)
                0x08003960                rand
 .text._sbrk_r  0x0800399c       0x24 d:/ac6/systemworkbench/plugins/fr.ac6.mcu.externaltools.arm-none.win32_1.17.0.201812190825/tools/compiler/bin/../lib/gcc/arm-none-eabi/7.3.1/../../../../arm-none-eabi/lib/thumb/v7e-m/fpv4-sp/hard\libc.a(lib_a-sbrkr.o)
                0x0800399c                _sbrk_r
 .text.__utoa   0x080039c0       0x80 d:/ac6/systemworkbench/plugins/fr.ac6.mcu.externaltools.arm-none.win32_1.17.0.201812190825/tools/compiler/bin/../lib/gcc/arm-none-eabi/7.3.1/../../../../arm-none-eabi/lib/thumb/v7e-m/fpv4-sp/hard\libc.a(lib_a-utoa.o)
                0x080039c0                __utoa
 .text.startup.register_fini
                0x08003a40       0x14 d:/ac6/systemworkbench/plugins/fr.ac6.mcu.externaltools.arm-none.win32_1.17.0.201812190825/tools/compiler/bin/../lib/gcc/arm-none-eabi/7.3.1/../../../../arm-none-eabi/lib/thumb/v7e-m/fpv4-sp/hard\libc.a(lib_a-__call_atexit.o)
 .text.atexit   0x08003a54        0xc d:/ac6/systemworkbench/plugins/fr.ac6.mcu.externaltools.arm-none.win32_1.17.0.201812190825/tools/compiler/bin/../lib/gcc/arm-none-eabi/7.3.1/../../../../arm-none-eabi/lib/thumb/v7e-m/fpv4-sp/hard\libc.a(lib_a-atexit.o)
                0x08003a54                atexit
 .text.__libc_fini_array
                0x08003a60       0x34 d:/ac6/systemworkbench/plugins/fr.ac6.mcu.externaltools.arm-none.win32_1.17.0.201812190825/tools/compiler/bin/../lib/gcc/arm-none-eabi/7.3.1/../../../../arm-none-eabi/lib/thumb/v7e-m/fpv4-sp/hard\libc.a(lib_a-fini.o)
                0x08003a60                __libc_fini_array
 .text._malloc_trim_r
                0x08003a94       0xa0 d:/ac6/systemworkbench/plugins/fr.ac6.mcu.externaltools.arm-none.win32_1.17.0.201812190825/tools/compiler/bin/../lib/gcc/arm-none-eabi/7.3.1/../../../../arm-none-eabi/lib/thumb/v7e-m/fpv4-sp/hard\libc.a(lib_a-freer.o)
                0x08003a94                _malloc_trim_r
 .text._free_r  0x08003b34      0x1e8 d:/ac6/systemworkbench/plugins/fr.ac6.mcu.externaltools.arm-none.win32_1.17.0.201812190825/tools/compiler/bin/../lib/gcc/arm-none-eabi/7.3.1/../../../../arm-none-eabi/lib/thumb/v7e-m/fpv4-sp/hard\libc.a(lib_a-freer.o)
                0x08003b34                _free_r
 .text.__retarget_lock_acquire_recursive
                0x08003d1c        0x4 d:/ac6/systemworkbench/plugins/fr.ac6.mcu.externaltools.arm-none.win32_1.17.0.201812190825/tools/compiler/bin/../lib/gcc/arm-none-eabi/7.3.1/../../../../arm-none-eabi/lib/thumb/v7e-m/fpv4-sp/hard\libc.a(lib_a-lock.o)
                0x08003d1c                __retarget_lock_acquire_recursive
 .text.__retarget_lock_release_recursive
                0x08003d20        0x4 d:/ac6/systemworkbench/plugins/fr.ac6.mcu.externaltools.arm-none.win32_1.17.0.201812190825/tools/compiler/bin/../lib/gcc/arm-none-eabi/7.3.1/../../../../arm-none-eabi/lib/thumb/v7e-m/fpv4-sp/hard\libc.a(lib_a-lock.o)
                0x08003d20                __retarget_lock_release_recursive
 .text.__register_exitproc
                0x08003d24       0xc0 d:/ac6/systemworkbench/plugins/fr.ac6.mcu.externaltools.arm-none.win32_1.17.0.201812190825/tools/compiler/bin/../lib/gcc/arm-none-eabi/7.3.1/../../../../arm-none-eabi/lib/thumb/v7e-m/fpv4-sp/hard\libc.a(lib_a-__atexit.o)
                0x08003d24                __register_exitproc
 *(.glue_7)
 .glue_7        0x08003de4        0x0 linker stubs
 *(.glue_7t)
 .glue_7t       0x08003de4        0x0 linker stubs
 *(.eh_frame)
 .eh_frame      0x08003de4        0x0 d:/ac6/systemworkbench/plugins/fr.ac6.mcu.externaltools.arm-none.win32_1.17.0.201812190825/tools/compiler/bin/../lib/gcc/arm-none-eabi/7.3.1/thumb/v7e-m/fpv4-sp/hard/crtbegin.o
 *(.init)
 .init          0x08003de4        0x4 d:/ac6/systemworkbench/plugins/fr.ac6.mcu.externaltools.arm-none.win32_1.17.0.201812190825/tools/compiler/bin/../lib/gcc/arm-none-eabi/7.3.1/thumb/v7e-m/fpv4-sp/hard/crti.o
                0x08003de4                _init
 .init          0x08003de8        0x8 d:/ac6/systemworkbench/plugins/fr.ac6.mcu.externaltools.arm-none.win32_1.17.0.201812190825/tools/compiler/bin/../lib/gcc/arm-none-eabi/7.3.1/thumb/v7e-m/fpv4-sp/hard/crtn.o
 *(.fini)
 .fini          0x08003df0        0x4 d:/ac6/systemworkbench/plugins/fr.ac6.mcu.externaltools.arm-none.win32_1.17.0.201812190825/tools/compiler/bin/../lib/gcc/arm-none-eabi/7.3.1/thumb/v7e-m/fpv4-sp/hard/crti.o
                0x08003df0                _fini
 .fini          0x08003df4        0x8 d:/ac6/systemworkbench/plugins/fr.ac6.mcu.externaltools.arm-none.win32_1.17.0.201812190825/tools/compiler/bin/../lib/gcc/arm-none-eabi/7.3.1/thumb/v7e-m/fpv4-sp/hard/crtn.o
                0x08003dfc                . = ALIGN (0x4)
                0x08003dfc                _etext = .

.vfp11_veneer   0x08003dfc        0x0
 .vfp11_veneer  0x08003dfc        0x0 linker stubs

.v4_bx          0x08003dfc        0x0
 .v4_bx         0x08003dfc        0x0 linker stubs

.iplt           0x08003dfc        0x0
 .iplt          0x08003dfc        0x0 d:/ac6/systemworkbench/plugins/fr.ac6.mcu.externaltools.arm-none.win32_1.17.0.201812190825/tools/compiler/bin/../lib/gcc/arm-none-eabi/7.3.1/thumb/v7e-m/fpv4-sp/hard/crtbegin.o

.rodata         0x08003e00       0x94
                0x08003e00                . = ALIGN (0x4)
 *(.rodata)
 .rodata        0x08003e00       0x4c src/main.o
 .rodata        0x08003e4c        0x4 src/tm_stm32f4_hd44780.o
 *(.rodata*)
 .rodata.pow.str1.4
                0x08003e50        0x4 d:/ac6/systemworkbench/plugins/fr.ac6.mcu.externaltools.arm-none.win32_1.17.0.201812190825/tools/compiler/bin/../lib/gcc/arm-none-eabi/7.3.1/../../../../arm-none-eabi/lib/thumb/v7e-m/fpv4-sp/hard\libm.a(lib_a-w_pow.o)
 .rodata.__ieee754_pow.str1.4
                0x08003e54        0x4 d:/ac6/systemworkbench/plugins/fr.ac6.mcu.externaltools.arm-none.win32_1.17.0.201812190825/tools/compiler/bin/../lib/gcc/arm-none-eabi/7.3.1/../../../../arm-none-eabi/lib/thumb/v7e-m/fpv4-sp/hard\libm.a(lib_a-e_pow.o)
                                  0x1 (size before relaxing)
 *fill*         0x08003e54        0x4 
 .rodata.TWO52  0x08003e58       0x10 d:/ac6/systemworkbench/plugins/fr.ac6.mcu.externaltools.arm-none.win32_1.17.0.201812190825/tools/compiler/bin/../lib/gcc/arm-none-eabi/7.3.1/../../../../arm-none-eabi/lib/thumb/v7e-m/fpv4-sp/hard\libm.a(lib_a-s_rint.o)
 .rodata._global_impure_ptr
                0x08003e68        0x4 d:/ac6/systemworkbench/plugins/fr.ac6.mcu.externaltools.arm-none.win32_1.17.0.201812190825/tools/compiler/bin/../lib/gcc/arm-none-eabi/7.3.1/../../../../arm-none-eabi/lib/thumb/v7e-m/fpv4-sp/hard\libc.a(lib_a-impure.o)
                0x08003e68                _global_impure_ptr
 .rodata.__utoa.str1.4
                0x08003e6c       0x28 d:/ac6/systemworkbench/plugins/fr.ac6.mcu.externaltools.arm-none.win32_1.17.0.201812190825/tools/compiler/bin/../lib/gcc/arm-none-eabi/7.3.1/../../../../arm-none-eabi/lib/thumb/v7e-m/fpv4-sp/hard\libc.a(lib_a-utoa.o)
                                 0x25 (size before relaxing)
                0x08003e94                . = ALIGN (0x4)

.rel.dyn        0x08003e94        0x0
 .rel.iplt      0x08003e94        0x0 d:/ac6/systemworkbench/plugins/fr.ac6.mcu.externaltools.arm-none.win32_1.17.0.201812190825/tools/compiler/bin/../lib/gcc/arm-none-eabi/7.3.1/thumb/v7e-m/fpv4-sp/hard/crtbegin.o

.ARM.extab      0x08003e94        0x0
                0x08003e94                . = ALIGN (0x4)
 *(.ARM.extab* .gnu.linkonce.armextab.*)
                0x08003e94                . = ALIGN (0x4)

.ARM            0x08003e94        0x0
                0x08003e94                . = ALIGN (0x4)
                0x08003e94                __exidx_start = .
 *(.ARM.exidx*)
                0x08003e94                __exidx_end = .
                0x08003e94                . = ALIGN (0x4)

.preinit_array  0x08003e94        0x0
                0x08003e94                . = ALIGN (0x4)
                0x08003e94                PROVIDE (__preinit_array_start = .)
 *(.preinit_array*)
                0x08003e94                PROVIDE (__preinit_array_end = .)
                0x08003e94                . = ALIGN (0x4)

.init_array     0x08003e94        0x8
                0x08003e94                . = ALIGN (0x4)
                0x08003e94                PROVIDE (__init_array_start = .)
 *(SORT_BY_NAME(.init_array.*))
 .init_array.00000
                0x08003e94        0x4 d:/ac6/systemworkbench/plugins/fr.ac6.mcu.externaltools.arm-none.win32_1.17.0.201812190825/tools/compiler/bin/../lib/gcc/arm-none-eabi/7.3.1/../../../../arm-none-eabi/lib/thumb/v7e-m/fpv4-sp/hard\libc.a(lib_a-__call_atexit.o)
 *(.init_array*)
 .init_array    0x08003e98        0x4 d:/ac6/systemworkbench/plugins/fr.ac6.mcu.externaltools.arm-none.win32_1.17.0.201812190825/tools/compiler/bin/../lib/gcc/arm-none-eabi/7.3.1/thumb/v7e-m/fpv4-sp/hard/crtbegin.o
                0x08003e9c                PROVIDE (__init_array_end = .)
                0x08003e9c                . = ALIGN (0x4)

.fini_array     0x08003e9c        0x4
                0x08003e9c                . = ALIGN (0x4)
                0x08003e9c                PROVIDE (__fini_array_start = .)
 *(SORT_BY_NAME(.fini_array.*))
 *(.fini_array*)
 .fini_array    0x08003e9c        0x4 d:/ac6/systemworkbench/plugins/fr.ac6.mcu.externaltools.arm-none.win32_1.17.0.201812190825/tools/compiler/bin/../lib/gcc/arm-none-eabi/7.3.1/thumb/v7e-m/fpv4-sp/hard/crtbegin.o
                0x08003ea0                PROVIDE (__fini_array_end = .)
                0x08003ea0                . = ALIGN (0x4)
                0x08003ea0                _sidata = LOADADDR (.data)

.data           0x20000000      0x86c load address 0x08003ea0
                0x20000000                . = ALIGN (0x4)
                0x20000000                _sdata = .
 *(.data)
 .data          0x20000000       0x10 src/main.o
                0x20000000                tempo
                0x20000004                passalvl
                0x20000008                mintempo
 .data          0x20000010       0x14 src/system_stm32f4xx.o
                0x20000010                SystemCoreClock
                0x20000014                AHBPrescTable
 *(.data*)
 .data.__fdlib_version
                0x20000024        0x1 d:/ac6/systemworkbench/plugins/fr.ac6.mcu.externaltools.arm-none.win32_1.17.0.201812190825/tools/compiler/bin/../lib/gcc/arm-none-eabi/7.3.1/../../../../arm-none-eabi/lib/thumb/v7e-m/fpv4-sp/hard\libm.a(lib_a-s_lib_ver.o)
                0x20000024                __fdlib_version
 *fill*         0x20000025        0x3 
 .data._impure_ptr
                0x20000028        0x4 d:/ac6/systemworkbench/plugins/fr.ac6.mcu.externaltools.arm-none.win32_1.17.0.201812190825/tools/compiler/bin/../lib/gcc/arm-none-eabi/7.3.1/../../../../arm-none-eabi/lib/thumb/v7e-m/fpv4-sp/hard\libc.a(lib_a-impure.o)
                0x20000028                _impure_ptr
 *fill*         0x2000002c        0x4 
 .data.impure_data
                0x20000030      0x428 d:/ac6/systemworkbench/plugins/fr.ac6.mcu.externaltools.arm-none.win32_1.17.0.201812190825/tools/compiler/bin/../lib/gcc/arm-none-eabi/7.3.1/../../../../arm-none-eabi/lib/thumb/v7e-m/fpv4-sp/hard\libc.a(lib_a-impure.o)
 .data.__malloc_av_
                0x20000458      0x408 d:/ac6/systemworkbench/plugins/fr.ac6.mcu.externaltools.arm-none.win32_1.17.0.201812190825/tools/compiler/bin/../lib/gcc/arm-none-eabi/7.3.1/../../../../arm-none-eabi/lib/thumb/v7e-m/fpv4-sp/hard\libc.a(lib_a-mallocr.o)
                0x20000458                __malloc_av_
 .data.__malloc_sbrk_base
                0x20000860        0x4 d:/ac6/systemworkbench/plugins/fr.ac6.mcu.externaltools.arm-none.win32_1.17.0.201812190825/tools/compiler/bin/../lib/gcc/arm-none-eabi/7.3.1/../../../../arm-none-eabi/lib/thumb/v7e-m/fpv4-sp/hard\libc.a(lib_a-mallocr.o)
                0x20000860                __malloc_sbrk_base
 .data.__malloc_trim_threshold
                0x20000864        0x4 d:/ac6/systemworkbench/plugins/fr.ac6.mcu.externaltools.arm-none.win32_1.17.0.201812190825/tools/compiler/bin/../lib/gcc/arm-none-eabi/7.3.1/../../../../arm-none-eabi/lib/thumb/v7e-m/fpv4-sp/hard\libc.a(lib_a-mallocr.o)
                0x20000864                __malloc_trim_threshold
 .data.__atexit_recursive_mutex
                0x20000868        0x4 d:/ac6/systemworkbench/plugins/fr.ac6.mcu.externaltools.arm-none.win32_1.17.0.201812190825/tools/compiler/bin/../lib/gcc/arm-none-eabi/7.3.1/../../../../arm-none-eabi/lib/thumb/v7e-m/fpv4-sp/hard\libc.a(lib_a-__call_atexit.o)
                0x20000868                __atexit_recursive_mutex
                0x2000086c                . = ALIGN (0x4)
                0x2000086c                _edata = .

.igot.plt       0x2000086c        0x0 load address 0x0800470c
 .igot.plt      0x2000086c        0x0 d:/ac6/systemworkbench/plugins/fr.ac6.mcu.externaltools.arm-none.win32_1.17.0.201812190825/tools/compiler/bin/../lib/gcc/arm-none-eabi/7.3.1/thumb/v7e-m/fpv4-sp/hard/crtbegin.o
                0x2000086c                . = ALIGN (0x4)

.bss            0x2000086c      0x238 load address 0x0800470c
                0x2000086c                _sbss = .
                0x2000086c                __bss_start__ = _sbss
 *(.bss)
 .bss           0x2000086c       0x1c d:/ac6/systemworkbench/plugins/fr.ac6.mcu.externaltools.arm-none.win32_1.17.0.201812190825/tools/compiler/bin/../lib/gcc/arm-none-eabi/7.3.1/thumb/v7e-m/fpv4-sp/hard/crtbegin.o
 .bss           0x20000888      0x150 src/irq.o
                0x20000888                display
 .bss           0x200009d8        0xc src/main.o
                0x200009d8                pnt
                0x200009dc                leveu
 .bss           0x200009e4        0x8 src/syscalls.o
                0x200009e4                __env
 .bss           0x200009ec       0x28 src/tm_stm32f4_delay.o
                0x200009ec                TM_TimingDelay
                0x200009f0                TM_Time
                0x200009f4                TM_Time2
                0x200009f8                TM_DELAY_Initialized
 .bss           0x20000a14       0x16 src/tm_stm32f4_gpio.o
 *fill*         0x20000a2a        0x2 
 .bss           0x20000a2c        0x7 src/tm_stm32f4_hd44780.o
 *(.bss*)
 *fill*         0x20000a33        0x1 
 .bss.__malloc_current_mallinfo
                0x20000a34       0x28 d:/ac6/systemworkbench/plugins/fr.ac6.mcu.externaltools.arm-none.win32_1.17.0.201812190825/tools/compiler/bin/../lib/gcc/arm-none-eabi/7.3.1/../../../../arm-none-eabi/lib/thumb/v7e-m/fpv4-sp/hard\libc.a(lib_a-mallocr.o)
                0x20000a34                __malloc_current_mallinfo
 .bss.__malloc_max_sbrked_mem
                0x20000a5c        0x4 d:/ac6/systemworkbench/plugins/fr.ac6.mcu.externaltools.arm-none.win32_1.17.0.201812190825/tools/compiler/bin/../lib/gcc/arm-none-eabi/7.3.1/../../../../arm-none-eabi/lib/thumb/v7e-m/fpv4-sp/hard\libc.a(lib_a-mallocr.o)
                0x20000a5c                __malloc_max_sbrked_mem
 .bss.__malloc_max_total_mem
                0x20000a60        0x4 d:/ac6/systemworkbench/plugins/fr.ac6.mcu.externaltools.arm-none.win32_1.17.0.201812190825/tools/compiler/bin/../lib/gcc/arm-none-eabi/7.3.1/../../../../arm-none-eabi/lib/thumb/v7e-m/fpv4-sp/hard\libc.a(lib_a-mallocr.o)
                0x20000a60                __malloc_max_total_mem
 .bss.__malloc_top_pad
                0x20000a64        0x4 d:/ac6/systemworkbench/plugins/fr.ac6.mcu.externaltools.arm-none.win32_1.17.0.201812190825/tools/compiler/bin/../lib/gcc/arm-none-eabi/7.3.1/../../../../arm-none-eabi/lib/thumb/v7e-m/fpv4-sp/hard\libc.a(lib_a-mallocr.o)
                0x20000a64                __malloc_top_pad
 *(COMMON)
 COMMON         0x20000a68        0x8 src/irq.o
                0x20000a68                GPIO_LED_GREEN
 COMMON         0x20000a70        0x7 src/main.o
                0x20000a70                lvl
                0x20000a74                pont
 *fill*         0x20000a77        0x1 
 COMMON         0x20000a78        0x4 src/tm_stm32f4_delay.o
                0x20000a78                mult
 COMMON         0x20000a7c       0x21 d:/ac6/systemworkbench/plugins/fr.ac6.mcu.externaltools.arm-none.win32_1.17.0.201812190825/tools/compiler/bin/../lib/gcc/arm-none-eabi/7.3.1/../../../../arm-none-eabi/lib/thumb/v7e-m/fpv4-sp/hard\libc.a(lib_a-lock.o)
                0x20000a7c                __lock___atexit_recursive_mutex
                0x20000a80                __lock___arc4random_mutex
                0x20000a84                __lock___env_recursive_mutex
                0x20000a88                __lock___sinit_recursive_mutex
                0x20000a8c                __lock___malloc_recursive_mutex
                0x20000a90                __lock___at_quick_exit_mutex
                0x20000a94                __lock___dd_hash_mutex
                0x20000a98                __lock___tz_mutex
                0x20000a9c                __lock___sfp_recursive_mutex
 *fill*         0x20000a9d        0x3 
 COMMON         0x20000aa0        0x4 d:/ac6/systemworkbench/plugins/fr.ac6.mcu.externaltools.arm-none.win32_1.17.0.201812190825/tools/compiler/bin/../lib/gcc/arm-none-eabi/7.3.1/../../../../arm-none-eabi/lib/thumb/v7e-m/fpv4-sp/hard\libc.a(lib_a-reent.o)
                0x20000aa0                errno
                0x20000aa4                . = ALIGN (0x4)
                0x20000aa4                _ebss = .
                0x20000aa4                __bss_end__ = _ebss

._user_heap_stack
                0x20000aa4      0x404 load address 0x0800470c
                0x20000aa8                . = ALIGN (0x8)
 *fill*         0x20000aa4        0x4 
                0x20000aa8                PROVIDE (end = .)
                [!provide]                PROVIDE (_end = .)
                0x20000aa8                . = (. + _Min_Heap_Size)
                0x20000ea8                . = (. + _Min_Stack_Size)
 *fill*         0x20000aa8      0x400 
                0x20000ea8                . = ALIGN (0x8)

/DISCARD/
 libc.a(*)
 libm.a(*)
 libgcc.a(*)

.ARM.attributes
                0x00000000       0x30
 *(.ARM.attributes)
 .ARM.attributes
                0x00000000       0x22 d:/ac6/systemworkbench/plugins/fr.ac6.mcu.externaltools.arm-none.win32_1.17.0.201812190825/tools/compiler/bin/../lib/gcc/arm-none-eabi/7.3.1/thumb/v7e-m/fpv4-sp/hard/crti.o
 .ARM.attributes
                0x00000022       0x34 d:/ac6/systemworkbench/plugins/fr.ac6.mcu.externaltools.arm-none.win32_1.17.0.201812190825/tools/compiler/bin/../lib/gcc/arm-none-eabi/7.3.1/thumb/v7e-m/fpv4-sp/hard/crtbegin.o
 .ARM.attributes
                0x00000056       0x39 StdPeriph_Driver/src/misc.o
 .ARM.attributes
                0x0000008f       0x39 StdPeriph_Driver/src/stm32f4xx_exti.o
 .ARM.attributes
                0x000000c8       0x39 StdPeriph_Driver/src/stm32f4xx_gpio.o
 .ARM.attributes
                0x00000101       0x39 StdPeriph_Driver/src/stm32f4xx_rcc.o
 .ARM.attributes
                0x0000013a       0x39 StdPeriph_Driver/src/stm32f4xx_syscfg.o
 .ARM.attributes
                0x00000173       0x39 src/irq.o
 .ARM.attributes
                0x000001ac       0x39 src/main.o
 .ARM.attributes
                0x000001e5       0x39 src/syscalls.o
 .ARM.attributes
                0x0000021e       0x39 src/system_stm32f4xx.o
 .ARM.attributes
                0x00000257       0x39 src/tm_stm32f4_delay.o
 .ARM.attributes
                0x00000290       0x39 src/tm_stm32f4_gpio.o
 .ARM.attributes
                0x000002c9       0x39 src/tm_stm32f4_hd44780.o
 .ARM.attributes
                0x00000302       0x21 startup/startup_stm32.o
 .ARM.attributes
                0x00000323       0x34 d:/ac6/systemworkbench/plugins/fr.ac6.mcu.externaltools.arm-none.win32_1.17.0.201812190825/tools/compiler/bin/../lib/gcc/arm-none-eabi/7.3.1/../../../../arm-none-eabi/lib/thumb/v7e-m/fpv4-sp/hard\libm.a(lib_a-w_pow.o)
 .ARM.attributes
                0x00000357       0x34 d:/ac6/systemworkbench/plugins/fr.ac6.mcu.externaltools.arm-none.win32_1.17.0.201812190825/tools/compiler/bin/../lib/gcc/arm-none-eabi/7.3.1/../../../../arm-none-eabi/lib/thumb/v7e-m/fpv4-sp/hard\libm.a(lib_a-e_pow.o)
 .ARM.attributes
                0x0000038b       0x34 d:/ac6/systemworkbench/plugins/fr.ac6.mcu.externaltools.arm-none.win32_1.17.0.201812190825/tools/compiler/bin/../lib/gcc/arm-none-eabi/7.3.1/../../../../arm-none-eabi/lib/thumb/v7e-m/fpv4-sp/hard\libm.a(lib_a-e_sqrt.o)
 .ARM.attributes
                0x000003bf       0x34 d:/ac6/systemworkbench/plugins/fr.ac6.mcu.externaltools.arm-none.win32_1.17.0.201812190825/tools/compiler/bin/../lib/gcc/arm-none-eabi/7.3.1/../../../../arm-none-eabi/lib/thumb/v7e-m/fpv4-sp/hard\libm.a(lib_a-s_fabs.o)
 .ARM.attributes
                0x000003f3       0x34 d:/ac6/systemworkbench/plugins/fr.ac6.mcu.externaltools.arm-none.win32_1.17.0.201812190825/tools/compiler/bin/../lib/gcc/arm-none-eabi/7.3.1/../../../../arm-none-eabi/lib/thumb/v7e-m/fpv4-sp/hard\libm.a(lib_a-s_finite.o)
 .ARM.attributes
                0x00000427       0x34 d:/ac6/systemworkbench/plugins/fr.ac6.mcu.externaltools.arm-none.win32_1.17.0.201812190825/tools/compiler/bin/../lib/gcc/arm-none-eabi/7.3.1/../../../../arm-none-eabi/lib/thumb/v7e-m/fpv4-sp/hard\libm.a(lib_a-s_lib_ver.o)
 .ARM.attributes
                0x0000045b       0x34 d:/ac6/systemworkbench/plugins/fr.ac6.mcu.externaltools.arm-none.win32_1.17.0.201812190825/tools/compiler/bin/../lib/gcc/arm-none-eabi/7.3.1/../../../../arm-none-eabi/lib/thumb/v7e-m/fpv4-sp/hard\libm.a(lib_a-s_matherr.o)
 .ARM.attributes
                0x0000048f       0x34 d:/ac6/systemworkbench/plugins/fr.ac6.mcu.externaltools.arm-none.win32_1.17.0.201812190825/tools/compiler/bin/../lib/gcc/arm-none-eabi/7.3.1/../../../../arm-none-eabi/lib/thumb/v7e-m/fpv4-sp/hard\libm.a(lib_a-s_nan.o)
 .ARM.attributes
                0x000004c3       0x34 d:/ac6/systemworkbench/plugins/fr.ac6.mcu.externaltools.arm-none.win32_1.17.0.201812190825/tools/compiler/bin/../lib/gcc/arm-none-eabi/7.3.1/../../../../arm-none-eabi/lib/thumb/v7e-m/fpv4-sp/hard\libm.a(lib_a-s_rint.o)
 .ARM.attributes
                0x000004f7       0x34 d:/ac6/systemworkbench/plugins/fr.ac6.mcu.externaltools.arm-none.win32_1.17.0.201812190825/tools/compiler/bin/../lib/gcc/arm-none-eabi/7.3.1/../../../../arm-none-eabi/lib/thumb/v7e-m/fpv4-sp/hard\libm.a(lib_a-s_scalbn.o)
 .ARM.attributes
                0x0000052b       0x34 d:/ac6/systemworkbench/plugins/fr.ac6.mcu.externaltools.arm-none.win32_1.17.0.201812190825/tools/compiler/bin/../lib/gcc/arm-none-eabi/7.3.1/../../../../arm-none-eabi/lib/thumb/v7e-m/fpv4-sp/hard\libm.a(lib_a-s_copysign.o)
 .ARM.attributes
                0x0000055f       0x22 d:/ac6/systemworkbench/plugins/fr.ac6.mcu.externaltools.arm-none.win32_1.17.0.201812190825/tools/compiler/bin/../lib/gcc/arm-none-eabi/7.3.1/thumb/v7e-m/fpv4-sp/hard\libgcc.a(_arm_addsubdf3.o)
 .ARM.attributes
                0x00000581       0x22 d:/ac6/systemworkbench/plugins/fr.ac6.mcu.externaltools.arm-none.win32_1.17.0.201812190825/tools/compiler/bin/../lib/gcc/arm-none-eabi/7.3.1/thumb/v7e-m/fpv4-sp/hard\libgcc.a(_arm_muldivdf3.o)
 .ARM.attributes
                0x000005a3       0x22 d:/ac6/systemworkbench/plugins/fr.ac6.mcu.externaltools.arm-none.win32_1.17.0.201812190825/tools/compiler/bin/../lib/gcc/arm-none-eabi/7.3.1/thumb/v7e-m/fpv4-sp/hard\libgcc.a(_arm_cmpdf2.o)
 .ARM.attributes
                0x000005c5       0x22 d:/ac6/systemworkbench/plugins/fr.ac6.mcu.externaltools.arm-none.win32_1.17.0.201812190825/tools/compiler/bin/../lib/gcc/arm-none-eabi/7.3.1/thumb/v7e-m/fpv4-sp/hard\libgcc.a(_arm_unorddf2.o)
 .ARM.attributes
                0x000005e7       0x22 d:/ac6/systemworkbench/plugins/fr.ac6.mcu.externaltools.arm-none.win32_1.17.0.201812190825/tools/compiler/bin/../lib/gcc/arm-none-eabi/7.3.1/thumb/v7e-m/fpv4-sp/hard\libgcc.a(_arm_fixdfsi.o)
 .ARM.attributes
                0x00000609       0x34 d:/ac6/systemworkbench/plugins/fr.ac6.mcu.externaltools.arm-none.win32_1.17.0.201812190825/tools/compiler/bin/../lib/gcc/arm-none-eabi/7.3.1/../../../../arm-none-eabi/lib/thumb/v7e-m/fpv4-sp/hard\libc.a(lib_a-errno.o)
 .ARM.attributes
                0x0000063d       0x34 d:/ac6/systemworkbench/plugins/fr.ac6.mcu.externaltools.arm-none.win32_1.17.0.201812190825/tools/compiler/bin/../lib/gcc/arm-none-eabi/7.3.1/../../../../arm-none-eabi/lib/thumb/v7e-m/fpv4-sp/hard\libc.a(lib_a-impure.o)
 .ARM.attributes
                0x00000671       0x34 d:/ac6/systemworkbench/plugins/fr.ac6.mcu.externaltools.arm-none.win32_1.17.0.201812190825/tools/compiler/bin/../lib/gcc/arm-none-eabi/7.3.1/../../../../arm-none-eabi/lib/thumb/v7e-m/fpv4-sp/hard\libc.a(lib_a-init.o)
 .ARM.attributes
                0x000006a5       0x34 d:/ac6/systemworkbench/plugins/fr.ac6.mcu.externaltools.arm-none.win32_1.17.0.201812190825/tools/compiler/bin/../lib/gcc/arm-none-eabi/7.3.1/../../../../arm-none-eabi/lib/thumb/v7e-m/fpv4-sp/hard\libc.a(lib_a-itoa.o)
 .ARM.attributes
                0x000006d9       0x34 d:/ac6/systemworkbench/plugins/fr.ac6.mcu.externaltools.arm-none.win32_1.17.0.201812190825/tools/compiler/bin/../lib/gcc/arm-none-eabi/7.3.1/../../../../arm-none-eabi/lib/thumb/v7e-m/fpv4-sp/hard\libc.a(lib_a-malloc.o)
 .ARM.attributes
                0x0000070d       0x34 d:/ac6/systemworkbench/plugins/fr.ac6.mcu.externaltools.arm-none.win32_1.17.0.201812190825/tools/compiler/bin/../lib/gcc/arm-none-eabi/7.3.1/../../../../arm-none-eabi/lib/thumb/v7e-m/fpv4-sp/hard\libc.a(lib_a-mallocr.o)
 .ARM.attributes
                0x00000741       0x34 d:/ac6/systemworkbench/plugins/fr.ac6.mcu.externaltools.arm-none.win32_1.17.0.201812190825/tools/compiler/bin/../lib/gcc/arm-none-eabi/7.3.1/../../../../arm-none-eabi/lib/thumb/v7e-m/fpv4-sp/hard\libc.a(lib_a-mlock.o)
 .ARM.attributes
                0x00000775       0x34 d:/ac6/systemworkbench/plugins/fr.ac6.mcu.externaltools.arm-none.win32_1.17.0.201812190825/tools/compiler/bin/../lib/gcc/arm-none-eabi/7.3.1/../../../../arm-none-eabi/lib/thumb/v7e-m/fpv4-sp/hard\libc.a(lib_a-rand.o)
 .ARM.attributes
                0x000007a9       0x34 d:/ac6/systemworkbench/plugins/fr.ac6.mcu.externaltools.arm-none.win32_1.17.0.201812190825/tools/compiler/bin/../lib/gcc/arm-none-eabi/7.3.1/../../../../arm-none-eabi/lib/thumb/v7e-m/fpv4-sp/hard\libc.a(lib_a-sbrkr.o)
 .ARM.attributes
                0x000007dd       0x34 d:/ac6/systemworkbench/plugins/fr.ac6.mcu.externaltools.arm-none.win32_1.17.0.201812190825/tools/compiler/bin/../lib/gcc/arm-none-eabi/7.3.1/../../../../arm-none-eabi/lib/thumb/v7e-m/fpv4-sp/hard\libc.a(lib_a-utoa.o)
 .ARM.attributes
                0x00000811       0x34 d:/ac6/systemworkbench/plugins/fr.ac6.mcu.externaltools.arm-none.win32_1.17.0.201812190825/tools/compiler/bin/../lib/gcc/arm-none-eabi/7.3.1/../../../../arm-none-eabi/lib/thumb/v7e-m/fpv4-sp/hard\libc.a(lib_a-__call_atexit.o)
 .ARM.attributes
                0x00000845       0x34 d:/ac6/systemworkbench/plugins/fr.ac6.mcu.externaltools.arm-none.win32_1.17.0.201812190825/tools/compiler/bin/../lib/gcc/arm-none-eabi/7.3.1/../../../../arm-none-eabi/lib/thumb/v7e-m/fpv4-sp/hard\libc.a(lib_a-atexit.o)
 .ARM.attributes
                0x00000879       0x34 d:/ac6/systemworkbench/plugins/fr.ac6.mcu.externaltools.arm-none.win32_1.17.0.201812190825/tools/compiler/bin/../lib/gcc/arm-none-eabi/7.3.1/../../../../arm-none-eabi/lib/thumb/v7e-m/fpv4-sp/hard\libc.a(lib_a-fini.o)
 .ARM.attributes
                0x000008ad       0x34 d:/ac6/systemworkbench/plugins/fr.ac6.mcu.externaltools.arm-none.win32_1.17.0.201812190825/tools/compiler/bin/../lib/gcc/arm-none-eabi/7.3.1/../../../../arm-none-eabi/lib/thumb/v7e-m/fpv4-sp/hard\libc.a(lib_a-freer.o)
 .ARM.attributes
                0x000008e1       0x34 d:/ac6/systemworkbench/plugins/fr.ac6.mcu.externaltools.arm-none.win32_1.17.0.201812190825/tools/compiler/bin/../lib/gcc/arm-none-eabi/7.3.1/../../../../arm-none-eabi/lib/thumb/v7e-m/fpv4-sp/hard\libc.a(lib_a-lock.o)
 .ARM.attributes
                0x00000915       0x34 d:/ac6/systemworkbench/plugins/fr.ac6.mcu.externaltools.arm-none.win32_1.17.0.201812190825/tools/compiler/bin/../lib/gcc/arm-none-eabi/7.3.1/../../../../arm-none-eabi/lib/thumb/v7e-m/fpv4-sp/hard\libc.a(lib_a-reent.o)
 .ARM.attributes
                0x00000949       0x34 d:/ac6/systemworkbench/plugins/fr.ac6.mcu.externaltools.arm-none.win32_1.17.0.201812190825/tools/compiler/bin/../lib/gcc/arm-none-eabi/7.3.1/../../../../arm-none-eabi/lib/thumb/v7e-m/fpv4-sp/hard\libc.a(lib_a-__atexit.o)
 .ARM.attributes
                0x0000097d       0x22 d:/ac6/systemworkbench/plugins/fr.ac6.mcu.externaltools.arm-none.win32_1.17.0.201812190825/tools/compiler/bin/../lib/gcc/arm-none-eabi/7.3.1/thumb/v7e-m/fpv4-sp/hard/crtn.o
OUTPUT(lcd.elf elf32-littlearm)

.debug_info     0x00000000     0x7bc1
 .debug_info    0x00000000      0x54b StdPeriph_Driver/src/misc.o
 .debug_info    0x0000054b      0x358 StdPeriph_Driver/src/stm32f4xx_exti.o
 .debug_info    0x000008a3      0x62b StdPeriph_Driver/src/stm32f4xx_gpio.o
 .debug_info    0x00000ece      0xd6d StdPeriph_Driver/src/stm32f4xx_rcc.o
 .debug_info    0x00001c3b      0x2a6 StdPeriph_Driver/src/stm32f4xx_syscfg.o
 .debug_info    0x00001ee1      0xf4f src/irq.o
 .debug_info    0x00002e30     0x10de src/main.o
 .debug_info    0x00003f0e      0xf2e src/syscalls.o
 .debug_info    0x00004e3c      0x5be src/system_stm32f4xx.o
 .debug_info    0x000053fa     0x11b6 src/tm_stm32f4_delay.o
 .debug_info    0x000065b0      0x87d src/tm_stm32f4_gpio.o
 .debug_info    0x00006e2d      0xd72 src/tm_stm32f4_hd44780.o
 .debug_info    0x00007b9f       0x22 startup/startup_stm32.o

.debug_abbrev   0x00000000     0x18fb
 .debug_abbrev  0x00000000      0x177 StdPeriph_Driver/src/misc.o
 .debug_abbrev  0x00000177      0x1c3 StdPeriph_Driver/src/stm32f4xx_exti.o
 .debug_abbrev  0x0000033a      0x1bf StdPeriph_Driver/src/stm32f4xx_gpio.o
 .debug_abbrev  0x000004f9      0x1d4 StdPeriph_Driver/src/stm32f4xx_rcc.o
 .debug_abbrev  0x000006cd      0x14b StdPeriph_Driver/src/stm32f4xx_syscfg.o
 .debug_abbrev  0x00000818      0x264 src/irq.o
 .debug_abbrev  0x00000a7c      0x319 src/main.o
 .debug_abbrev  0x00000d95      0x2aa src/syscalls.o
 .debug_abbrev  0x0000103f      0x138 src/system_stm32f4xx.o
 .debug_abbrev  0x00001177      0x37d src/tm_stm32f4_delay.o
 .debug_abbrev  0x000014f4      0x181 src/tm_stm32f4_gpio.o
 .debug_abbrev  0x00001675      0x274 src/tm_stm32f4_hd44780.o
 .debug_abbrev  0x000018e9       0x12 startup/startup_stm32.o

.debug_aranges  0x00000000      0x6a0
 .debug_aranges
                0x00000000       0x40 StdPeriph_Driver/src/misc.o
 .debug_aranges
                0x00000040       0x58 StdPeriph_Driver/src/stm32f4xx_exti.o
 .debug_aranges
                0x00000098       0x88 StdPeriph_Driver/src/stm32f4xx_gpio.o
 .debug_aranges
                0x00000120      0x198 StdPeriph_Driver/src/stm32f4xx_rcc.o
 .debug_aranges
                0x000002b8       0x50 StdPeriph_Driver/src/stm32f4xx_syscfg.o
 .debug_aranges
                0x00000308       0x60 src/irq.o
 .debug_aranges
                0x00000368       0x68 src/main.o
 .debug_aranges
                0x000003d0       0xb0 src/syscalls.o
 .debug_aranges
                0x00000480       0x30 src/system_stm32f4xx.o
 .debug_aranges
                0x000004b0       0x80 src/tm_stm32f4_delay.o
 .debug_aranges
                0x00000530       0x98 src/tm_stm32f4_gpio.o
 .debug_aranges
                0x000005c8       0xb0 src/tm_stm32f4_hd44780.o
 .debug_aranges
                0x00000678       0x28 startup/startup_stm32.o

.debug_ranges   0x00000000      0x5d8
 .debug_ranges  0x00000000       0x30 StdPeriph_Driver/src/misc.o
 .debug_ranges  0x00000030       0x48 StdPeriph_Driver/src/stm32f4xx_exti.o
 .debug_ranges  0x00000078       0x78 StdPeriph_Driver/src/stm32f4xx_gpio.o
 .debug_ranges  0x000000f0      0x188 StdPeriph_Driver/src/stm32f4xx_rcc.o
 .debug_ranges  0x00000278       0x40 StdPeriph_Driver/src/stm32f4xx_syscfg.o
 .debug_ranges  0x000002b8       0x50 src/irq.o
 .debug_ranges  0x00000308       0x58 src/main.o
 .debug_ranges  0x00000360       0xa0 src/syscalls.o
 .debug_ranges  0x00000400       0x20 src/system_stm32f4xx.o
 .debug_ranges  0x00000420       0x70 src/tm_stm32f4_delay.o
 .debug_ranges  0x00000490       0x88 src/tm_stm32f4_gpio.o
 .debug_ranges  0x00000518       0xa0 src/tm_stm32f4_hd44780.o
 .debug_ranges  0x000005b8       0x20 startup/startup_stm32.o

.debug_macro    0x00000000    0x1090c
 .debug_macro   0x00000000      0x191 StdPeriph_Driver/src/misc.o
 .debug_macro   0x00000191      0xa72 StdPeriph_Driver/src/misc.o
 .debug_macro   0x00000c03       0x65 StdPeriph_Driver/src/misc.o
 .debug_macro   0x00000c68       0x3b StdPeriph_Driver/src/misc.o
 .debug_macro   0x00000ca3       0x22 StdPeriph_Driver/src/misc.o
 .debug_macro   0x00000cc5       0x8e StdPeriph_Driver/src/misc.o
 .debug_macro   0x00000d53       0x51 StdPeriph_Driver/src/misc.o
 .debug_macro   0x00000da4       0xef StdPeriph_Driver/src/misc.o
 .debug_macro   0x00000e93       0x6a StdPeriph_Driver/src/misc.o
 .debug_macro   0x00000efd      0x1df StdPeriph_Driver/src/misc.o
 .debug_macro   0x000010dc       0x34 StdPeriph_Driver/src/misc.o
 .debug_macro   0x00001110       0x26 StdPeriph_Driver/src/misc.o
 .debug_macro   0x00001136      0xe43 StdPeriph_Driver/src/misc.o
 .debug_macro   0x00001f79     0x7fd9 StdPeriph_Driver/src/misc.o
 .debug_macro   0x00009f52      0x44f StdPeriph_Driver/src/misc.o
 .debug_macro   0x0000a3a1       0xb2 StdPeriph_Driver/src/misc.o
 .debug_macro   0x0000a453      0x477 StdPeriph_Driver/src/misc.o
 .debug_macro   0x0000a8ca       0xb5 StdPeriph_Driver/src/misc.o
 .debug_macro   0x0000a97f      0x41c StdPeriph_Driver/src/misc.o
 .debug_macro   0x0000ad9b      0x2f4 StdPeriph_Driver/src/misc.o
 .debug_macro   0x0000b08f      0x2ba StdPeriph_Driver/src/misc.o
 .debug_macro   0x0000b349       0x64 StdPeriph_Driver/src/misc.o
 .debug_macro   0x0000b3ad       0xee StdPeriph_Driver/src/misc.o
 .debug_macro   0x0000b49b      0x64a StdPeriph_Driver/src/misc.o
 .debug_macro   0x0000bae5      0x59e StdPeriph_Driver/src/misc.o
 .debug_macro   0x0000c083      0x342 StdPeriph_Driver/src/misc.o
 .debug_macro   0x0000c3c5      0x36c StdPeriph_Driver/src/misc.o
 .debug_macro   0x0000c731      0x10d StdPeriph_Driver/src/misc.o
 .debug_macro   0x0000c83e      0x73b StdPeriph_Driver/src/misc.o
 .debug_macro   0x0000cf79      0x223 StdPeriph_Driver/src/misc.o
 .debug_macro   0x0000d19c       0x34 StdPeriph_Driver/src/misc.o
 .debug_macro   0x0000d1d0       0x10 StdPeriph_Driver/src/misc.o
 .debug_macro   0x0000d1e0       0x35 StdPeriph_Driver/src/misc.o
 .debug_macro   0x0000d215       0x7c StdPeriph_Driver/src/misc.o
 .debug_macro   0x0000d291      0x191 StdPeriph_Driver/src/stm32f4xx_exti.o
 .debug_macro   0x0000d422       0xaf StdPeriph_Driver/src/stm32f4xx_exti.o
 .debug_macro   0x0000d4d1      0x18f StdPeriph_Driver/src/stm32f4xx_gpio.o
 .debug_macro   0x0000d660      0x2ee StdPeriph_Driver/src/stm32f4xx_gpio.o
 .debug_macro   0x0000d94e      0x25e StdPeriph_Driver/src/stm32f4xx_rcc.o
 .debug_macro   0x0000dbac      0x1dd StdPeriph_Driver/src/stm32f4xx_syscfg.o
 .debug_macro   0x0000dd89      0x107 StdPeriph_Driver/src/stm32f4xx_syscfg.o
 .debug_macro   0x0000de90      0x290 src/irq.o
 .debug_macro   0x0000e120       0x16 src/irq.o
 .debug_macro   0x0000e136       0x18 src/irq.o
 .debug_macro   0x0000e14e       0x5e src/irq.o
 .debug_macro   0x0000e1ac       0x35 src/irq.o
 .debug_macro   0x0000e1e1       0x34 src/irq.o
 .debug_macro   0x0000e215       0x16 src/irq.o
 .debug_macro   0x0000e22b      0x10e src/irq.o
 .debug_macro   0x0000e339       0x8d src/irq.o
 .debug_macro   0x0000e3c6       0x58 src/irq.o
 .debug_macro   0x0000e41e       0x1f src/irq.o
 .debug_macro   0x0000e43d       0x43 src/irq.o
 .debug_macro   0x0000e480       0x20 src/irq.o
 .debug_macro   0x0000e4a0      0x18e src/irq.o
 .debug_macro   0x0000e62e      0x330 src/irq.o
 .debug_macro   0x0000e95e       0x16 src/irq.o
 .debug_macro   0x0000e974       0x29 src/irq.o
 .debug_macro   0x0000e99d       0x35 src/irq.o
 .debug_macro   0x0000e9d2       0xaf src/irq.o
 .debug_macro   0x0000ea81       0x58 src/irq.o
 .debug_macro   0x0000ead9      0x370 src/main.o
 .debug_macro   0x0000ee49       0x16 src/main.o
 .debug_macro   0x0000ee5f       0x35 src/main.o
 .debug_macro   0x0000ee94       0x10 src/main.o
 .debug_macro   0x0000eea4       0x10 src/main.o
 .debug_macro   0x0000eeb4       0x10 src/main.o
 .debug_macro   0x0000eec4       0x1c src/main.o
 .debug_macro   0x0000eee0       0x52 src/main.o
 .debug_macro   0x0000ef32       0x40 src/main.o
 .debug_macro   0x0000ef72       0x10 src/main.o
 .debug_macro   0x0000ef82       0x40 src/main.o
 .debug_macro   0x0000efc2       0xd7 src/main.o
 .debug_macro   0x0000f099       0x1c src/main.o
 .debug_macro   0x0000f0b5       0x3d src/main.o
 .debug_macro   0x0000f0f2       0x35 src/main.o
 .debug_macro   0x0000f127      0x1e1 src/main.o
 .debug_macro   0x0000f308      0x243 src/syscalls.o
 .debug_macro   0x0000f54b       0x58 src/syscalls.o
 .debug_macro   0x0000f5a3       0x94 src/syscalls.o
 .debug_macro   0x0000f637       0x57 src/syscalls.o
 .debug_macro   0x0000f68e      0x174 src/syscalls.o
 .debug_macro   0x0000f802       0x10 src/syscalls.o
 .debug_macro   0x0000f812      0x122 src/syscalls.o
 .debug_macro   0x0000f934       0x10 src/syscalls.o
 .debug_macro   0x0000f944      0x241 src/syscalls.o
 .debug_macro   0x0000fb85       0x1c src/syscalls.o
 .debug_macro   0x0000fba1       0x10 src/syscalls.o
 .debug_macro   0x0000fbb1       0x10 src/syscalls.o
 .debug_macro   0x0000fbc1       0x16 src/syscalls.o
 .debug_macro   0x0000fbd7      0x16f src/syscalls.o
 .debug_macro   0x0000fd46      0x189 src/syscalls.o
 .debug_macro   0x0000fecf       0x16 src/syscalls.o
 .debug_macro   0x0000fee5       0x88 src/syscalls.o
 .debug_macro   0x0000ff6d      0x1a5 src/system_stm32f4xx.o
 .debug_macro   0x00010112      0x270 src/tm_stm32f4_delay.o
 .debug_macro   0x00010382      0x19e src/tm_stm32f4_gpio.o
 .debug_macro   0x00010520       0xa9 src/tm_stm32f4_gpio.o
 .debug_macro   0x000105c9      0x343 src/tm_stm32f4_hd44780.o

.debug_line     0x00000000     0x556b
 .debug_line    0x00000000      0x5c0 StdPeriph_Driver/src/misc.o
 .debug_line    0x000005c0      0x60e StdPeriph_Driver/src/stm32f4xx_exti.o
 .debug_line    0x00000bce      0x6e6 StdPeriph_Driver/src/stm32f4xx_gpio.o
 .debug_line    0x000012b4      0x970 StdPeriph_Driver/src/stm32f4xx_rcc.o
 .debug_line    0x00001c24      0x5e1 StdPeriph_Driver/src/stm32f4xx_syscfg.o
 .debug_line    0x00002205      0x731 src/irq.o
 .debug_line    0x00002936      0x8e1 src/main.o
 .debug_line    0x00003217      0x5df src/syscalls.o
 .debug_line    0x000037f6      0x5b7 src/system_stm32f4xx.o
 .debug_line    0x00003dad      0x7ad src/tm_stm32f4_delay.o
 .debug_line    0x0000455a      0x738 src/tm_stm32f4_gpio.o
 .debug_line    0x00004c92      0x85d src/tm_stm32f4_hd44780.o
 .debug_line    0x000054ef       0x7c startup/startup_stm32.o

.debug_str      0x00000000    0x5b70e
 .debug_str     0x00000000    0x53045 StdPeriph_Driver/src/misc.o
                              0x531e7 (size before relaxing)
 .debug_str     0x00053045      0x1d8 StdPeriph_Driver/src/stm32f4xx_exti.o
                              0x5315d (size before relaxing)
 .debug_str     0x0005321d      0x234 StdPeriph_Driver/src/stm32f4xx_gpio.o
                              0x5328f (size before relaxing)
 .debug_str     0x00053451      0xcbe StdPeriph_Driver/src/stm32f4xx_rcc.o
                              0x53cee (size before relaxing)
 .debug_str     0x0005410f      0x40c StdPeriph_Driver/src/stm32f4xx_syscfg.o
                              0x533ad (size before relaxing)
 .debug_str     0x0005451b     0x39cf src/irq.o
                              0x56d4f (size before relaxing)
 .debug_str     0x00057eea     0x15fb src/main.o
                              0x57e90 (size before relaxing)
 .debug_str     0x000594e5     0x16e0 src/syscalls.o
                               0x859c (size before relaxing)
 .debug_str     0x0005abc5       0xae src/system_stm32f4xx.o
                              0x531af (size before relaxing)
 .debug_str     0x0005ac73      0x1fb src/tm_stm32f4_delay.o
                              0x566b6 (size before relaxing)
 .debug_str     0x0005ae6e      0x29f src/tm_stm32f4_gpio.o
                              0x5385c (size before relaxing)
 .debug_str     0x0005b10d      0x5d8 src/tm_stm32f4_hd44780.o
                              0x56ce8 (size before relaxing)
 .debug_str     0x0005b6e5       0x29 startup/startup_stm32.o
                                 0x4c (size before relaxing)

.comment        0x00000000       0x7f
 .comment       0x00000000       0x7f StdPeriph_Driver/src/misc.o
                                 0x80 (size before relaxing)
 .comment       0x0000007f       0x80 StdPeriph_Driver/src/stm32f4xx_exti.o
 .comment       0x0000007f       0x80 StdPeriph_Driver/src/stm32f4xx_gpio.o
 .comment       0x0000007f       0x80 StdPeriph_Driver/src/stm32f4xx_rcc.o
 .comment       0x0000007f       0x80 StdPeriph_Driver/src/stm32f4xx_syscfg.o
 .comment       0x0000007f       0x80 src/irq.o
 .comment       0x0000007f       0x80 src/main.o
 .comment       0x0000007f       0x80 src/syscalls.o
 .comment       0x0000007f       0x80 src/system_stm32f4xx.o
 .comment       0x0000007f       0x80 src/tm_stm32f4_delay.o
 .comment       0x0000007f       0x80 src/tm_stm32f4_gpio.o
 .comment       0x0000007f       0x80 src/tm_stm32f4_hd44780.o

.debug_frame    0x00000000     0x21e8
 .debug_frame   0x00000000       0xd8 StdPeriph_Driver/src/misc.o
 .debug_frame   0x000000d8      0x148 StdPeriph_Driver/src/stm32f4xx_exti.o
 .debug_frame   0x00000220      0x23c StdPeriph_Driver/src/stm32f4xx_gpio.o
 .debug_frame   0x0000045c      0x774 StdPeriph_Driver/src/stm32f4xx_rcc.o
 .debug_frame   0x00000bd0      0x11c StdPeriph_Driver/src/stm32f4xx_syscfg.o
 .debug_frame   0x00000cec      0x12c src/irq.o
 .debug_frame   0x00000e18      0x158 src/main.o
 .debug_frame   0x00000f70      0x2d0 src/syscalls.o
 .debug_frame   0x00001240       0x74 src/system_stm32f4xx.o
 .debug_frame   0x000012b4      0x1ec src/tm_stm32f4_delay.o
 .debug_frame   0x000014a0      0x274 src/tm_stm32f4_gpio.o
 .debug_frame   0x00001714      0x278 src/tm_stm32f4_hd44780.o
 .debug_frame   0x0000198c       0x50 d:/ac6/systemworkbench/plugins/fr.ac6.mcu.externaltools.arm-none.win32_1.17.0.201812190825/tools/compiler/bin/../lib/gcc/arm-none-eabi/7.3.1/../../../../arm-none-eabi/lib/thumb/v7e-m/fpv4-sp/hard\libm.a(lib_a-w_pow.o)
 .debug_frame   0x000019dc       0x68 d:/ac6/systemworkbench/plugins/fr.ac6.mcu.externaltools.arm-none.win32_1.17.0.201812190825/tools/compiler/bin/../lib/gcc/arm-none-eabi/7.3.1/../../../../arm-none-eabi/lib/thumb/v7e-m/fpv4-sp/hard\libm.a(lib_a-e_pow.o)
 .debug_frame   0x00001a44       0x30 d:/ac6/systemworkbench/plugins/fr.ac6.mcu.externaltools.arm-none.win32_1.17.0.201812190825/tools/compiler/bin/../lib/gcc/arm-none-eabi/7.3.1/../../../../arm-none-eabi/lib/thumb/v7e-m/fpv4-sp/hard\libm.a(lib_a-e_sqrt.o)
 .debug_frame   0x00001a74       0x20 d:/ac6/systemworkbench/plugins/fr.ac6.mcu.externaltools.arm-none.win32_1.17.0.201812190825/tools/compiler/bin/../lib/gcc/arm-none-eabi/7.3.1/../../../../arm-none-eabi/lib/thumb/v7e-m/fpv4-sp/hard\libm.a(lib_a-s_fabs.o)
 .debug_frame   0x00001a94       0x20 d:/ac6/systemworkbench/plugins/fr.ac6.mcu.externaltools.arm-none.win32_1.17.0.201812190825/tools/compiler/bin/../lib/gcc/arm-none-eabi/7.3.1/../../../../arm-none-eabi/lib/thumb/v7e-m/fpv4-sp/hard\libm.a(lib_a-s_finite.o)
 .debug_frame   0x00001ab4       0x20 d:/ac6/systemworkbench/plugins/fr.ac6.mcu.externaltools.arm-none.win32_1.17.0.201812190825/tools/compiler/bin/../lib/gcc/arm-none-eabi/7.3.1/../../../../arm-none-eabi/lib/thumb/v7e-m/fpv4-sp/hard\libm.a(lib_a-s_matherr.o)
 .debug_frame   0x00001ad4       0x20 d:/ac6/systemworkbench/plugins/fr.ac6.mcu.externaltools.arm-none.win32_1.17.0.201812190825/tools/compiler/bin/../lib/gcc/arm-none-eabi/7.3.1/../../../../arm-none-eabi/lib/thumb/v7e-m/fpv4-sp/hard\libm.a(lib_a-s_nan.o)
 .debug_frame   0x00001af4       0x38 d:/ac6/systemworkbench/plugins/fr.ac6.mcu.externaltools.arm-none.win32_1.17.0.201812190825/tools/compiler/bin/../lib/gcc/arm-none-eabi/7.3.1/../../../../arm-none-eabi/lib/thumb/v7e-m/fpv4-sp/hard\libm.a(lib_a-s_rint.o)
 .debug_frame   0x00001b2c       0x2c d:/ac6/systemworkbench/plugins/fr.ac6.mcu.externaltools.arm-none.win32_1.17.0.201812190825/tools/compiler/bin/../lib/gcc/arm-none-eabi/7.3.1/../../../../arm-none-eabi/lib/thumb/v7e-m/fpv4-sp/hard\libm.a(lib_a-s_scalbn.o)
 .debug_frame   0x00001b58       0x20 d:/ac6/systemworkbench/plugins/fr.ac6.mcu.externaltools.arm-none.win32_1.17.0.201812190825/tools/compiler/bin/../lib/gcc/arm-none-eabi/7.3.1/../../../../arm-none-eabi/lib/thumb/v7e-m/fpv4-sp/hard\libm.a(lib_a-s_copysign.o)
 .debug_frame   0x00001b78       0xac d:/ac6/systemworkbench/plugins/fr.ac6.mcu.externaltools.arm-none.win32_1.17.0.201812190825/tools/compiler/bin/../lib/gcc/arm-none-eabi/7.3.1/thumb/v7e-m/fpv4-sp/hard\libgcc.a(_arm_addsubdf3.o)
 .debug_frame   0x00001c24       0x50 d:/ac6/systemworkbench/plugins/fr.ac6.mcu.externaltools.arm-none.win32_1.17.0.201812190825/tools/compiler/bin/../lib/gcc/arm-none-eabi/7.3.1/thumb/v7e-m/fpv4-sp/hard\libgcc.a(_arm_muldivdf3.o)
 .debug_frame   0x00001c74       0xc4 d:/ac6/systemworkbench/plugins/fr.ac6.mcu.externaltools.arm-none.win32_1.17.0.201812190825/tools/compiler/bin/../lib/gcc/arm-none-eabi/7.3.1/thumb/v7e-m/fpv4-sp/hard\libgcc.a(_arm_cmpdf2.o)
 .debug_frame   0x00001d38       0x20 d:/ac6/systemworkbench/plugins/fr.ac6.mcu.externaltools.arm-none.win32_1.17.0.201812190825/tools/compiler/bin/../lib/gcc/arm-none-eabi/7.3.1/thumb/v7e-m/fpv4-sp/hard\libgcc.a(_arm_unorddf2.o)
 .debug_frame   0x00001d58       0x24 d:/ac6/systemworkbench/plugins/fr.ac6.mcu.externaltools.arm-none.win32_1.17.0.201812190825/tools/compiler/bin/../lib/gcc/arm-none-eabi/7.3.1/thumb/v7e-m/fpv4-sp/hard\libgcc.a(_arm_fixdfsi.o)
 .debug_frame   0x00001d7c       0x20 d:/ac6/systemworkbench/plugins/fr.ac6.mcu.externaltools.arm-none.win32_1.17.0.201812190825/tools/compiler/bin/../lib/gcc/arm-none-eabi/7.3.1/../../../../arm-none-eabi/lib/thumb/v7e-m/fpv4-sp/hard\libc.a(lib_a-errno.o)
 .debug_frame   0x00001d9c       0x2c d:/ac6/systemworkbench/plugins/fr.ac6.mcu.externaltools.arm-none.win32_1.17.0.201812190825/tools/compiler/bin/../lib/gcc/arm-none-eabi/7.3.1/../../../../arm-none-eabi/lib/thumb/v7e-m/fpv4-sp/hard\libc.a(lib_a-init.o)
 .debug_frame   0x00001dc8       0x3c d:/ac6/systemworkbench/plugins/fr.ac6.mcu.externaltools.arm-none.win32_1.17.0.201812190825/tools/compiler/bin/../lib/gcc/arm-none-eabi/7.3.1/../../../../arm-none-eabi/lib/thumb/v7e-m/fpv4-sp/hard\libc.a(lib_a-itoa.o)
 .debug_frame   0x00001e04       0x30 d:/ac6/systemworkbench/plugins/fr.ac6.mcu.externaltools.arm-none.win32_1.17.0.201812190825/tools/compiler/bin/../lib/gcc/arm-none-eabi/7.3.1/../../../../arm-none-eabi/lib/thumb/v7e-m/fpv4-sp/hard\libc.a(lib_a-malloc.o)
 .debug_frame   0x00001e34       0x54 d:/ac6/systemworkbench/plugins/fr.ac6.mcu.externaltools.arm-none.win32_1.17.0.201812190825/tools/compiler/bin/../lib/gcc/arm-none-eabi/7.3.1/../../../../arm-none-eabi/lib/thumb/v7e-m/fpv4-sp/hard\libc.a(lib_a-mallocr.o)
 .debug_frame   0x00001e88       0x30 d:/ac6/systemworkbench/plugins/fr.ac6.mcu.externaltools.arm-none.win32_1.17.0.201812190825/tools/compiler/bin/../lib/gcc/arm-none-eabi/7.3.1/../../../../arm-none-eabi/lib/thumb/v7e-m/fpv4-sp/hard\libc.a(lib_a-mlock.o)
 .debug_frame   0x00001eb8       0x3c d:/ac6/systemworkbench/plugins/fr.ac6.mcu.externaltools.arm-none.win32_1.17.0.201812190825/tools/compiler/bin/../lib/gcc/arm-none-eabi/7.3.1/../../../../arm-none-eabi/lib/thumb/v7e-m/fpv4-sp/hard\libc.a(lib_a-rand.o)
 .debug_frame   0x00001ef4       0x2c d:/ac6/systemworkbench/plugins/fr.ac6.mcu.externaltools.arm-none.win32_1.17.0.201812190825/tools/compiler/bin/../lib/gcc/arm-none-eabi/7.3.1/../../../../arm-none-eabi/lib/thumb/v7e-m/fpv4-sp/hard\libc.a(lib_a-sbrkr.o)
 .debug_frame   0x00001f20       0x4c d:/ac6/systemworkbench/plugins/fr.ac6.mcu.externaltools.arm-none.win32_1.17.0.201812190825/tools/compiler/bin/../lib/gcc/arm-none-eabi/7.3.1/../../../../arm-none-eabi/lib/thumb/v7e-m/fpv4-sp/hard\libc.a(lib_a-utoa.o)
 .debug_frame   0x00001f6c       0x5c d:/ac6/systemworkbench/plugins/fr.ac6.mcu.externaltools.arm-none.win32_1.17.0.201812190825/tools/compiler/bin/../lib/gcc/arm-none-eabi/7.3.1/../../../../arm-none-eabi/lib/thumb/v7e-m/fpv4-sp/hard\libc.a(lib_a-__call_atexit.o)
 .debug_frame   0x00001fc8       0x20 d:/ac6/systemworkbench/plugins/fr.ac6.mcu.externaltools.arm-none.win32_1.17.0.201812190825/tools/compiler/bin/../lib/gcc/arm-none-eabi/7.3.1/../../../../arm-none-eabi/lib/thumb/v7e-m/fpv4-sp/hard\libc.a(lib_a-atexit.o)
 .debug_frame   0x00001fe8       0x34 d:/ac6/systemworkbench/plugins/fr.ac6.mcu.externaltools.arm-none.win32_1.17.0.201812190825/tools/compiler/bin/../lib/gcc/arm-none-eabi/7.3.1/../../../../arm-none-eabi/lib/thumb/v7e-m/fpv4-sp/hard\libc.a(lib_a-fini.o)
 .debug_frame   0x0000201c       0x80 d:/ac6/systemworkbench/plugins/fr.ac6.mcu.externaltools.arm-none.win32_1.17.0.201812190825/tools/compiler/bin/../lib/gcc/arm-none-eabi/7.3.1/../../../../arm-none-eabi/lib/thumb/v7e-m/fpv4-sp/hard\libc.a(lib_a-freer.o)
 .debug_frame   0x0000209c       0xb0 d:/ac6/systemworkbench/plugins/fr.ac6.mcu.externaltools.arm-none.win32_1.17.0.201812190825/tools/compiler/bin/../lib/gcc/arm-none-eabi/7.3.1/../../../../arm-none-eabi/lib/thumb/v7e-m/fpv4-sp/hard\libc.a(lib_a-lock.o)
 .debug_frame   0x0000214c       0x68 d:/ac6/systemworkbench/plugins/fr.ac6.mcu.externaltools.arm-none.win32_1.17.0.201812190825/tools/compiler/bin/../lib/gcc/arm-none-eabi/7.3.1/../../../../arm-none-eabi/lib/thumb/v7e-m/fpv4-sp/hard\libc.a(lib_a-reent.o)
 .debug_frame   0x000021b4       0x34 d:/ac6/systemworkbench/plugins/fr.ac6.mcu.externaltools.arm-none.win32_1.17.0.201812190825/tools/compiler/bin/../lib/gcc/arm-none-eabi/7.3.1/../../../../arm-none-eabi/lib/thumb/v7e-m/fpv4-sp/hard\libc.a(lib_a-__atexit.o)
