Archive member included to satisfy reference by file (symbol)

d:/ac6/systemworkbench/plugins/fr.ac6.mcu.externaltools.arm-none.win32_1.17.0.201812190825/tools/compiler/bin/../lib/gcc/arm-none-eabi/7.3.1/../../../../arm-none-eabi/lib/thumb/v7e-m/fpv4-sp/hard\libm.a(lib_a-w_pow.o)
                              src/display.o (pow)
d:/ac6/systemworkbench/plugins/fr.ac6.mcu.externaltools.arm-none.win32_1.17.0.201812190825/tools/compiler/bin/../lib/gcc/arm-none-eabi/7.3.1/../../../../arm-none-eabi/lib/thumb/v7e-m/fpv4-sp/hard\libm.a(lib_a-e_pow.o)
                              d:/ac6/systemworkbench/plugins/fr.ac6.mcu.externaltools.arm-none.win32_1.17.0.201812190825/tools/compiler/bin/../lib/gcc/arm-none-eabi/7.3.1/../../../../arm-none-eabi/lib/thumb/v7e-m/fpv4-sp/hard\libm.a(lib_a-w_pow.o) (__ieee754_pow)
d:/ac6/systemworkbench/plugins/fr.ac6.mcu.externaltools.arm-none.win32_1.17.0.201812190825/tools/compiler/bin/../lib/gcc/arm-none-eabi/7.3.1/../../../../arm-none-eabi/lib/thumb/v7e-m/fpv4-sp/hard\libm.a(lib_a-e_sqrt.o)
                              d:/ac6/systemworkbench/plugins/fr.ac6.mcu.externaltools.arm-none.win32_1.17.0.201812190825/tools/compiler/bin/../lib/gcc/arm-none-eabi/7.3.1/../../../../arm-none-eabi/lib/thumb/v7e-m/fpv4-sp/hard\libm.a(lib_a-e_pow.o) (__ieee754_sqrt)
d:/ac6/systemworkbench/plugins/fr.ac6.mcu.externaltools.arm-none.win32_1.17.0.201812190825/tools/compiler/bin/../lib/gcc/arm-none-eabi/7.3.1/../../../../arm-none-eabi/lib/thumb/v7e-m/fpv4-sp/hard\libm.a(lib_a-s_fabs.o)
                              d:/ac6/systemworkbench/plugins/fr.ac6.mcu.externaltools.arm-none.win32_1.17.0.201812190825/tools/compiler/bin/../lib/gcc/arm-none-eabi/7.3.1/../../../../arm-none-eabi/lib/thumb/v7e-m/fpv4-sp/hard\libm.a(lib_a-e_pow.o) (fabs)
d:/ac6/systemworkbench/plugins/fr.ac6.mcu.externaltools.arm-none.win32_1.17.0.201812190825/tools/compiler/bin/../lib/gcc/arm-none-eabi/7.3.1/../../../../arm-none-eabi/lib/thumb/v7e-m/fpv4-sp/hard\libm.a(lib_a-s_finite.o)
                              d:/ac6/systemworkbench/plugins/fr.ac6.mcu.externaltools.arm-none.win32_1.17.0.201812190825/tools/compiler/bin/../lib/gcc/arm-none-eabi/7.3.1/../../../../arm-none-eabi/lib/thumb/v7e-m/fpv4-sp/hard\libm.a(lib_a-w_pow.o) (finite)
d:/ac6/systemworkbench/plugins/fr.ac6.mcu.externaltools.arm-none.win32_1.17.0.201812190825/tools/compiler/bin/../lib/gcc/arm-none-eabi/7.3.1/../../../../arm-none-eabi/lib/thumb/v7e-m/fpv4-sp/hard\libm.a(lib_a-s_lib_ver.o)
                              d:/ac6/systemworkbench/plugins/fr.ac6.mcu.externaltools.arm-none.win32_1.17.0.201812190825/tools/compiler/bin/../lib/gcc/arm-none-eabi/7.3.1/../../../../arm-none-eabi/lib/thumb/v7e-m/fpv4-sp/hard\libm.a(lib_a-w_pow.o) (__fdlib_version)
d:/ac6/systemworkbench/plugins/fr.ac6.mcu.externaltools.arm-none.win32_1.17.0.201812190825/tools/compiler/bin/../lib/gcc/arm-none-eabi/7.3.1/../../../../arm-none-eabi/lib/thumb/v7e-m/fpv4-sp/hard\libm.a(lib_a-s_matherr.o)
                              d:/ac6/systemworkbench/plugins/fr.ac6.mcu.externaltools.arm-none.win32_1.17.0.201812190825/tools/compiler/bin/../lib/gcc/arm-none-eabi/7.3.1/../../../../arm-none-eabi/lib/thumb/v7e-m/fpv4-sp/hard\libm.a(lib_a-w_pow.o) (matherr)
d:/ac6/systemworkbench/plugins/fr.ac6.mcu.externaltools.arm-none.win32_1.17.0.201812190825/tools/compiler/bin/../lib/gcc/arm-none-eabi/7.3.1/../../../../arm-none-eabi/lib/thumb/v7e-m/fpv4-sp/hard\libm.a(lib_a-s_nan.o)
                              d:/ac6/systemworkbench/plugins/fr.ac6.mcu.externaltools.arm-none.win32_1.17.0.201812190825/tools/compiler/bin/../lib/gcc/arm-none-eabi/7.3.1/../../../../arm-none-eabi/lib/thumb/v7e-m/fpv4-sp/hard\libm.a(lib_a-e_pow.o) (nan)
d:/ac6/systemworkbench/plugins/fr.ac6.mcu.externaltools.arm-none.win32_1.17.0.201812190825/tools/compiler/bin/../lib/gcc/arm-none-eabi/7.3.1/../../../../arm-none-eabi/lib/thumb/v7e-m/fpv4-sp/hard\libm.a(lib_a-s_rint.o)
                              d:/ac6/systemworkbench/plugins/fr.ac6.mcu.externaltools.arm-none.win32_1.17.0.201812190825/tools/compiler/bin/../lib/gcc/arm-none-eabi/7.3.1/../../../../arm-none-eabi/lib/thumb/v7e-m/fpv4-sp/hard\libm.a(lib_a-w_pow.o) (rint)
d:/ac6/systemworkbench/plugins/fr.ac6.mcu.externaltools.arm-none.win32_1.17.0.201812190825/tools/compiler/bin/../lib/gcc/arm-none-eabi/7.3.1/../../../../arm-none-eabi/lib/thumb/v7e-m/fpv4-sp/hard\libm.a(lib_a-s_scalbn.o)
                              d:/ac6/systemworkbench/plugins/fr.ac6.mcu.externaltools.arm-none.win32_1.17.0.201812190825/tools/compiler/bin/../lib/gcc/arm-none-eabi/7.3.1/../../../../arm-none-eabi/lib/thumb/v7e-m/fpv4-sp/hard\libm.a(lib_a-e_pow.o) (scalbn)
d:/ac6/systemworkbench/plugins/fr.ac6.mcu.externaltools.arm-none.win32_1.17.0.201812190825/tools/compiler/bin/../lib/gcc/arm-none-eabi/7.3.1/../../../../arm-none-eabi/lib/thumb/v7e-m/fpv4-sp/hard\libm.a(lib_a-s_copysign.o)
[...]
Memory Configuration

Name             Origin             Length             Attributes
RAM              0x20000000         0x00020000         xrw
ROM              0x08000000         0x00080000         xr
*default*        0x00000000         0xffffffff

Linker script and memory map

LOAD d:/ac6/systemworkbench/plugins/fr.ac6.mcu.externaltools.arm-none.win32_1.17.0.201812190825/tools/compiler/bin/../lib/gcc/arm-none-eabi/7.3.1/thumb/v7e-m/fpv4-sp/hard/crti.o
LOAD d:/ac6/systemworkbench/plugins/fr.ac6.mcu.externaltools.arm-none.win32_1.17.0.201812190825/tools/compiler/bin/../lib/gcc/arm-none-eabi/7.3.1/thumb/v7e-m/fpv4-sp/hard/crtbegin.o
LOAD d:/ac6/systemworkbench/plugins/fr.ac6.mcu.externaltools.arm-none.win32_1.17.0.201812190825/tools/compiler/bin/../lib/gcc/arm-none-eabi/7.3.1/../../../../arm-none-eabi/lib/thumb/v7e-m/fpv4-sp/hard/crt0.o
LOAD StdPeriph_Driver/src/misc.o
LOAD StdPeriph_Driver/src/stm32f4xx_adc.o
LOAD StdPeriph_Driver/src/stm32f4xx_can.o
LOAD StdPeriph_Driver/src/stm32f4xx_cec.o
LOAD StdPeriph_Driver/src/stm32f4xx_crc.o
LOAD StdPeriph_Driver/src/stm32f4xx_cryp.o
LOAD StdPeriph_Driver/src/stm32f4xx_cryp_aes.o
LOAD StdPeriph_Driver/src/stm32f4xx_cryp_des.o
LOAD StdPeriph_Driver/src/stm32f4xx_cryp_tdes.o
LOAD StdPeriph_Driver/src/stm32f4xx_dac.o
LOAD StdPeriph_Driver/src/stm32f4xx_dbgmcu.o
LOAD StdPeriph_Driver/src/stm32f4xx_dcmi.o
LOAD StdPeriph_Driver/src/stm32f4xx_dfsdm.o
LOAD StdPeriph_Driver/src/stm32f4xx_dma.o
LOAD StdPeriph_Driver/src/stm32f4xx_dma2d.o
LOAD StdPeriph_Driver/src/stm32f4xx_dsi.o
LOAD StdPeriph_Driver/src/stm32f4xx_exti.o
LOAD StdPeriph_Driver/src/stm32f4xx_flash.o
LOAD StdPeriph_Driver/src/stm32f4xx_flash_ramfunc.o
LOAD StdPeriph_Driver/src/stm32f4xx_fmc.o
LOAD StdPeriph_Driver/src/stm32f4xx_fmip2c.o
LOAD StdPeriph_Driver/src/stm32f4xx_fsmc.o
LOAD StdPeriph_Driver/src/stm32f4xx_gpio.o
LOAD StdPeriph_Driver/src/stm32f4xx_hash.o
LOAD StdPeriph_Driver/src/stm32f4xx_hash_md5.o
LOAD StdPeriph_Driver/src/stm32f4xx_hash_sha1.o
LOAD StdPeriph_Driver/src/stm32f4xx_i2c.o
LOAD StdPeriph_Driver/src/stm32f4xx_iwdg.o
LOAD StdPeriph_Driver/src/stm32f4xx_lptim.o
LOAD StdPeriph_Driver/src/stm32f4xx_ltdc.o
LOAD StdPeriph_Driver/src/stm32f4xx_pwr.o
LOAD StdPeriph_Driver/src/stm32f4xx_qspi.o
LOAD StdPeriph_Driver/src/stm32f4xx_rcc.o
LOAD StdPeriph_Driver/src/stm32f4xx_rng.o
LOAD StdPeriph_Driver/src/stm32f4xx_rtc.o
LOAD StdPeriph_Driver/src/stm32f4xx_sai.o
LOAD StdPeriph_Driver/src/stm32f4xx_sdio.o
LOAD StdPeriph_Driver/src/stm32f4xx_spdifrx.o
LOAD StdPeriph_Driver/src/stm32f4xx_spi.o
LOAD StdPeriph_Driver/src/stm32f4xx_syscfg.o
LOAD StdPeriph_Driver/src/stm32f4xx_tim.o
LOAD StdPeriph_Driver/src/stm32f4xx_usart.o
LOAD StdPeriph_Driver/src/stm32f4xx_wwdg.o
LOAD src/display.o
LOAD src/irq.o
LOAD src/main.o
LOAD src/syscalls.o
LOAD src/system_stm32f4xx.o
LOAD src/tm_stm32f4_delay.o
LOAD src/tm_stm32f4_gpio.o
LOAD src/tm_stm32f4_hd44780.o
LOAD src/tm_stm32f4_rng.o
LOAD src/tm_stm32f4_timer_properties.o
LOAD startup/startup_stm32.o
LOAD d:/ac6/systemworkbench/plugins/fr.ac6.mcu.externaltools.arm-none.win32_1.17.0.201812190825/tools/compiler/bin/../lib/gcc/arm-none-eabi/7.3.1/../../../../arm-none-eabi/lib/thumb/v7e-m/fpv4-sp/hard\libm.a
START GROUP
LOAD d:/ac6/systemworkbench/plugins/fr.ac6.mcu.externaltools.arm-none.win32_1.17.0.201812190825/tools/compiler/bin/../lib/gcc/arm-none-eabi/7.3.1/thumb/v7e-m/fpv4-sp/hard\libgcc.a
LOAD d:/ac6/systemworkbench/plugins/fr.ac6.mcu.externaltools.arm-none.win32_1.17.0.201812190825/tools/compiler/bin/../lib/gcc/arm-none-eabi/7.3.1/../../../../arm-none-eabi/lib/thumb/v7e-m/fpv4-sp/hard\libc.a
END GROUP
LOAD d:/ac6/systemworkbench/plugins/fr.ac6.mcu.externaltools.arm-none.win32_1.17.0.201812190825/tools/compiler/bin/../lib/gcc/arm-none-eabi/7.3.1/thumb/v7e-m/fpv4-sp/hard/crtend.o
LOAD d:/ac6/systemworkbench/plugins/fr.ac6.mcu.externaltools.arm-none.win32_1.17.0.201812190825/tools/compiler/bin/../lib/gcc/arm-none-eabi/7.3.1/thumb/v7e-m/fpv4-sp/hard/crtn.o
                0x20020000                _estack = 0x20020000
                0x00000000                _Min_Heap_Size = 0x0
                0x00000400                _Min_Stack_Size = 0x400

.isr_vector     0x08000000      0x198
                0x08000000                . = ALIGN (0x4)
 *(.isr_vector)
 .isr_vector    0x08000000      0x198 startup/startup_stm32.o
                0x08000000                g_pfnVectors
                0x08000198                . = ALIGN (0x4)

.text           0x08000198     0x3de4
                0x08000198                . = ALIGN (0x4)
 *(.text)
 .text          0x08000198       0x40 d:/ac6/systemworkbench/plugins/fr.ac6.mcu.externaltools.arm-none.win32_1.17.0.201812190825/tools/compiler/bin/../lib/gcc/arm-none-eabi/7.3.1/thumb/v7e-m/fpv4-sp/hard/crtbegin.o
 .text          0x080001d8      0x378 d:/ac6/systemworkbench/plugins/fr.ac6.mcu.externaltools.arm-none.win32_1.17.0.201812190825/tools/compiler/bin/../lib/gcc/arm-none-eabi/7.3.1/thumb/v7e-m/fpv4-sp/hard\libgcc.a(_arm_addsubdf3.o)
                0x080001d8                __aeabi_drsub
                0x080001e0                __aeabi_dsub
                0x080001e0                __subdf3
                0x080001e4                __aeabi_dadd
                0x080001e4                __adddf3
                0x0800045c                __floatunsidf
                0x0800045c                __aeabi_ui2d
                0x0800047c                __floatsidf
                0x0800047c                __aeabi_i2d
                0x080004a0                __aeabi_f2d
                0x080004a0                __extendsfdf2
                0x080004e4                __floatundidf
                0x080004e4                __aeabi_ul2d
                0x080004f4                __floatdidf
                0x080004f4                __aeabi_l2d
 .text          0x08000550      0x424 d:/ac6/systemworkbench/plugins/fr.ac6.mcu.externaltools.arm-none.win32_1.17.0.201812190825/tools/compiler/bin/../lib/gcc/arm-none-eabi/7.3.1/thumb/v7e-m/fpv4-sp/hard\libgcc.a(_arm_muldivdf3.o)
                0x08000550                __aeabi_dmul
                0x08000550                __muldf3
                0x080007a4                __divdf3
                0x080007a4                __aeabi_ddiv
 .text          0x08000974      0x110 d:/ac6/systemworkbench/plugins/fr.ac6.mcu.externaltools.arm-none.win32_1.17.0.201812190825/tools/compiler/bin/../lib/gcc/arm-none-eabi/7.3.1/thumb/v7e-m/fpv4-sp/hard\libgcc.a(_arm_cmpdf2.o)
                0x08000974                __gtdf2
                0x08000974                __gedf2
                0x0800097c                __ltdf2
                0x0800097c                __ledf2
                0x08000984                __nedf2
                0x08000984                __eqdf2
                0x08000984                __cmpdf2
                0x08000a00                __aeabi_cdrcmple
                0x08000a10                __aeabi_cdcmpeq
                0x08000a10                __aeabi_cdcmple
                0x08000a20                __aeabi_dcmpeq
                0x08000a34                __aeabi_dcmplt
                0x08000a48                __aeabi_dcmple
                0x08000a5c                __aeabi_dcmpge
                0x08000a70                __aeabi_dcmpgt
 .text          0x08000a84       0x2c d:/ac6/systemworkbench/plugins/fr.ac6.mcu.externaltools.arm-none.win32_1.17.0.201812190825/tools/compiler/bin/../lib/gcc/arm-none-eabi/7.3.1/thumb/v7e-m/fpv4-sp/hard\libgcc.a(_arm_unorddf2.o)
                0x08000a84                __unorddf2
                0x08000a84                __aeabi_dcmpun
 .text          0x08000ab0       0x50 d:/ac6/systemworkbench/plugins/fr.ac6.mcu.externaltools.arm-none.win32_1.17.0.201812190825/tools/compiler/bin/../lib/gcc/arm-none-eabi/7.3.1/thumb/v7e-m/fpv4-sp/hard\libgcc.a(_arm_fixdfsi.o)
                0x08000ab0                __aeabi_d2iz
                0x08000ab0                __fixdfsi
 *(.text*)
 .text.NVIC_Init
                0x08000b00       0xc4 StdPeriph_Driver/src/misc.o
                0x08000b00                NVIC_Init
 .text.EXTI_Init
                0x08000bc4       0xe4 StdPeriph_Driver/src/stm32f4xx_exti.o
                0x08000bc4                EXTI_Init
 .text.EXTI_ClearITPendingBit
                0x08000ca8       0x20 StdPeriph_Driver/src/stm32f4xx_exti.o
                0x08000ca8                EXTI_ClearITPendingBit
 .text.GPIO_Init
                0x08000cc8      0x11c StdPeriph_Driver/src/stm32f4xx_gpio.o
                0x08000cc8                GPIO_Init
 .text.GPIO_WriteBit
                0x08000de4       0x30 StdPeriph_Driver/src/stm32f4xx_gpio.o
                0x08000de4                GPIO_WriteBit
 .text.RCC_AHB1PeriphClockCmd
                0x08000e14       0x40 StdPeriph_Driver/src/stm32f4xx_rcc.o
                0x08000e14                RCC_AHB1PeriphClockCmd
 .text.RCC_APB2PeriphClockCmd
                0x08000e54       0x40 StdPeriph_Driver/src/stm32f4xx_rcc.o
                0x08000e54                RCC_APB2PeriphClockCmd
 .text.SYSCFG_EXTILineConfig
                0x08000e94       0x84 StdPeriph_Driver/src/stm32f4xx_syscfg.o
                0x08000e94                SYSCFG_EXTILineConfig
 .text.NVIC_SystemReset
                0x08000f18       0x28 src/display.o
 .text.Delayms  0x08000f40       0x58 src/display.o
 .text.preencher_vetor
                0x08000f98       0x90 src/display.o
                0x08000f98                preencher_vetor
 .text.gameover
                0x08001028       0xc4 src/display.o
                0x08001028                gameover
 *fill*         0x080010ec        0x4 
 .text.step     0x080010f0      0x16c src/display.o
                0x080010f0                step
 .text.verificaBotao
                0x0800125c       0x84 src/display.o
                0x0800125c                verificaBotao
 .text.header   0x080012e0       0xe8 src/display.o
                0x080012e0                header
 .text.print_vetor
                0x080013c8       0x60 src/display.o
                0x080013c8                print_vetor
 .text.custom_char_init
                0x08001428       0xb8 src/display.o
                0x08001428                custom_char_init
 .text.Configure_PC0
                0x080014e0       0x80 src/irq.o
                0x080014e0                Configure_PC0
 .text.Configure_PC1
                0x08001560       0x80 src/irq.o
                0x08001560                Configure_PC1
 .text.Configure_PA4
                0x080015e0       0x80 src/irq.o
                0x080015e0                Configure_PA4
 .text.Configure_PA3
                0x08001660       0x80 src/irq.o
                0x08001660                Configure_PA3
 .text.EXTI0_IRQHandler
                0x080016e0       0x38 src/irq.o
                0x080016e0                EXTI0_IRQHandler
 .text.EXTI1_IRQHandler
                0x08001718       0x38 src/irq.o
                0x08001718                EXTI1_IRQHandler
 .text.EXTI4_IRQHandler
                0x08001750       0x38 src/irq.o
                0x08001750                EXTI4_IRQHandler
 .text.EXTI3_IRQHandler
                0x08001788       0x38 src/irq.o
                0x08001788                EXTI3_IRQHandler
 .text.Delayms  0x080017c0       0x58 src/main.o
 .text.main     0x08001818       0x78 src/main.o
                0x08001818                main
 .text.configLEDPins
                0x08001890       0x34 src/main.o
                0x08001890                configLEDPins
 .text._sbrk    0x080018c4       0x58 src/syscalls.o
                0x080018c4                _sbrk
 .text.SystemInit
                0x0800191c       0x6c src/system_stm32f4xx.o
                0x0800191c                SystemInit
 .text.SetSysClock
                0x08001988       0xa0 src/system_stm32f4xx.o
 .text.NVIC_SetPriority
                0x08001a28       0x54 src/tm_stm32f4_delay.o
 .text.SysTick_Config
                0x08001a7c       0x44 src/tm_stm32f4_delay.o
 .text.SysTick_Handler
                0x08001ac0       0xf0 src/tm_stm32f4_delay.o
                0x08001ac0                SysTick_Handler
 .text.TM_DELAY_Init
                0x08001bb0       0x50 src/tm_stm32f4_delay.o
                0x08001bb0                TM_DELAY_Init
 .text.TM_GPIO_Init
                0x08001c00       0x46 src/tm_stm32f4_gpio.o
                0x08001c00                TM_GPIO_Init
 .text.TM_GPIO_GetPortSource
                0x08001c46       0x22 src/tm_stm32f4_gpio.o
                0x08001c46                TM_GPIO_GetPortSource
 .text.TM_GPIO_INT_EnableClock
                0x08001c68       0x30 src/tm_stm32f4_gpio.o
                0x08001c68                TM_GPIO_INT_EnableClock
 .text.TM_GPIO_INT_Init
                0x08001c98      0x10c src/tm_stm32f4_gpio.o
                0x08001c98                TM_GPIO_INT_Init
 .text.Delay    0x08001da4       0x64 src/tm_stm32f4_hd44780.o
 .text.TM_HD44780_Init
                0x08001e08       0xd0 src/tm_stm32f4_hd44780.o
                0x08001e08                TM_HD44780_Init
 .text.TM_HD44780_Clear
                0x08001ed8       0x16 src/tm_stm32f4_hd44780.o
                0x08001ed8                TM_HD44780_Clear
 *fill*         0x08001eee        0x2 
 .text.TM_HD44780_Puts
                0x08001ef0       0xb8 src/tm_stm32f4_hd44780.o
                0x08001ef0                TM_HD44780_Puts
 .text.TM_HD44780_DisplayOn
                0x08001fa8       0x2c src/tm_stm32f4_hd44780.o
                0x08001fa8                TM_HD44780_DisplayOn
 .text.TM_HD44780_CreateChar
                0x08001fd4       0x50 src/tm_stm32f4_hd44780.o
                0x08001fd4                TM_HD44780_CreateChar
 .text.TM_HD44780_PutCustom
                0x08002024       0x2e src/tm_stm32f4_hd44780.o
                0x08002024                TM_HD44780_PutCustom
 *fill*         0x08002052        0x2 
 .text.TM_HD44780_Cmd
                0x08002054       0x38 src/tm_stm32f4_hd44780.o
 .text.TM_HD44780_Data
                0x0800208c       0x38 src/tm_stm32f4_hd44780.o
 .text.TM_HD44780_Cmd4bit
                0x080020c4       0xa4 src/tm_stm32f4_hd44780.o
 .text.TM_HD44780_CursorSet
                0x08002168       0x64 src/tm_stm32f4_hd44780.o
 .text.TM_HD44780_InitPins
                0x080021cc       0xc0 src/tm_stm32f4_hd44780.o
 .text.Reset_Handler
                0x0800228c       0x50 startup/startup_stm32.o
                0x0800228c                Reset_Handler
 .text.Default_Handler
                0x080022dc        0x2 startup/startup_stm32.o
                0x080022dc                RTC_Alarm_IRQHandler
                0x080022dc                EXTI2_IRQHandler
                0x080022dc                DebugMon_Handler
                0x080022dc                SPI4_IRQHandler
                0x080022dc                TIM1_CC_IRQHandler
                0x080022dc                DMA2_Stream5_IRQHandler
                0x080022dc                HardFault_Handler
                0x080022dc                DMA1_Stream5_IRQHandler
                0x080022dc                PVD_IRQHandler
                0x080022dc                SDIO_IRQHandler
                0x080022dc                TAMP_STAMP_IRQHandler
                0x080022dc                PendSV_Handler
                0x080022dc                NMI_Handler
                0x080022dc                TIM1_UP_TIM10_IRQHandler
                0x080022dc                I2C3_ER_IRQHandler
                0x080022dc                I2C2_EV_IRQHandler
                0x080022dc                DMA1_Stream2_IRQHandler
                0x080022dc                FPU_IRQHandler
                0x080022dc                UsageFault_Handler
                0x080022dc                DMA2_Stream2_IRQHandler
                0x080022dc                SPI1_IRQHandler
                0x080022dc                TIM1_BRK_TIM9_IRQHandler
                0x080022dc                DMA2_Stream3_IRQHandler
                0x080022dc                USART6_IRQHandler
                0x080022dc                DMA2_Stream0_IRQHandler
                0x080022dc                TIM4_IRQHandler
                0x080022dc                I2C1_EV_IRQHandler
                0x080022dc                DMA1_Stream6_IRQHandler
                0x080022dc                DMA1_Stream1_IRQHandler
                0x080022dc                TIM3_IRQHandler
                0x080022dc                RCC_IRQHandler
                0x080022dc                Default_Handler
                0x080022dc                EXTI15_10_IRQHandler
                0x080022dc                ADC_IRQHandler
                0x080022dc                DMA1_Stream7_IRQHandler
                0x080022dc                SPI5_IRQHandler
                0x080022dc                TIM5_IRQHandler
                0x080022dc                DMA2_Stream7_IRQHandler
                0x080022dc                I2C3_EV_IRQHandler
                0x080022dc                EXTI9_5_IRQHandler
                0x080022dc                RTC_WKUP_IRQHandler
                0x080022dc                SPI2_IRQHandler
                0x080022dc                MemManage_Handler
                0x080022dc                DMA1_Stream0_IRQHandler
                0x080022dc                SVC_Handler
                0x080022dc                WWDG_IRQHandler
                0x080022dc                TIM2_IRQHandler
                0x080022dc                OTG_FS_WKUP_IRQHandler
                0x080022dc                TIM1_TRG_COM_TIM11_IRQHandler
                0x080022dc                USART2_IRQHandler
                0x080022dc                I2C2_ER_IRQHandler
                0x080022dc                DMA2_Stream1_IRQHandler
                0x080022dc                FLASH_IRQHandler
                0x080022dc                DMA2_Stream4_IRQHandler
                0x080022dc                BusFault_Handler
                0x080022dc                USART1_IRQHandler
                0x080022dc                OTG_FS_IRQHandler
                0x080022dc                SPI3_IRQHandler
                0x080022dc                DMA1_Stream4_IRQHandler
                0x080022dc                I2C1_ER_IRQHandler
                0x080022dc                DMA2_Stream6_IRQHandler
                0x080022dc                DMA1_Stream3_IRQHandler
 *fill*         0x080022de        0x2 
 .text.pow      0x080022e0      0x338 d:/ac6/systemworkbench/plugins/fr.ac6.mcu.externaltools.arm-none.win32_1.17.0.201812190825/tools/compiler/bin/../lib/gcc/arm-none-eabi/7.3.1/../../../../arm-none-eabi/lib/thumb/v7e-m/fpv4-sp/hard\libm.a(lib_a-w_pow.o)
                0x080022e0                pow
 .text.__ieee754_pow
                0x08002618      0xab8 d:/ac6/systemworkbench/plugins/fr.ac6.mcu.externaltools.arm-none.win32_1.17.0.201812190825/tools/compiler/bin/../lib/gcc/arm-none-eabi/7.3.1/../../../../arm-none-eabi/lib/thumb/v7e-m/fpv4-sp/hard\libm.a(lib_a-e_pow.o)
                0x08002618                __ieee754_pow
 .text.__ieee754_sqrt
                0x080030d0      0x194 d:/ac6/systemworkbench/plugins/fr.ac6.mcu.externaltools.arm-none.win32_1.17.0.201812190825/tools/compiler/bin/../lib/gcc/arm-none-eabi/7.3.1/../../../../arm-none-eabi/lib/thumb/v7e-m/fpv4-sp/hard\libm.a(lib_a-e_sqrt.o)
                0x080030d0                __ieee754_sqrt
 .text.fabs     0x08003264       0x14 d:/ac6/systemworkbench/plugins/fr.ac6.mcu.externaltools.arm-none.win32_1.17.0.201812190825/tools/compiler/bin/../lib/gcc/arm-none-eabi/7.3.1/../../../../arm-none-eabi/lib/thumb/v7e-m/fpv4-sp/hard\libm.a(lib_a-s_fabs.o)
                0x08003264                fabs
 .text.finite   0x08003278       0x10 d:/ac6/systemworkbench/plugins/fr.ac6.mcu.externaltools.arm-none.win32_1.17.0.201812190825/tools/compiler/bin/../lib/gcc/arm-none-eabi/7.3.1/../../../../arm-none-eabi/lib/thumb/v7e-m/fpv4-sp/hard\libm.a(lib_a-s_finite.o)
                0x08003278                finite
 .text.matherr  0x08003288        0x4 d:/ac6/systemworkbench/plugins/fr.ac6.mcu.externaltools.arm-none.win32_1.17.0.201812190825/tools/compiler/bin/../lib/gcc/arm-none-eabi/7.3.1/../../../../arm-none-eabi/lib/thumb/v7e-m/fpv4-sp/hard\libm.a(lib_a-s_matherr.o)
                0x08003288                matherr
 *fill*         0x0800328c        0x4 
 .text.nan      0x08003290       0x10 d:/ac6/systemworkbench/plugins/fr.ac6.mcu.externaltools.arm-none.win32_1.17.0.201812190825/tools/compiler/bin/../lib/gcc/arm-none-eabi/7.3.1/../../../../arm-none-eabi/lib/thumb/v7e-m/fpv4-sp/hard\libm.a(lib_a-s_nan.o)
                0x08003290                nan
 .text.rint     0x080032a0      0x110 d:/ac6/systemworkbench/plugins/fr.ac6.mcu.externaltools.arm-none.win32_1.17.0.201812190825/tools/compiler/bin/../lib/gcc/arm-none-eabi/7.3.1/../../../../arm-none-eabi/lib/thumb/v7e-m/fpv4-sp/hard\libm.a(lib_a-s_rint.o)
                0x080032a0                rint
 .text.scalbn   0x080033b0      0x114 d:/ac6/systemworkbench/plugins/fr.ac6.mcu.externaltools.arm-none.win32_1.17.0.201812190825/tools/compiler/bin/../lib/gcc/arm-none-eabi/7.3.1/../../../../arm-none-eabi/lib/thumb/v7e-m/fpv4-sp/hard\libm.a(lib_a-s_scalbn.o)
                0x080033b0                scalbn
 .text.copysign
                0x080034c4       0x1c d:/ac6/systemworkbench/plugins/fr.ac6.mcu.externaltools.arm-none.win32_1.17.0.201812190825/tools/compiler/bin/../lib/gcc/arm-none-eabi/7.3.1/../../../../arm-none-eabi/lib/thumb/v7e-m/fpv4-sp/hard\libm.a(lib_a-s_copysign.o)
                0x080034c4                copysign
 .text.__errno  0x080034e0        0xc d:/ac6/systemworkbench/plugins/fr.ac6.mcu.externaltools.arm-none.win32_1.17.0.201812190825/tools/compiler/bin/../lib/gcc/arm-none-eabi/7.3.1/../../../../arm-none-eabi/lib/thumb/v7e-m/fpv4-sp/hard\libc.a(lib_a-errno.o)
                0x080034e0                __errno
 .text.__libc_init_array
                0x080034ec       0x48 d:/ac6/systemworkbench/plugins/fr.ac6.mcu.externaltools.arm-none.win32_1.17.0.201812190825/tools/compiler/bin/../lib/gcc/arm-none-eabi/7.3.1/../../../../arm-none-eabi/lib/thumb/v7e-m/fpv4-sp/hard\libc.a(lib_a-init.o)
                0x080034ec                __libc_init_array
 .text.__itoa   0x08003534       0x38 d:/ac6/systemworkbench/plugins/fr.ac6.mcu.externaltools.arm-none.win32_1.17.0.201812190825/tools/compiler/bin/../lib/gcc/arm-none-eabi/7.3.1/../../../../arm-none-eabi/lib/thumb/v7e-m/fpv4-sp/hard\libc.a(lib_a-itoa.o)
                0x08003534                __itoa
 .text.itoa     0x0800356c        0x4 d:/ac6/systemworkbench/plugins/fr.ac6.mcu.externaltools.arm-none.win32_1.17.0.201812190825/tools/compiler/bin/../lib/gcc/arm-none-eabi/7.3.1/../../../../arm-none-eabi/lib/thumb/v7e-m/fpv4-sp/hard\libc.a(lib_a-itoa.o)
                0x0800356c                itoa
 .text.malloc   0x08003570       0x10 d:/ac6/systemworkbench/plugins/fr.ac6.mcu.externaltools.arm-none.win32_1.17.0.201812190825/tools/compiler/bin/../lib/gcc/arm-none-eabi/7.3.1/../../../../arm-none-eabi/lib/thumb/v7e-m/fpv4-sp/hard\libc.a(lib_a-malloc.o)
                0x08003570                malloc
 .text._malloc_r
                0x08003580      0x548 d:/ac6/systemworkbench/plugins/fr.ac6.mcu.externaltools.arm-none.win32_1.17.0.201812190825/tools/compiler/bin/../lib/gcc/arm-none-eabi/7.3.1/../../../../arm-none-eabi/lib/thumb/v7e-m/fpv4-sp/hard\libc.a(lib_a-mallocr.o)
                0x08003580                _malloc_r
 .text.__malloc_lock
                0x08003ac8        0xc d:/ac6/systemworkbench/plugins/fr.ac6.mcu.externaltools.arm-none.win32_1.17.0.201812190825/tools/compiler/bin/../lib/gcc/arm-none-eabi/7.3.1/../../../../arm-none-eabi/lib/thumb/v7e-m/fpv4-sp/hard\libc.a(lib_a-mlock.o)
                0x08003ac8                __malloc_lock
 .text.__malloc_unlock
                0x08003ad4        0xc d:/ac6/systemworkbench/plugins/fr.ac6.mcu.externaltools.arm-none.win32_1.17.0.201812190825/tools/compiler/bin/../lib/gcc/arm-none-eabi/7.3.1/../../../../arm-none-eabi/lib/thumb/v7e-m/fpv4-sp/hard\libc.a(lib_a-mlock.o)
                0x08003ad4                __malloc_unlock
 .text.rand     0x08003ae0       0x3c d:/ac6/systemworkbench/plugins/fr.ac6.mcu.externaltools.arm-none.win32_1.17.0.201812190825/tools/compiler/bin/../lib/gcc/arm-none-eabi/7.3.1/../../../../arm-none-eabi/lib/thumb/v7e-m/fpv4-sp/hard\libc.a(lib_a-rand.o)
                0x08003ae0                rand
 .text._sbrk_r  0x08003b1c       0x24 d:/ac6/systemworkbench/plugins/fr.ac6.mcu.externaltools.arm-none.win32_1.17.0.201812190825/tools/compiler/bin/../lib/gcc/arm-none-eabi/7.3.1/../../../../arm-none-eabi/lib/thumb/v7e-m/fpv4-sp/hard\libc.a(lib_a-sbrkr.o)
                0x08003b1c                _sbrk_r
 .text.__utoa   0x08003b40       0x80 d:/ac6/systemworkbench/plugins/fr.ac6.mcu.externaltools.arm-none.win32_1.17.0.201812190825/tools/compiler/bin/../lib/gcc/arm-none-eabi/7.3.1/../../../../arm-none-eabi/lib/thumb/v7e-m/fpv4-sp/hard\libc.a(lib_a-utoa.o)
                0x08003b40                __utoa
 .text.startup.register_fini
                0x08003bc0       0x14 d:/ac6/systemworkbench/plugins/fr.ac6.mcu.externaltools.arm-none.win32_1.17.0.201812190825/tools/compiler/bin/../lib/gcc/arm-none-eabi/7.3.1/../../../../arm-none-eabi/lib/thumb/v7e-m/fpv4-sp/hard\libc.a(lib_a-__call_atexit.o)
 .text.atexit   0x08003bd4        0xc d:/ac6/systemworkbench/plugins/fr.ac6.mcu.externaltools.arm-none.win32_1.17.0.201812190825/tools/compiler/bin/../lib/gcc/arm-none-eabi/7.3.1/../../../../arm-none-eabi/lib/thumb/v7e-m/fpv4-sp/hard\libc.a(lib_a-atexit.o)
                0x08003bd4                atexit
 .text.__libc_fini_array
                0x08003be0       0x34 d:/ac6/systemworkbench/plugins/fr.ac6.mcu.externaltools.arm-none.win32_1.17.0.201812190825/tools/compiler/bin/../lib/gcc/arm-none-eabi/7.3.1/../../../../arm-none-eabi/lib/thumb/v7e-m/fpv4-sp/hard\libc.a(lib_a-fini.o)
                0x08003be0                __libc_fini_array
 .text._malloc_trim_r
                0x08003c14       0xa0 d:/ac6/systemworkbench/plugins/fr.ac6.mcu.externaltools.arm-none.win32_1.17.0.201812190825/tools/compiler/bin/../lib/gcc/arm-none-eabi/7.3.1/../../../../arm-none-eabi/lib/thumb/v7e-m/fpv4-sp/hard\libc.a(lib_a-freer.o)
                0x08003c14                _malloc_trim_r
 .text._free_r  0x08003cb4      0x1e8 d:/ac6/systemworkbench/plugins/fr.ac6.mcu.externaltools.arm-none.win32_1.17.0.201812190825/tools/compiler/bin/../lib/gcc/arm-none-eabi/7.3.1/../../../../arm-none-eabi/lib/thumb/v7e-m/fpv4-sp/hard\libc.a(lib_a-freer.o)
                0x08003cb4                _free_r
 .text.__retarget_lock_acquire_recursive
                0x08003e9c        0x4 d:/ac6/systemworkbench/plugins/fr.ac6.mcu.externaltools.arm-none.win32_1.17.0.201812190825/tools/compiler/bin/../lib/gcc/arm-none-eabi/7.3.1/../../../../arm-none-eabi/lib/thumb/v7e-m/fpv4-sp/hard\libc.a(lib_a-lock.o)
                0x08003e9c                __retarget_lock_acquire_recursive
 .text.__retarget_lock_release_recursive
                0x08003ea0        0x4 d:/ac6/systemworkbench/plugins/fr.ac6.mcu.externaltools.arm-none.win32_1.17.0.201812190825/tools/compiler/bin/../lib/gcc/arm-none-eabi/7.3.1/../../../../arm-none-eabi/lib/thumb/v7e-m/fpv4-sp/hard\libc.a(lib_a-lock.o)
                0x08003ea0                __retarget_lock_release_recursive
 .text.__register_exitproc
                0x08003ea4       0xc0 d:/ac6/systemworkbench/plugins/fr.ac6.mcu.externaltools.arm-none.win32_1.17.0.201812190825/tools/compiler/bin/../lib/gcc/arm-none-eabi/7.3.1/../../../../arm-none-eabi/lib/thumb/v7e-m/fpv4-sp/hard\libc.a(lib_a-__atexit.o)
                0x08003ea4                __register_exitproc
 *(.glue_7)
 .glue_7        0x08003f64        0x0 linker stubs
 *(.glue_7t)
 .glue_7t       0x08003f64        0x0 linker stubs
 *(.eh_frame)
 .eh_frame      0x08003f64        0x0 d:/ac6/systemworkbench/plugins/fr.ac6.mcu.externaltools.arm-none.win32_1.17.0.201812190825/tools/compiler/bin/../lib/gcc/arm-none-eabi/7.3.1/thumb/v7e-m/fpv4-sp/hard/crtbegin.o
 *(.init)
 .init          0x08003f64        0x4 d:/ac6/systemworkbench/plugins/fr.ac6.mcu.externaltools.arm-none.win32_1.17.0.201812190825/tools/compiler/bin/../lib/gcc/arm-none-eabi/7.3.1/thumb/v7e-m/fpv4-sp/hard/crti.o
                0x08003f64                _init
 .init          0x08003f68        0x8 d:/ac6/systemworkbench/plugins/fr.ac6.mcu.externaltools.arm-none.win32_1.17.0.201812190825/tools/compiler/bin/../lib/gcc/arm-none-eabi/7.3.1/thumb/v7e-m/fpv4-sp/hard/crtn.o
 *(.fini)
 .fini          0x08003f70        0x4 d:/ac6/systemworkbench/plugins/fr.ac6.mcu.externaltools.arm-none.win32_1.17.0.201812190825/tools/compiler/bin/../lib/gcc/arm-none-eabi/7.3.1/thumb/v7e-m/fpv4-sp/hard/crti.o
                0x08003f70                _fini
 .fini          0x08003f74        0x8 d:/ac6/systemworkbench/plugins/fr.ac6.mcu.externaltools.arm-none.win32_1.17.0.201812190825/tools/compiler/bin/../lib/gcc/arm-none-eabi/7.3.1/thumb/v7e-m/fpv4-sp/hard/crtn.o
                0x08003f7c                . = ALIGN (0x4)
                0x08003f7c                _etext = .

.vfp11_veneer   0x08003f7c        0x0
 .vfp11_veneer  0x08003f7c        0x0 linker stubs

.v4_bx          0x08003f7c        0x0
 .v4_bx         0x08003f7c        0x0 linker stubs

.iplt           0x08003f7c        0x0
 .iplt          0x08003f7c        0x0 d:/ac6/systemworkbench/plugins/fr.ac6.mcu.externaltools.arm-none.win32_1.17.0.201812190825/tools/compiler/bin/../lib/gcc/arm-none-eabi/7.3.1/thumb/v7e-m/fpv4-sp/hard/crtbegin.o

.rodata         0x08003f80       0x8c
                0x08003f80                . = ALIGN (0x4)
 *(.rodata)
 .rodata        0x08003f80       0x44 src/display.o
 .rodata        0x08003fc4        0x4 src/tm_stm32f4_hd44780.o
 *(.rodata*)
 .rodata.pow.str1.4
                0x08003fc8        0x4 d:/ac6/systemworkbench/plugins/fr.ac6.mcu.externaltools.arm-none.win32_1.17.0.201812190825/tools/compiler/bin/../lib/gcc/arm-none-eabi/7.3.1/../../../../arm-none-eabi/lib/thumb/v7e-m/fpv4-sp/hard\libm.a(lib_a-w_pow.o)
 .rodata.__ieee754_pow.str1.4
                0x08003fcc        0x4 d:/ac6/systemworkbench/plugins/fr.ac6.mcu.externaltools.arm-none.win32_1.17.0.201812190825/tools/compiler/bin/../lib/gcc/arm-none-eabi/7.3.1/../../../../arm-none-eabi/lib/thumb/v7e-m/fpv4-sp/hard\libm.a(lib_a-e_pow.o)
                                  0x1 (size before relaxing)
 *fill*         0x08003fcc        0x4 
 .rodata.TWO52  0x08003fd0       0x10 d:/ac6/systemworkbench/plugins/fr.ac6.mcu.externaltools.arm-none.win32_1.17.0.201812190825/tools/compiler/bin/../lib/gcc/arm-none-eabi/7.3.1/../../../../arm-none-eabi/lib/thumb/v7e-m/fpv4-sp/hard\libm.a(lib_a-s_rint.o)
 .rodata._global_impure_ptr
                0x08003fe0        0x4 d:/ac6/systemworkbench/plugins/fr.ac6.mcu.externaltools.arm-none.win32_1.17.0.201812190825/tools/compiler/bin/../lib/gcc/arm-none-eabi/7.3.1/../../../../arm-none-eabi/lib/thumb/v7e-m/fpv4-sp/hard\libc.a(lib_a-impure.o)
                0x08003fe0                _global_impure_ptr
 .rodata.__utoa.str1.4
                0x08003fe4       0x28 d:/ac6/systemworkbench/plugins/fr.ac6.mcu.externaltools.arm-none.win32_1.17.0.201812190825/tools/compiler/bin/../lib/gcc/arm-none-eabi/7.3.1/../../../../arm-none-eabi/lib/thumb/v7e-m/fpv4-sp/hard\libc.a(lib_a-utoa.o)
                                 0x25 (size before relaxing)
                0x0800400c                . = ALIGN (0x4)

.rel.dyn        0x0800400c        0x0
 .rel.iplt      0x0800400c        0x0 d:/ac6/systemworkbench/plugins/fr.ac6.mcu.externaltools.arm-none.win32_1.17.0.201812190825/tools/compiler/bin/../lib/gcc/arm-none-eabi/7.3.1/thumb/v7e-m/fpv4-sp/hard/crtbegin.o

.ARM.extab      0x0800400c        0x0
                0x0800400c                . = ALIGN (0x4)
 *(.ARM.extab* .gnu.linkonce.armextab.*)
                0x0800400c                . = ALIGN (0x4)

.ARM            0x0800400c        0x0
                0x0800400c                . = ALIGN (0x4)
                0x0800400c                __exidx_start = .
 *(.ARM.exidx*)
                0x0800400c                __exidx_end = .
                0x0800400c                . = ALIGN (0x4)

.preinit_array  0x0800400c        0x0
                0x0800400c                . = ALIGN (0x4)
                0x0800400c                PROVIDE (__preinit_array_start = .)
 *(.preinit_array*)
                0x0800400c                PROVIDE (__preinit_array_end = .)
                0x0800400c                . = ALIGN (0x4)

.init_array     0x0800400c        0x8
                0x0800400c                . = ALIGN (0x4)
                0x0800400c                PROVIDE (__init_array_start = .)
 *(SORT_BY_NAME(.init_array.*))
 .init_array.00000
                0x0800400c        0x4 d:/ac6/systemworkbench/plugins/fr.ac6.mcu.externaltools.arm-none.win32_1.17.0.201812190825/tools/compiler/bin/../lib/gcc/arm-none-eabi/7.3.1/../../../../arm-none-eabi/lib/thumb/v7e-m/fpv4-sp/hard\libc.a(lib_a-__call_atexit.o)
 *(.init_array*)
 .init_array    0x08004010        0x4 d:/ac6/systemworkbench/plugins/fr.ac6.mcu.externaltools.arm-none.win32_1.17.0.201812190825/tools/compiler/bin/../lib/gcc/arm-none-eabi/7.3.1/thumb/v7e-m/fpv4-sp/hard/crtbegin.o
                0x08004014                PROVIDE (__init_array_end = .)
                0x08004014                . = ALIGN (0x4)

.fini_array     0x08004014        0x4
                0x08004014                . = ALIGN (0x4)
                0x08004014                PROVIDE (__fini_array_start = .)
 *(SORT_BY_NAME(.fini_array.*))
 *(.fini_array*)
 .fini_array    0x08004014        0x4 d:/ac6/systemworkbench/plugins/fr.ac6.mcu.externaltools.arm-none.win32_1.17.0.201812190825/tools/compiler/bin/../lib/gcc/arm-none-eabi/7.3.1/thumb/v7e-m/fpv4-sp/hard/crtbegin.o
                0x08004018                PROVIDE (__fini_array_end = .)
                0x08004018                . = ALIGN (0x4)
                0x08004018                _sidata = LOADADDR (.data)

.data           0x20000000      0x85c load address 0x08004018
                0x20000000                . = ALIGN (0x4)
                0x20000000                _sdata = .
 *(.data)
 .data          0x20000000        0x4 src/display.o
 .data          0x20000004       0x14 src/system_stm32f4xx.o
                0x20000004                SystemCoreClock
                0x20000008                AHBPrescTable
 *(.data*)
 .data.__fdlib_version
                0x20000018        0x1 d:/ac6/systemworkbench/plugins/fr.ac6.mcu.externaltools.arm-none.win32_1.17.0.201812190825/tools/compiler/bin/../lib/gcc/arm-none-eabi/7.3.1/../../../../arm-none-eabi/lib/thumb/v7e-m/fpv4-sp/hard\libm.a(lib_a-s_lib_ver.o)
                0x20000018                __fdlib_version
 *fill*         0x20000019        0x3 
 .data._impure_ptr
                0x2000001c        0x4 d:/ac6/systemworkbench/plugins/fr.ac6.mcu.externaltools.arm-none.win32_1.17.0.201812190825/tools/compiler/bin/../lib/gcc/arm-none-eabi/7.3.1/../../../../arm-none-eabi/lib/thumb/v7e-m/fpv4-sp/hard\libc.a(lib_a-impure.o)
                0x2000001c                _impure_ptr
 .data.impure_data
                0x20000020      0x428 d:/ac6/systemworkbench/plugins/fr.ac6.mcu.externaltools.arm-none.win32_1.17.0.201812190825/tools/compiler/bin/../lib/gcc/arm-none-eabi/7.3.1/../../../../arm-none-eabi/lib/thumb/v7e-m/fpv4-sp/hard\libc.a(lib_a-impure.o)
 .data.__malloc_av_
                0x20000448      0x408 d:/ac6/systemworkbench/plugins/fr.ac6.mcu.externaltools.arm-none.win32_1.17.0.201812190825/tools/compiler/bin/../lib/gcc/arm-none-eabi/7.3.1/../../../../arm-none-eabi/lib/thumb/v7e-m/fpv4-sp/hard\libc.a(lib_a-mallocr.o)
                0x20000448                __malloc_av_
 .data.__malloc_sbrk_base
                0x20000850        0x4 d:/ac6/systemworkbench/plugins/fr.ac6.mcu.externaltools.arm-none.win32_1.17.0.201812190825/tools/compiler/bin/../lib/gcc/arm-none-eabi/7.3.1/../../../../arm-none-eabi/lib/thumb/v7e-m/fpv4-sp/hard\libc.a(lib_a-mallocr.o)
                0x20000850                __malloc_sbrk_base
 .data.__malloc_trim_threshold
                0x20000854        0x4 d:/ac6/systemworkbench/plugins/fr.ac6.mcu.externaltools.arm-none.win32_1.17.0.201812190825/tools/compiler/bin/../lib/gcc/arm-none-eabi/7.3.1/../../../../arm-none-eabi/lib/thumb/v7e-m/fpv4-sp/hard\libc.a(lib_a-mallocr.o)
                0x20000854                __malloc_trim_threshold
 .data.__atexit_recursive_mutex
                0x20000858        0x4 d:/ac6/systemworkbench/plugins/fr.ac6.mcu.externaltools.arm-none.win32_1.17.0.201812190825/tools/compiler/bin/../lib/gcc/arm-none-eabi/7.3.1/../../../../arm-none-eabi/lib/thumb/v7e-m/fpv4-sp/hard\libc.a(lib_a-__call_atexit.o)
                0x20000858                __atexit_recursive_mutex
                0x2000085c                . = ALIGN (0x4)
                0x2000085c                _edata = .

.igot.plt       0x2000085c        0x0 load address 0x08004874
 .igot.plt      0x2000085c        0x0 d:/ac6/systemworkbench/plugins/fr.ac6.mcu.externaltools.arm-none.win32_1.17.0.201812190825/tools/compiler/bin/../lib/gcc/arm-none-eabi/7.3.1/thumb/v7e-m/fpv4-sp/hard/crtbegin.o
                0x2000085c                . = ALIGN (0x4)

.bss            0x2000085c      0x254 load address 0x08004874
                0x2000085c                _sbss = .
                0x2000085c                __bss_start__ = _sbss
 *(.bss)
 .bss           0x2000085c       0x1c d:/ac6/systemworkbench/plugins/fr.ac6.mcu.externaltools.arm-none.win32_1.17.0.201812190825/tools/compiler/bin/../lib/gcc/arm-none-eabi/7.3.1/thumb/v7e-m/fpv4-sp/hard/crtbegin.o
 .bss           0x20000878        0x4 src/display.o
 .bss           0x2000087c        0x8 src/syscalls.o
                0x2000087c                __env
 .bss           0x20000884       0x28 src/tm_stm32f4_delay.o
                0x20000884                TM_TimingDelay
                0x20000888                TM_Time
                0x2000088c                TM_Time2
                0x20000890                TM_DELAY_Initialized
 .bss           0x200008ac       0x16 src/tm_stm32f4_gpio.o
 *fill*         0x200008c2        0x2 
 .bss           0x200008c4        0x7 src/tm_stm32f4_hd44780.o
 *(.bss*)
 *fill*         0x200008cb        0x1 
 .bss.__malloc_current_mallinfo
                0x200008cc       0x28 d:/ac6/systemworkbench/plugins/fr.ac6.mcu.externaltools.arm-none.win32_1.17.0.201812190825/tools/compiler/bin/../lib/gcc/arm-none-eabi/7.3.1/../../../../arm-none-eabi/lib/thumb/v7e-m/fpv4-sp/hard\libc.a(lib_a-mallocr.o)
                0x200008cc                __malloc_current_mallinfo
 .bss.__malloc_max_sbrked_mem
                0x200008f4        0x4 d:/ac6/systemworkbench/plugins/fr.ac6.mcu.externaltools.arm-none.win32_1.17.0.201812190825/tools/compiler/bin/../lib/gcc/arm-none-eabi/7.3.1/../../../../arm-none-eabi/lib/thumb/v7e-m/fpv4-sp/hard\libc.a(lib_a-mallocr.o)
                0x200008f4                __malloc_max_sbrked_mem
 .bss.__malloc_max_total_mem
                0x200008f8        0x4 d:/ac6/systemworkbench/plugins/fr.ac6.mcu.externaltools.arm-none.win32_1.17.0.201812190825/tools/compiler/bin/../lib/gcc/arm-none-eabi/7.3.1/../../../../arm-none-eabi/lib/thumb/v7e-m/fpv4-sp/hard\libc.a(lib_a-mallocr.o)
                0x200008f8                __malloc_max_total_mem
 .bss.__malloc_top_pad
                0x200008fc        0x4 d:/ac6/systemworkbench/plugins/fr.ac6.mcu.externaltools.arm-none.win32_1.17.0.201812190825/tools/compiler/bin/../lib/gcc/arm-none-eabi/7.3.1/../../../../arm-none-eabi/lib/thumb/v7e-m/fpv4-sp/hard\libc.a(lib_a-mallocr.o)
                0x200008fc                __malloc_top_pad
 *(COMMON)
 COMMON         0x20000900      0x17b src/display.o
                0x20000900                leveu
                0x20000904                tempo
                0x20000908                lvl
                0x2000090c                display
                0x20000a5c                mintempo
                0x20000a60                bounce
                0x20000a70                pnt
                0x20000a74                passalvl
                0x20000a78                pont
 *fill*         0x20000a7b        0x1 
 COMMON         0x20000a7c        0x8 src/main.o
                0x20000a7c                GPIO_LED_GREEN
 COMMON         0x20000a84        0x4 src/tm_stm32f4_delay.o
                0x20000a84                mult
 COMMON         0x20000a88       0x21 d:/ac6/systemworkbench/plugins/fr.ac6.mcu.externaltools.arm-none.win32_1.17.0.201812190825/tools/compiler/bin/../lib/gcc/arm-none-eabi/7.3.1/../../../../arm-none-eabi/lib/thumb/v7e-m/fpv4-sp/hard\libc.a(lib_a-lock.o)
                0x20000a88                __lock___atexit_recursive_mutex
                0x20000a8c                __lock___arc4random_mutex
                0x20000a90                __lock___env_recursive_mutex
                0x20000a94                __lock___sinit_recursive_mutex
                0x20000a98                __lock___malloc_recursive_mutex
                0x20000a9c                __lock___at_quick_exit_mutex
                0x20000aa0                __lock___dd_hash_mutex
                0x20000aa4                __lock___tz_mutex
                0x20000aa8                __lock___sfp_recursive_mutex
 *fill*         0x20000aa9        0x3 
 COMMON         0x20000aac        0x4 d:/ac6/systemworkbench/plugins/fr.ac6.mcu.externaltools.arm-none.win32_1.17.0.201812190825/tools/compiler/bin/../lib/gcc/arm-none-eabi/7.3.1/../../../../arm-none-eabi/lib/thumb/v7e-m/fpv4-sp/hard\libc.a(lib_a-reent.o)
                0x20000aac                errno
                0x20000ab0                . = ALIGN (0x4)
                0x20000ab0                _ebss = .
                0x20000ab0                __bss_end__ = _ebss

._user_heap_stack
                0x20000ab0      0x400 load address 0x08004874
                0x20000ab0                . = ALIGN (0x8)
                0x20000ab0                PROVIDE (end = .)
                [!provide]                PROVIDE (_end = .)
                0x20000ab0                . = (. + _Min_Heap_Size)
                0x20000eb0                . = (. + _Min_Stack_Size)
 *fill*         0x20000ab0      0x400 
                0x20000eb0                . = ALIGN (0x8)

/DISCARD/
 libc.a(*)
 libm.a(*)
 libgcc.a(*)

.ARM.attributes
                0x00000000       0x30
 *(.ARM.attributes)
 .ARM.attributes
                0x00000000       0x22 d:/ac6/systemworkbench/plugins/fr.ac6.mcu.externaltools.arm-none.win32_1.17.0.201812190825/tools/compiler/bin/../lib/gcc/arm-none-eabi/7.3.1/thumb/v7e-m/fpv4-sp/hard/crti.o
 .ARM.attributes
                0x00000022       0x34 d:/ac6/systemworkbench/plugins/fr.ac6.mcu.externaltools.arm-none.win32_1.17.0.201812190825/tools/compiler/bin/../lib/gcc/arm-none-eabi/7.3.1/thumb/v7e-m/fpv4-sp/hard/crtbegin.o
 .ARM.attributes
                0x00000056       0x39 StdPeriph_Driver/src/misc.o
 .ARM.attributes
                0x0000008f       0x39 StdPeriph_Driver/src/stm32f4xx_exti.o
 .ARM.attributes
                0x000000c8       0x39 StdPeriph_Driver/src/stm32f4xx_gpio.o
 .ARM.attributes
                0x00000101       0x39 StdPeriph_Driver/src/stm32f4xx_rcc.o
 .ARM.attributes
                0x0000013a       0x39 StdPeriph_Driver/src/stm32f4xx_syscfg.o
 .ARM.attributes
                0x00000173       0x39 src/display.o
 .ARM.attributes
                0x000001ac       0x39 src/irq.o
 .ARM.attributes
                0x000001e5       0x39 src/main.o
 .ARM.attributes
                0x0000021e       0x39 src/syscalls.o
 .ARM.attributes
                0x00000257       0x39 src/system_stm32f4xx.o
 .ARM.attributes
                0x00000290       0x39 src/tm_stm32f4_delay.o
 .ARM.attributes
                0x000002c9       0x39 src/tm_stm32f4_gpio.o
 .ARM.attributes
                0x00000302       0x39 src/tm_stm32f4_hd44780.o
 .ARM.attributes
                0x0000033b       0x21 startup/startup_stm32.o
 .ARM.attributes
                0x0000035c       0x34 d:/ac6/systemworkbench/plugins/fr.ac6.mcu.externaltools.arm-none.win32_1.17.0.201812190825/tools/compiler/bin/../lib/gcc/arm-none-eabi/7.3.1/../../../../arm-none-eabi/lib/thumb/v7e-m/fpv4-sp/hard\libm.a(lib_a-w_pow.o)
 .ARM.attributes
                0x00000390       0x34 d:/ac6/systemworkbench/plugins/fr.ac6.mcu.externaltools.arm-none.win32_1.17.0.201812190825/tools/compiler/bin/../lib/gcc/arm-none-eabi/7.3.1/../../../../arm-none-eabi/lib/thumb/v7e-m/fpv4-sp/hard\libm.a(lib_a-e_pow.o)
 .ARM.attributes
                0x000003c4       0x34 d:/ac6/systemworkbench/plugins/fr.ac6.mcu.externaltools.arm-none.win32_1.17.0.201812190825/tools/compiler/bin/../lib/gcc/arm-none-eabi/7.3.1/../../../../arm-none-eabi/lib/thumb/v7e-m/fpv4-sp/hard\libm.a(lib_a-e_sqrt.o)
 .ARM.attributes
                0x000003f8       0x34 d:/ac6/systemworkbench/plugins/fr.ac6.mcu.externaltools.arm-none.win32_1.17.0.201812190825/tools/compiler/bin/../lib/gcc/arm-none-eabi/7.3.1/../../../../arm-none-eabi/lib/thumb/v7e-m/fpv4-sp/hard\libm.a(lib_a-s_fabs.o)
 .ARM.attributes
                0x0000042c       0x34 d:/ac6/systemworkbench/plugins/fr.ac6.mcu.externaltools.arm-none.win32_1.17.0.201812190825/tools/compiler/bin/../lib/gcc/arm-none-eabi/7.3.1/../../../../arm-none-eabi/lib/thumb/v7e-m/fpv4-sp/hard\libm.a(lib_a-s_finite.o)
 .ARM.attributes
                0x00000460       0x34 d:/ac6/systemworkbench/plugins/fr.ac6.mcu.externaltools.arm-none.win32_1.17.0.201812190825/tools/compiler/bin/../lib/gcc/arm-none-eabi/7.3.1/../../../../arm-none-eabi/lib/thumb/v7e-m/fpv4-sp/hard\libm.a(lib_a-s_lib_ver.o)
 .ARM.attributes
                0x00000494       0x34 d:/ac6/systemworkbench/plugins/fr.ac6.mcu.externaltools.arm-none.win32_1.17.0.201812190825/tools/compiler/bin/../lib/gcc/arm-none-eabi/7.3.1/../../../../arm-none-eabi/lib/thumb/v7e-m/fpv4-sp/hard\libm.a(lib_a-s_matherr.o)
 .ARM.attributes
                0x000004c8       0x34 d:/ac6/systemworkbench/plugins/fr.ac6.mcu.externaltools.arm-none.win32_1.17.0.201812190825/tools/compiler/bin/../lib/gcc/arm-none-eabi/7.3.1/../../../../arm-none-eabi/lib/thumb/v7e-m/fpv4-sp/hard\libm.a(lib_a-s_nan.o)
 .ARM.attributes
                0x000004fc       0x34 d:/ac6/systemworkbench/plugins/fr.ac6.mcu.externaltools.arm-none.win32_1.17.0.201812190825/tools/compiler/bin/../lib/gcc/arm-none-eabi/7.3.1/../../../../arm-none-eabi/lib/thumb/v7e-m/fpv4-sp/hard\libm.a(lib_a-s_rint.o)
 .ARM.attributes
                0x00000530       0x34 d:/ac6/systemworkbench/plugins/fr.ac6.mcu.externaltools.arm-none.win32_1.17.0.201812190825/tools/compiler/bin/../lib/gcc/arm-none-eabi/7.3.1/../../../../arm-none-eabi/lib/thumb/v7e-m/fpv4-sp/hard\libm.a(lib_a-s_scalbn.o)
 .ARM.attributes
                0x00000564       0x34 d:/ac6/systemworkbench/plugins/fr.ac6.mcu.externaltools.arm-none.win32_1.17.0.201812190825/tools/compiler/bin/../lib/gcc/arm-none-eabi/7.3.1/../../../../arm-none-eabi/lib/thumb/v7e-m/fpv4-sp/hard\libm.a(lib_a-s_copysign.o)
 .ARM.attributes
                0x00000598       0x22 d:/ac6/systemworkbench/plugins/fr.ac6.mcu.externaltools.arm-none.win32_1.17.0.201812190825/tools/compiler/bin/../lib/gcc/arm-none-eabi/7.3.1/thumb/v7e-m/fpv4-sp/hard\libgcc.a(_arm_addsubdf3.o)
 .ARM.attributes
                0x000005ba       0x22 d:/ac6/systemworkbench/plugins/fr.ac6.mcu.externaltools.arm-none.win32_1.17.0.201812190825/tools/compiler/bin/../lib/gcc/arm-none-eabi/7.3.1/thumb/v7e-m/fpv4-sp/hard\libgcc.a(_arm_muldivdf3.o)
 .ARM.attributes
                0x000005dc       0x22 d:/ac6/systemworkbench/plugins/fr.ac6.mcu.externaltools.arm-none.win32_1.17.0.201812190825/tools/compiler/bin/../lib/gcc/arm-none-eabi/7.3.1/thumb/v7e-m/fpv4-sp/hard\libgcc.a(_arm_cmpdf2.o)
 .ARM.attributes
                0x000005fe       0x22 d:/ac6/systemworkbench/plugins/fr.ac6.mcu.externaltools.arm-none.win32_1.17.0.201812190825/tools/compiler/bin/../lib/gcc/arm-none-eabi/7.3.1/thumb/v7e-m/fpv4-sp/hard\libgcc.a(_arm_unorddf2.o)
 .ARM.attributes
                0x00000620       0x22 d:/ac6/systemworkbench/plugins/fr.ac6.mcu.externaltools.arm-none.win32_1.17.0.201812190825/tools/compiler/bin/../lib/gcc/arm-none-eabi/7.3.1/thumb/v7e-m/fpv4-sp/hard\libgcc.a(_arm_fixdfsi.o)
 .ARM.attributes
                0x00000642       0x34 d:/ac6/systemworkbench/plugins/fr.ac6.mcu.externaltools.arm-none.win32_1.17.0.201812190825/tools/compiler/bin/../lib/gcc/arm-none-eabi/7.3.1/../../../../arm-none-eabi/lib/thumb/v7e-m/fpv4-sp/hard\libc.a(lib_a-errno.o)
 .ARM.attributes
                0x00000676       0x34 d:/ac6/systemworkbench/plugins/fr.ac6.mcu.externaltools.arm-none.win32_1.17.0.201812190825/tools/compiler/bin/../lib/gcc/arm-none-eabi/7.3.1/../../../../arm-none-eabi/lib/thumb/v7e-m/fpv4-sp/hard\libc.a(lib_a-impure.o)
 .ARM.attributes
                0x000006aa       0x34 d:/ac6/systemworkbench/plugins/fr.ac6.mcu.externaltools.arm-none.win32_1.17.0.201812190825/tools/compiler/bin/../lib/gcc/arm-none-eabi/7.3.1/../../../../arm-none-eabi/lib/thumb/v7e-m/fpv4-sp/hard\libc.a(lib_a-init.o)
 .ARM.attributes
                0x000006de       0x34 d:/ac6/systemworkbench/plugins/fr.ac6.mcu.externaltools.arm-none.win32_1.17.0.201812190825/tools/compiler/bin/../lib/gcc/arm-none-eabi/7.3.1/../../../../arm-none-eabi/lib/thumb/v7e-m/fpv4-sp/hard\libc.a(lib_a-itoa.o)
 .ARM.attributes
                0x00000712       0x34 d:/ac6/systemworkbench/plugins/fr.ac6.mcu.externaltools.arm-none.win32_1.17.0.201812190825/tools/compiler/bin/../lib/gcc/arm-none-eabi/7.3.1/../../../../arm-none-eabi/lib/thumb/v7e-m/fpv4-sp/hard\libc.a(lib_a-malloc.o)
 .ARM.attributes
                0x00000746       0x34 d:/ac6/systemworkbench/plugins/fr.ac6.mcu.externaltools.arm-none.win32_1.17.0.201812190825/tools/compiler/bin/../lib/gcc/arm-none-eabi/7.3.1/../../../../arm-none-eabi/lib/thumb/v7e-m/fpv4-sp/hard\libc.a(lib_a-mallocr.o)
 .ARM.attributes
                0x0000077a       0x34 d:/ac6/systemworkbench/plugins/fr.ac6.mcu.externaltools.arm-none.win32_1.17.0.201812190825/tools/compiler/bin/../lib/gcc/arm-none-eabi/7.3.1/../../../../arm-none-eabi/lib/thumb/v7e-m/fpv4-sp/hard\libc.a(lib_a-mlock.o)
 .ARM.attributes
                0x000007ae       0x34 d:/ac6/systemworkbench/plugins/fr.ac6.mcu.externaltools.arm-none.win32_1.17.0.201812190825/tools/compiler/bin/../lib/gcc/arm-none-eabi/7.3.1/../../../../arm-none-eabi/lib/thumb/v7e-m/fpv4-sp/hard\libc.a(lib_a-rand.o)
 .ARM.attributes
                0x000007e2       0x34 d:/ac6/systemworkbench/plugins/fr.ac6.mcu.externaltools.arm-none.win32_1.17.0.201812190825/tools/compiler/bin/../lib/gcc/arm-none-eabi/7.3.1/../../../../arm-none-eabi/lib/thumb/v7e-m/fpv4-sp/hard\libc.a(lib_a-sbrkr.o)
 .ARM.attributes
                0x00000816       0x34 d:/ac6/systemworkbench/plugins/fr.ac6.mcu.externaltools.arm-none.win32_1.17.0.201812190825/tools/compiler/bin/../lib/gcc/arm-none-eabi/7.3.1/../../../../arm-none-eabi/lib/thumb/v7e-m/fpv4-sp/hard\libc.a(lib_a-utoa.o)
 .ARM.attributes
                0x0000084a       0x34 d:/ac6/systemworkbench/plugins/fr.ac6.mcu.externaltools.arm-none.win32_1.17.0.201812190825/tools/compiler/bin/../lib/gcc/arm-none-eabi/7.3.1/../../../../arm-none-eabi/lib/thumb/v7e-m/fpv4-sp/hard\libc.a(lib_a-__call_atexit.o)
 .ARM.attributes
                0x0000087e       0x34 d:/ac6/systemworkbench/plugins/fr.ac6.mcu.externaltools.arm-none.win32_1.17.0.201812190825/tools/compiler/bin/../lib/gcc/arm-none-eabi/7.3.1/../../../../arm-none-eabi/lib/thumb/v7e-m/fpv4-sp/hard\libc.a(lib_a-atexit.o)
 .ARM.attributes
                0x000008b2       0x34 d:/ac6/systemworkbench/plugins/fr.ac6.mcu.externaltools.arm-none.win32_1.17.0.201812190825/tools/compiler/bin/../lib/gcc/arm-none-eabi/7.3.1/../../../../arm-none-eabi/lib/thumb/v7e-m/fpv4-sp/hard\libc.a(lib_a-fini.o)
 .ARM.attributes
                0x000008e6       0x34 d:/ac6/systemworkbench/plugins/fr.ac6.mcu.externaltools.arm-none.win32_1.17.0.201812190825/tools/compiler/bin/../lib/gcc/arm-none-eabi/7.3.1/../../../../arm-none-eabi/lib/thumb/v7e-m/fpv4-sp/hard\libc.a(lib_a-freer.o)
 .ARM.attributes
                0x0000091a       0x34 d:/ac6/systemworkbench/plugins/fr.ac6.mcu.externaltools.arm-none.win32_1.17.0.201812190825/tools/compiler/bin/../lib/gcc/arm-none-eabi/7.3.1/../../../../arm-none-eabi/lib/thumb/v7e-m/fpv4-sp/hard\libc.a(lib_a-lock.o)
 .ARM.attributes
                0x0000094e       0x34 d:/ac6/systemworkbench/plugins/fr.ac6.mcu.externaltools.arm-none.win32_1.17.0.201812190825/tools/compiler/bin/../lib/gcc/arm-none-eabi/7.3.1/../../../../arm-none-eabi/lib/thumb/v7e-m/fpv4-sp/hard\libc.a(lib_a-reent.o)
 .ARM.attributes
                0x00000982       0x34 d:/ac6/systemworkbench/plugins/fr.ac6.mcu.externaltools.arm-none.win32_1.17.0.201812190825/tools/compiler/bin/../lib/gcc/arm-none-eabi/7.3.1/../../../../arm-none-eabi/lib/thumb/v7e-m/fpv4-sp/hard\libc.a(lib_a-__atexit.o)
 .ARM.attributes
                0x000009b6       0x22 d:/ac6/systemworkbench/plugins/fr.ac6.mcu.externaltools.arm-none.win32_1.17.0.201812190825/tools/compiler/bin/../lib/gcc/arm-none-eabi/7.3.1/thumb/v7e-m/fpv4-sp/hard/crtn.o
OUTPUT(Game.elf elf32-littlearm)

.debug_info     0x00000000     0x87b0
 .debug_info    0x00000000      0x54b StdPeriph_Driver/src/misc.o
 .debug_info    0x0000054b      0x358 StdPeriph_Driver/src/stm32f4xx_exti.o
 .debug_info    0x000008a3      0x62b StdPeriph_Driver/src/stm32f4xx_gpio.o
 .debug_info    0x00000ece      0xd6d StdPeriph_Driver/src/stm32f4xx_rcc.o
 .debug_info    0x00001c3b      0x2a6 StdPeriph_Driver/src/stm32f4xx_syscfg.o
 .debug_info    0x00001ee1      0xeb7 src/display.o
 .debug_info    0x00002d98      0xff7 src/irq.o
 .debug_info    0x00003d8f      0xd6e src/main.o
 .debug_info    0x00004afd      0xf2e src/syscalls.o
 .debug_info    0x00005a2b      0x5be src/system_stm32f4xx.o
 .debug_info    0x00005fe9     0x11b6 src/tm_stm32f4_delay.o
 .debug_info    0x0000719f      0x87d src/tm_stm32f4_gpio.o
 .debug_info    0x00007a1c      0xd72 src/tm_stm32f4_hd44780.o
 .debug_info    0x0000878e       0x22 startup/startup_stm32.o

.debug_abbrev   0x00000000     0x1bc2
 .debug_abbrev  0x00000000      0x177 StdPeriph_Driver/src/misc.o
 .debug_abbrev  0x00000177      0x1c3 StdPeriph_Driver/src/stm32f4xx_exti.o
 .debug_abbrev  0x0000033a      0x1bf StdPeriph_Driver/src/stm32f4xx_gpio.o
 .debug_abbrev  0x000004f9      0x1d4 StdPeriph_Driver/src/stm32f4xx_rcc.o
 .debug_abbrev  0x000006cd      0x14b StdPeriph_Driver/src/stm32f4xx_syscfg.o
 .debug_abbrev  0x00000818      0x2f5 src/display.o
 .debug_abbrev  0x00000b0d      0x27d src/irq.o
 .debug_abbrev  0x00000d8a      0x2d2 src/main.o
 .debug_abbrev  0x0000105c      0x2aa src/syscalls.o
 .debug_abbrev  0x00001306      0x138 src/system_stm32f4xx.o
 .debug_abbrev  0x0000143e      0x37d src/tm_stm32f4_delay.o
 .debug_abbrev  0x000017bb      0x181 src/tm_stm32f4_gpio.o
 .debug_abbrev  0x0000193c      0x274 src/tm_stm32f4_hd44780.o
 .debug_abbrev  0x00001bb0       0x12 startup/startup_stm32.o

.debug_aranges  0x00000000      0x6c0
 .debug_aranges
                0x00000000       0x40 StdPeriph_Driver/src/misc.o
 .debug_aranges
                0x00000040       0x58 StdPeriph_Driver/src/stm32f4xx_exti.o
 .debug_aranges
                0x00000098       0x88 StdPeriph_Driver/src/stm32f4xx_gpio.o
 .debug_aranges
                0x00000120      0x198 StdPeriph_Driver/src/stm32f4xx_rcc.o
 .debug_aranges
                0x000002b8       0x50 StdPeriph_Driver/src/stm32f4xx_syscfg.o
 .debug_aranges
                0x00000308       0x60 src/display.o
 .debug_aranges
                0x00000368       0x58 src/irq.o
 .debug_aranges
                0x000003c0       0x30 src/main.o
 .debug_aranges
                0x000003f0       0xb0 src/syscalls.o
 .debug_aranges
                0x000004a0       0x30 src/system_stm32f4xx.o
 .debug_aranges
                0x000004d0       0x80 src/tm_stm32f4_delay.o
 .debug_aranges
                0x00000550       0x98 src/tm_stm32f4_gpio.o
 .debug_aranges
                0x000005e8       0xb0 src/tm_stm32f4_hd44780.o
 .debug_aranges
                0x00000698       0x28 startup/startup_stm32.o

.debug_ranges   0x00000000      0x5e8
 .debug_ranges  0x00000000       0x30 StdPeriph_Driver/src/misc.o
 .debug_ranges  0x00000030       0x48 StdPeriph_Driver/src/stm32f4xx_exti.o
 .debug_ranges  0x00000078       0x78 StdPeriph_Driver/src/stm32f4xx_gpio.o
 .debug_ranges  0x000000f0      0x188 StdPeriph_Driver/src/stm32f4xx_rcc.o
 .debug_ranges  0x00000278       0x40 StdPeriph_Driver/src/stm32f4xx_syscfg.o
 .debug_ranges  0x000002b8       0x50 src/display.o
 .debug_ranges  0x00000308       0x48 src/irq.o
 .debug_ranges  0x00000350       0x20 src/main.o
 .debug_ranges  0x00000370       0xa0 src/syscalls.o
 .debug_ranges  0x00000410       0x20 src/system_stm32f4xx.o
 .debug_ranges  0x00000430       0x70 src/tm_stm32f4_delay.o
 .debug_ranges  0x000004a0       0x88 src/tm_stm32f4_gpio.o
 .debug_ranges  0x00000528       0xa0 src/tm_stm32f4_hd44780.o
 .debug_ranges  0x000005c8       0x20 startup/startup_stm32.o

.debug_macro    0x00000000    0x10bf8
 .debug_macro   0x00000000      0x191 StdPeriph_Driver/src/misc.o
 .debug_macro   0x00000191      0xa72 StdPeriph_Driver/src/misc.o
 .debug_macro   0x00000c03       0x65 StdPeriph_Driver/src/misc.o
 .debug_macro   0x00000c68       0x3b StdPeriph_Driver/src/misc.o
 .debug_macro   0x00000ca3       0x22 StdPeriph_Driver/src/misc.o
 .debug_macro   0x00000cc5       0x8e StdPeriph_Driver/src/misc.o
 .debug_macro   0x00000d53       0x51 StdPeriph_Driver/src/misc.o
 .debug_macro   0x00000da4       0xef StdPeriph_Driver/src/misc.o
 .debug_macro   0x00000e93       0x6a StdPeriph_Driver/src/misc.o
 .debug_macro   0x00000efd      0x1df StdPeriph_Driver/src/misc.o
 .debug_macro   0x000010dc       0x34 StdPeriph_Driver/src/misc.o
 .debug_macro   0x00001110       0x26 StdPeriph_Driver/src/misc.o
 .debug_macro   0x00001136      0xe43 StdPeriph_Driver/src/misc.o
 .debug_macro   0x00001f79     0x7fd9 StdPeriph_Driver/src/misc.o
 .debug_macro   0x00009f52      0x44f StdPeriph_Driver/src/misc.o
 .debug_macro   0x0000a3a1       0xb2 StdPeriph_Driver/src/misc.o
 .debug_macro   0x0000a453      0x477 StdPeriph_Driver/src/misc.o
 .debug_macro   0x0000a8ca       0xb5 StdPeriph_Driver/src/misc.o
 .debug_macro   0x0000a97f      0x41c StdPeriph_Driver/src/misc.o
 .debug_macro   0x0000ad9b      0x2f4 StdPeriph_Driver/src/misc.o
 .debug_macro   0x0000b08f      0x2ba StdPeriph_Driver/src/misc.o
 .debug_macro   0x0000b349       0x64 StdPeriph_Driver/src/misc.o
 .debug_macro   0x0000b3ad       0xee StdPeriph_Driver/src/misc.o
 .debug_macro   0x0000b49b      0x64a StdPeriph_Driver/src/misc.o
 .debug_macro   0x0000bae5      0x59e StdPeriph_Driver/src/misc.o
 .debug_macro   0x0000c083      0x342 StdPeriph_Driver/src/misc.o
 .debug_macro   0x0000c3c5      0x36c StdPeriph_Driver/src/misc.o
 .debug_macro   0x0000c731      0x10d StdPeriph_Driver/src/misc.o
 .debug_macro   0x0000c83e      0x73b StdPeriph_Driver/src/misc.o
 .debug_macro   0x0000cf79      0x223 StdPeriph_Driver/src/misc.o
 .debug_macro   0x0000d19c       0x34 StdPeriph_Driver/src/misc.o
 .debug_macro   0x0000d1d0       0x10 StdPeriph_Driver/src/misc.o
 .debug_macro   0x0000d1e0       0x35 StdPeriph_Driver/src/misc.o
 .debug_macro   0x0000d215       0x7c StdPeriph_Driver/src/misc.o
 .debug_macro   0x0000d291      0x191 StdPeriph_Driver/src/stm32f4xx_exti.o
 .debug_macro   0x0000d422       0xaf StdPeriph_Driver/src/stm32f4xx_exti.o
 .debug_macro   0x0000d4d1      0x18f StdPeriph_Driver/src/stm32f4xx_gpio.o
 .debug_macro   0x0000d660      0x2ee StdPeriph_Driver/src/stm32f4xx_gpio.o
 .debug_macro   0x0000d94e      0x25e StdPeriph_Driver/src/stm32f4xx_rcc.o
 .debug_macro   0x0000dbac      0x1dd StdPeriph_Driver/src/stm32f4xx_syscfg.o
 .debug_macro   0x0000dd89      0x107 StdPeriph_Driver/src/stm32f4xx_syscfg.o
 .debug_macro   0x0000de90      0x29f src/display.o
 .debug_macro   0x0000e12f       0x58 src/display.o
 .debug_macro   0x0000e187       0x18 src/display.o
 .debug_macro   0x0000e19f       0x94 src/display.o
 .debug_macro   0x0000e233       0x35 src/display.o
 .debug_macro   0x0000e268       0x34 src/display.o
 .debug_macro   0x0000e29c      0x174 src/display.o
 .debug_macro   0x0000e410       0x57 src/display.o
 .debug_macro   0x0000e467       0x58 src/display.o
 .debug_macro   0x0000e4bf       0x1f src/display.o
 .debug_macro   0x0000e4de       0x43 src/display.o
 .debug_macro   0x0000e521       0x20 src/display.o
 .debug_macro   0x0000e541      0x18e src/display.o
 .debug_macro   0x0000e6cf      0x330 src/display.o
 .debug_macro   0x0000e9ff      0x1e1 src/display.o
 .debug_macro   0x0000ebe0       0x10 src/display.o
 .debug_macro   0x0000ebf0       0x10 src/display.o
 .debug_macro   0x0000ec00       0x16 src/display.o
 .debug_macro   0x0000ec16       0x35 src/display.o
 .debug_macro   0x0000ec4b       0x16 src/display.o
 .debug_macro   0x0000ec61       0x29 src/display.o
 .debug_macro   0x0000ec8a       0x35 src/display.o
 .debug_macro   0x0000ecbf       0xaf src/display.o
 .debug_macro   0x0000ed6e       0x58 src/display.o
 .debug_macro   0x0000edc6      0x2af src/irq.o
 .debug_macro   0x0000f075       0x16 src/irq.o
 .debug_macro   0x0000f08b       0x5e src/irq.o
 .debug_macro   0x0000f0e9      0x10e src/irq.o
 .debug_macro   0x0000f1f7       0x8d src/irq.o
 .debug_macro   0x0000f284      0x381 src/main.o
 .debug_macro   0x0000f605       0x16 src/main.o
 .debug_macro   0x0000f61b       0x10 src/main.o
 .debug_macro   0x0000f62b       0x10 src/main.o
 .debug_macro   0x0000f63b       0x10 src/main.o
 .debug_macro   0x0000f64b       0x1c src/main.o
 .debug_macro   0x0000f667       0x52 src/main.o
 .debug_macro   0x0000f6b9       0x40 src/main.o
 .debug_macro   0x0000f6f9       0x10 src/main.o
 .debug_macro   0x0000f709       0x40 src/main.o
 .debug_macro   0x0000f749       0xd7 src/main.o
 .debug_macro   0x0000f820       0x1c src/main.o
 .debug_macro   0x0000f83c       0x3d src/main.o
 .debug_macro   0x0000f879       0x35 src/main.o
 .debug_macro   0x0000f8ae      0x243 src/syscalls.o
 .debug_macro   0x0000faf1       0x10 src/syscalls.o
 .debug_macro   0x0000fb01      0x122 src/syscalls.o
 .debug_macro   0x0000fc23       0x10 src/syscalls.o
 .debug_macro   0x0000fc33      0x241 src/syscalls.o
 .debug_macro   0x0000fe74       0x1c src/syscalls.o
 .debug_macro   0x0000fe90       0x10 src/syscalls.o
 .debug_macro   0x0000fea0       0x10 src/syscalls.o
 .debug_macro   0x0000feb0       0x16 src/syscalls.o
 .debug_macro   0x0000fec6      0x16f src/syscalls.o
 .debug_macro   0x00010035      0x189 src/syscalls.o
 .debug_macro   0x000101be       0x16 src/syscalls.o
 .debug_macro   0x000101d4       0x88 src/syscalls.o
 .debug_macro   0x0001025c      0x1a5 src/system_stm32f4xx.o
 .debug_macro   0x00010401      0x26f src/tm_stm32f4_delay.o
 .debug_macro   0x00010670      0x19d src/tm_stm32f4_gpio.o
 .debug_macro   0x0001080d       0xa9 src/tm_stm32f4_gpio.o
 .debug_macro   0x000108b6      0x342 src/tm_stm32f4_hd44780.o

.debug_line     0x00000000     0x5c58
 .debug_line    0x00000000      0x5c3 StdPeriph_Driver/src/misc.o
 .debug_line    0x000005c3      0x611 StdPeriph_Driver/src/stm32f4xx_exti.o
 .debug_line    0x00000bd4      0x6e9 StdPeriph_Driver/src/stm32f4xx_gpio.o
 .debug_line    0x000012bd      0x973 StdPeriph_Driver/src/stm32f4xx_rcc.o
 .debug_line    0x00001c30      0x5e4 StdPeriph_Driver/src/stm32f4xx_syscfg.o
 .debug_line    0x00002214      0x806 src/display.o
 .debug_line    0x00002a1a      0x735 src/irq.o
 .debug_line    0x0000314f      0x7a9 src/main.o
 .debug_line    0x000038f8      0x5df src/syscalls.o
 .debug_line    0x00003ed7      0x5ba src/system_stm32f4xx.o
 .debug_line    0x00004491      0x7b0 src/tm_stm32f4_delay.o
 .debug_line    0x00004c41      0x73b src/tm_stm32f4_gpio.o
 .debug_line    0x0000537c      0x860 src/tm_stm32f4_hd44780.o
 .debug_line    0x00005bdc       0x7c startup/startup_stm32.o

.debug_str      0x00000000    0x5b761
 .debug_str     0x00000000    0x53046 StdPeriph_Driver/src/misc.o
                              0x531e8 (size before relaxing)
 .debug_str     0x00053046      0x1d8 StdPeriph_Driver/src/stm32f4xx_exti.o
                              0x5315e (size before relaxing)
 .debug_str     0x0005321e      0x234 StdPeriph_Driver/src/stm32f4xx_gpio.o
                              0x53290 (size before relaxing)
 .debug_str     0x00053452      0xcbe StdPeriph_Driver/src/stm32f4xx_rcc.o
                              0x53cef (size before relaxing)
 .debug_str     0x00054110      0x40c StdPeriph_Driver/src/stm32f4xx_syscfg.o
                              0x533ae (size before relaxing)
 .debug_str     0x0005451c     0x3f11 src/display.o
                              0x5703c (size before relaxing)
 .debug_str     0x0005842d      0x427 src/irq.o
                              0x57642 (size before relaxing)
 .debug_str     0x00058854      0xce4 src/main.o
                              0x57dd8 (size before relaxing)
 .debug_str     0x00059538     0x16e0 src/syscalls.o
                               0x859d (size before relaxing)
 .debug_str     0x0005ac18       0xae src/system_stm32f4xx.o
                              0x531b0 (size before relaxing)
 .debug_str     0x0005acc6      0x1fb src/tm_stm32f4_delay.o
                              0x566bf (size before relaxing)
 .debug_str     0x0005aec1      0x29f src/tm_stm32f4_gpio.o
                              0x53865 (size before relaxing)
 .debug_str     0x0005b160      0x5d8 src/tm_stm32f4_hd44780.o
                              0x56cf1 (size before relaxing)
 .debug_str     0x0005b738       0x29 startup/startup_stm32.o
                                 0x4d (size before relaxing)

.comment        0x00000000       0x7f
 .comment       0x00000000       0x7f StdPeriph_Driver/src/misc.o
                                 0x80 (size before relaxing)
 .comment       0x0000007f       0x80 StdPeriph_Driver/src/stm32f4xx_exti.o
 .comment       0x0000007f       0x80 StdPeriph_Driver/src/stm32f4xx_gpio.o
 .comment       0x0000007f       0x80 StdPeriph_Driver/src/stm32f4xx_rcc.o
 .comment       0x0000007f       0x80 StdPeriph_Driver/src/stm32f4xx_syscfg.o
 .comment       0x0000007f       0x80 src/display.o
 .comment       0x0000007f       0x80 src/irq.o
 .comment       0x0000007f       0x80 src/main.o
 .comment       0x0000007f       0x80 src/syscalls.o
 .comment       0x0000007f       0x80 src/system_stm32f4xx.o
 .comment       0x0000007f       0x80 src/tm_stm32f4_delay.o
 .comment       0x0000007f       0x80 src/tm_stm32f4_gpio.o
 .comment       0x0000007f       0x80 src/tm_stm32f4_hd44780.o

.debug_frame    0x00000000     0x2224
 .debug_frame   0x00000000       0xd8 StdPeriph_Driver/src/misc.o
 .debug_frame   0x000000d8      0x148 StdPeriph_Driver/src/stm32f4xx_exti.o
 .debug_frame   0x00000220      0x23c StdPeriph_Driver/src/stm32f4xx_gpio.o
 .debug_frame   0x0000045c      0x774 StdPeriph_Driver/src/stm32f4xx_rcc.o
 .debug_frame   0x00000bd0      0x11c StdPeriph_Driver/src/stm32f4xx_syscfg.o
 .debug_frame   0x00000cec      0x140 src/display.o
 .debug_frame   0x00000e2c      0x110 src/irq.o
 .debug_frame   0x00000f3c       0x70 src/main.o
 .debug_frame   0x00000fac      0x2d0 src/syscalls.o
 .debug_frame   0x0000127c       0x74 src/system_stm32f4xx.o
 .debug_frame   0x000012f0      0x1ec src/tm_stm32f4_delay.o
 .debug_frame   0x000014dc      0x274 src/tm_stm32f4_gpio.o
 .debug_frame   0x00001750      0x278 src/tm_stm32f4_hd44780.o
 .debug_frame   0x000019c8       0x50 d:/ac6/systemworkbench/plugins/fr.ac6.mcu.externaltools.arm-none.win32_1.17.0.201812190825/tools/compiler/bin/../lib/gcc/arm-none-eabi/7.3.1/../../../../arm-none-eabi/lib/thumb/v7e-m/fpv4-sp/hard\libm.a(lib_a-w_pow.o)
 .debug_frame   0x00001a18       0x68 d:/ac6/systemworkbench/plugins/fr.ac6.mcu.externaltools.arm-none.win32_1.17.0.201812190825/tools/compiler/bin/../lib/gcc/arm-none-eabi/7.3.1/../../../../arm-none-eabi/lib/thumb/v7e-m/fpv4-sp/hard\libm.a(lib_a-e_pow.o)
 .debug_frame   0x00001a80       0x30 d:/ac6/systemworkbench/plugins/fr.ac6.mcu.externaltools.arm-none.win32_1.17.0.201812190825/tools/compiler/bin/../lib/gcc/arm-none-eabi/7.3.1/../../../../arm-none-eabi/lib/thumb/v7e-m/fpv4-sp/hard\libm.a(lib_a-e_sqrt.o)
 .debug_frame   0x00001ab0       0x20 d:/ac6/systemworkbench/plugins/fr.ac6.mcu.externaltools.arm-none.win32_1.17.0.201812190825/tools/compiler/bin/../lib/gcc/arm-none-eabi/7.3.1/../../../../arm-none-eabi/lib/thumb/v7e-m/fpv4-sp/hard\libm.a(lib_a-s_fabs.o)
 .debug_frame   0x00001ad0       0x20 d:/ac6/systemworkbench/plugins/fr.ac6.mcu.externaltools.arm-none.win32_1.17.0.201812190825/tools/compiler/bin/../lib/gcc/arm-none-eabi/7.3.1/../../../../arm-none-eabi/lib/thumb/v7e-m/fpv4-sp/hard\libm.a(lib_a-s_finite.o)
 .debug_frame   0x00001af0       0x20 d:/ac6/systemworkbench/plugins/fr.ac6.mcu.externaltools.arm-none.win32_1.17.0.201812190825/tools/compiler/bin/../lib/gcc/arm-none-eabi/7.3.1/../../../../arm-none-eabi/lib/thumb/v7e-m/fpv4-sp/hard\libm.a(lib_a-s_matherr.o)
 .debug_frame   0x00001b10       0x20 d:/ac6/systemworkbench/plugins/fr.ac6.mcu.externaltools.arm-none.win32_1.17.0.201812190825/tools/compiler/bin/../lib/gcc/arm-none-eabi/7.3.1/../../../../arm-none-eabi/lib/thumb/v7e-m/fpv4-sp/hard\libm.a(lib_a-s_nan.o)
 .debug_frame   0x00001b30       0x38 d:/ac6/systemworkbench/plugins/fr.ac6.mcu.externaltools.arm-none.win32_1.17.0.201812190825/tools/compiler/bin/../lib/gcc/arm-none-eabi/7.3.1/../../../../arm-none-eabi/lib/thumb/v7e-m/fpv4-sp/hard\libm.a(lib_a-s_rint.o)
 .debug_frame   0x00001b68       0x2c d:/ac6/systemworkbench/plugins/fr.ac6.mcu.externaltools.arm-none.win32_1.17.0.201812190825/tools/compiler/bin/../lib/gcc/arm-none-eabi/7.3.1/../../../../arm-none-eabi/lib/thumb/v7e-m/fpv4-sp/hard\libm.a(lib_a-s_scalbn.o)
 .debug_frame   0x00001b94       0x20 d:/ac6/systemworkbench/plugins/fr.ac6.mcu.externaltools.arm-none.win32_1.17.0.201812190825/tools/compiler/bin/../lib/gcc/arm-none-eabi/7.3.1/../../../../arm-none-eabi/lib/thumb/v7e-m/fpv4-sp/hard\libm.a(lib_a-s_copysign.o)
 .debug_frame   0x00001bb4       0xac d:/ac6/systemworkbench/plugins/fr.ac6.mcu.externaltools.arm-none.win32_1.17.0.201812190825/tools/compiler/bin/../lib/gcc/arm-none-eabi/7.3.1/thumb/v7e-m/fpv4-sp/hard\libgcc.a(_arm_addsubdf3.o)
 .debug_frame   0x00001c60       0x50 d:/ac6/systemworkbench/plugins/fr.ac6.mcu.externaltools.arm-none.win32_1.17.0.201812190825/tools/compiler/bin/../lib/gcc/arm-none-eabi/7.3.1/thumb/v7e-m/fpv4-sp/hard\libgcc.a(_arm_muldivdf3.o)
 .debug_frame   0x00001cb0       0xc4 d:/ac6/systemworkbench/plugins/fr.ac6.mcu.externaltools.arm-none.win32_1.17.0.201812190825/tools/compiler/bin/../lib/gcc/arm-none-eabi/7.3.1/thumb/v7e-m/fpv4-sp/hard\libgcc.a(_arm_cmpdf2.o)
 .debug_frame   0x00001d74       0x20 d:/ac6/systemworkbench/plugins/fr.ac6.mcu.externaltools.arm-none.win32_1.17.0.201812190825/tools/compiler/bin/../lib/gcc/arm-none-eabi/7.3.1/thumb/v7e-m/fpv4-sp/hard\libgcc.a(_arm_unorddf2.o)
 .debug_frame   0x00001d94       0x24 d:/ac6/systemworkbench/plugins/fr.ac6.mcu.externaltools.arm-none.win32_1.17.0.201812190825/tools/compiler/bin/../lib/gcc/arm-none-eabi/7.3.1/thumb/v7e-m/fpv4-sp/hard\libgcc.a(_arm_fixdfsi.o)
 .debug_frame   0x00001db8       0x20 d:/ac6/systemworkbench/plugins/fr.ac6.mcu.externaltools.arm-none.win32_1.17.0.201812190825/tools/compiler/bin/../lib/gcc/arm-none-eabi/7.3.1/../../../../arm-none-eabi/lib/thumb/v7e-m/fpv4-sp/hard\libc.a(lib_a-errno.o)
 .debug_frame   0x00001dd8       0x2c d:/ac6/systemworkbench/plugins/fr.ac6.mcu.externaltools.arm-none.win32_1.17.0.201812190825/tools/compiler/bin/../lib/gcc/arm-none-eabi/7.3.1/../../../../arm-none-eabi/lib/thumb/v7e-m/fpv4-sp/hard\libc.a(lib_a-init.o)
 .debug_frame   0x00001e04       0x3c d:/ac6/systemworkbench/plugins/fr.ac6.mcu.externaltools.arm-none.win32_1.17.0.201812190825/tools/compiler/bin/../lib/gcc/arm-none-eabi/7.3.1/../../../../arm-none-eabi/lib/thumb/v7e-m/fpv4-sp/hard\libc.a(lib_a-itoa.o)
 .debug_frame   0x00001e40       0x30 d:/ac6/systemworkbench/plugins/fr.ac6.mcu.externaltools.arm-none.win32_1.17.0.201812190825/tools/compiler/bin/../lib/gcc/arm-none-eabi/7.3.1/../../../../arm-none-eabi/lib/thumb/v7e-m/fpv4-sp/hard\libc.a(lib_a-malloc.o)
 .debug_frame   0x00001e70       0x54 d:/ac6/systemworkbench/plugins/fr.ac6.mcu.externaltools.arm-none.win32_1.17.0.201812190825/tools/compiler/bin/../lib/gcc/arm-none-eabi/7.3.1/../../../../arm-none-eabi/lib/thumb/v7e-m/fpv4-sp/hard\libc.a(lib_a-mallocr.o)
 .debug_frame   0x00001ec4       0x30 d:/ac6/systemworkbench/plugins/fr.ac6.mcu.externaltools.arm-none.win32_1.17.0.201812190825/tools/compiler/bin/../lib/gcc/arm-none-eabi/7.3.1/../../../../arm-none-eabi/lib/thumb/v7e-m/fpv4-sp/hard\libc.a(lib_a-mlock.o)
 .debug_frame   0x00001ef4       0x3c d:/ac6/systemworkbench/plugins/fr.ac6.mcu.externaltools.arm-none.win32_1.17.0.201812190825/tools/compiler/bin/../lib/gcc/arm-none-eabi/7.3.1/../../../../arm-none-eabi/lib/thumb/v7e-m/fpv4-sp/hard\libc.a(lib_a-rand.o)
 .debug_frame   0x00001f30       0x2c d:/ac6/systemworkbench/plugins/fr.ac6.mcu.externaltools.arm-none.win32_1.17.0.201812190825/tools/compiler/bin/../lib/gcc/arm-none-eabi/7.3.1/../../../../arm-none-eabi/lib/thumb/v7e-m/fpv4-sp/hard\libc.a(lib_a-sbrkr.o)
 .debug_frame   0x00001f5c       0x4c d:/ac6/systemworkbench/plugins/fr.ac6.mcu.externaltools.arm-none.win32_1.17.0.201812190825/tools/compiler/bin/../lib/gcc/arm-none-eabi/7.3.1/../../../../arm-none-eabi/lib/thumb/v7e-m/fpv4-sp/hard\libc.a(lib_a-utoa.o)
 .debug_frame   0x00001fa8       0x5c d:/ac6/systemworkbench/plugins/fr.ac6.mcu.externaltools.arm-none.win32_1.17.0.201812190825/tools/compiler/bin/../lib/gcc/arm-none-eabi/7.3.1/../../../../arm-none-eabi/lib/thumb/v7e-m/fpv4-sp/hard\libc.a(lib_a-__call_atexit.o)
 .debug_frame   0x00002004       0x20 d:/ac6/systemworkbench/plugins/fr.ac6.mcu.externaltools.arm-none.win32_1.17.0.201812190825/tools/compiler/bin/../lib/gcc/arm-none-eabi/7.3.1/../../../../arm-none-eabi/lib/thumb/v7e-m/fpv4-sp/hard\libc.a(lib_a-atexit.o)
 .debug_frame   0x00002024       0x34 d:/ac6/systemworkbench/plugins/fr.ac6.mcu.externaltools.arm-none.win32_1.17.0.201812190825/tools/compiler/bin/../lib/gcc/arm-none-eabi/7.3.1/../../../../arm-none-eabi/lib/thumb/v7e-m/fpv4-sp/hard\libc.a(lib_a-fini.o)
 .debug_frame   0x00002058       0x80 d:/ac6/systemworkbench/plugins/fr.ac6.mcu.externaltools.arm-none.win32_1.17.0.201812190825/tools/compiler/bin/../lib/gcc/arm-none-eabi/7.3.1/../../../../arm-none-eabi/lib/thumb/v7e-m/fpv4-sp/hard\libc.a(lib_a-freer.o)
 .debug_frame   0x000020d8       0xb0 d:/ac6/systemworkbench/plugins/fr.ac6.mcu.externaltools.arm-none.win32_1.17.0.201812190825/tools/compiler/bin/../lib/gcc/arm-none-eabi/7.3.1/../../../../arm-none-eabi/lib/thumb/v7e-m/fpv4-sp/hard\libc.a(lib_a-lock.o)
 .debug_frame   0x00002188       0x68 d:/ac6/systemworkbench/plugins/fr.ac6.mcu.externaltools.arm-none.win32_1.17.0.201812190825/tools/compiler/bin/../lib/gcc/arm-none-eabi/7.3.1/../../../../arm-none-eabi/lib/thumb/v7e-m/fpv4-sp/hard\libc.a(lib_a-reent.o)
 .debug_frame   0x000021f0       0x34 d:/ac6/systemworkbench/plugins/fr.ac6.mcu.externaltools.arm-none.win32_1.17.0.201812190825/tools/compiler/bin/../lib/gcc/arm-none-eabi/7.3.1/../../../../arm-none-eabi/lib/thumb/v7e-m/fpv4-sp/hard\libc.a(lib_a-__atexit.o)
